\BOOKMARK [0][-]{chapter.1}{\376\377\0001\000\040\000R\000E\000A\000D\000M\000E}{}% 1
\BOOKMARK [0][-]{chapter.2}{\376\377\0002\000\040\000N\000a\000m\000e\000s\000p\000a\000c\000e\000\040\000I\000n\000d\000e\000x}{}% 2
\BOOKMARK [1][-]{section.2.1}{\376\377\0002\000.\0001\000\040\000N\000a\000m\000e\000s\000p\000a\000c\000e\000\040\000L\000i\000s\000t}{chapter.2}% 3
\BOOKMARK [0][-]{chapter.3}{\376\377\0003\000\040\000H\000i\000e\000r\000a\000r\000c\000h\000i\000c\000a\000l\000\040\000I\000n\000d\000e\000x}{}% 4
\BOOKMARK [1][-]{section.3.1}{\376\377\0003\000.\0001\000\040\000C\000l\000a\000s\000s\000\040\000H\000i\000e\000r\000a\000r\000c\000h\000y}{chapter.3}% 5
\BOOKMARK [0][-]{chapter.4}{\376\377\0004\000\040\000C\000l\000a\000s\000s\000\040\000I\000n\000d\000e\000x}{}% 6
\BOOKMARK [1][-]{section.4.1}{\376\377\0004\000.\0001\000\040\000C\000l\000a\000s\000s\000\040\000L\000i\000s\000t}{chapter.4}% 7
\BOOKMARK [0][-]{chapter.5}{\376\377\0005\000\040\000F\000i\000l\000e\000\040\000I\000n\000d\000e\000x}{}% 8
\BOOKMARK [1][-]{section.5.1}{\376\377\0005\000.\0001\000\040\000F\000i\000l\000e\000\040\000L\000i\000s\000t}{chapter.5}% 9
\BOOKMARK [0][-]{chapter.6}{\376\377\0006\000\040\000N\000a\000m\000e\000s\000p\000a\000c\000e\000\040\000D\000o\000c\000u\000m\000e\000n\000t\000a\000t\000i\000o\000n}{}% 10
\BOOKMARK [1][-]{section.6.1}{\376\377\0006\000.\0001\000\040\000b\000a\000n\000n\000e\000r\000f\000l\000o\000w\000\137\000a\000p\000p\000\040\000N\000a\000m\000e\000s\000p\000a\000c\000e\000\040\000R\000e\000f\000e\000r\000e\000n\000c\000e}{chapter.6}% 11
\BOOKMARK [2][-]{subsection.6.1.1}{\376\377\0006\000.\0001\000.\0001\000\040\000D\000e\000t\000a\000i\000l\000e\000d\000\040\000D\000e\000s\000c\000r\000i\000p\000t\000i\000o\000n}{section.6.1}% 12
\BOOKMARK [1][-]{section.6.2}{\376\377\0006\000.\0002\000\040\000b\000a\000n\000n\000e\000r\000f\000l\000o\000w\000\137\000a\000p\000p\000.\000a\000d\000m\000i\000n\000\040\000N\000a\000m\000e\000s\000p\000a\000c\000e\000\040\000R\000e\000f\000e\000r\000e\000n\000c\000e}{chapter.6}% 13
\BOOKMARK [1][-]{section.6.3}{\376\377\0006\000.\0003\000\040\000b\000a\000n\000n\000e\000r\000f\000l\000o\000w\000\137\000a\000p\000p\000.\000b\000a\000n\000n\000e\000r\000\137\000g\000e\000n\000e\000r\000a\000t\000o\000r\000\040\000N\000a\000m\000e\000s\000p\000a\000c\000e\000\040\000R\000e\000f\000e\000r\000e\000n\000c\000e}{chapter.6}% 14
\BOOKMARK [1][-]{section.6.4}{\376\377\0006\000.\0004\000\040\000b\000a\000n\000n\000e\000r\000f\000l\000o\000w\000\137\000a\000p\000p\000.\000m\000o\000d\000e\000l\000s\000\040\000N\000a\000m\000e\000s\000p\000a\000c\000e\000\040\000R\000e\000f\000e\000r\000e\000n\000c\000e}{chapter.6}% 15
\BOOKMARK [2][-]{subsection.6.4.1}{\376\377\0006\000.\0004\000.\0001\000\040\000F\000u\000n\000c\000t\000i\000o\000n\000\040\000D\000o\000c\000u\000m\000e\000n\000t\000a\000t\000i\000o\000n}{section.6.4}% 16
\BOOKMARK [3][-]{subsubsection.6.4.1.1}{\376\377\0006\000.\0004\000.\0001\000.\0001\000\040\000v\000a\000l\000i\000d\000a\000t\000e\000\137\000m\000e\000d\000i\000a\000\137\000f\000i\000l\000e\000\050\000\051}{subsection.6.4.1}% 17
\BOOKMARK [1][-]{section.6.5}{\376\377\0006\000.\0005\000\040\000b\000a\000n\000n\000e\000r\000f\000l\000o\000w\000\137\000a\000p\000p\000.\000s\000e\000r\000v\000i\000c\000e\000s\000\040\000N\000a\000m\000e\000s\000p\000a\000c\000e\000\040\000R\000e\000f\000e\000r\000e\000n\000c\000e}{chapter.6}% 18
\BOOKMARK [1][-]{section.6.6}{\376\377\0006\000.\0006\000\040\000b\000a\000n\000n\000e\000r\000f\000l\000o\000w\000\137\000a\000p\000p\000.\000t\000e\000s\000t\000s\000\040\000N\000a\000m\000e\000s\000p\000a\000c\000e\000\040\000R\000e\000f\000e\000r\000e\000n\000c\000e}{chapter.6}% 19
\BOOKMARK [2][-]{subsection.6.6.1}{\376\377\0006\000.\0006\000.\0001\000\040\000D\000e\000t\000a\000i\000l\000e\000d\000\040\000D\000e\000s\000c\000r\000i\000p\000t\000i\000o\000n}{section.6.6}% 20
\BOOKMARK [1][-]{section.6.7}{\376\377\0006\000.\0007\000\040\000b\000a\000n\000n\000e\000r\000f\000l\000o\000w\000\137\000a\000p\000p\000.\000u\000r\000l\000s\000\040\000N\000a\000m\000e\000s\000p\000a\000c\000e\000\040\000R\000e\000f\000e\000r\000e\000n\000c\000e}{chapter.6}% 21
\BOOKMARK [2][-]{subsection.6.7.1}{\376\377\0006\000.\0007\000.\0001\000\040\000V\000a\000r\000i\000a\000b\000l\000e\000\040\000D\000o\000c\000u\000m\000e\000n\000t\000a\000t\000i\000o\000n}{section.6.7}% 22
\BOOKMARK [3][-]{subsubsection.6.7.1.1}{\376\377\0006\000.\0007\000.\0001\000.\0001\000\040\000u\000r\000l\000p\000a\000t\000t\000e\000r\000n\000s}{subsection.6.7.1}% 23
\BOOKMARK [1][-]{section.6.8}{\376\377\0006\000.\0008\000\040\000b\000a\000n\000n\000e\000r\000f\000l\000o\000w\000\137\000a\000p\000p\000.\000v\000i\000e\000w\000s\000\040\000N\000a\000m\000e\000s\000p\000a\000c\000e\000\040\000R\000e\000f\000e\000r\000e\000n\000c\000e}{chapter.6}% 24
\BOOKMARK [2][-]{subsection.6.8.1}{\376\377\0006\000.\0008\000.\0001\000\040\000F\000u\000n\000c\000t\000i\000o\000n\000\040\000D\000o\000c\000u\000m\000e\000n\000t\000a\000t\000i\000o\000n}{section.6.8}% 25
\BOOKMARK [3][-]{subsubsection.6.8.1.1}{\376\377\0006\000.\0008\000.\0001\000.\0001\000\040\000a\000p\000i\000\137\000b\000a\000n\000n\000e\000r\000s\000\050\000\051}{subsection.6.8.1}% 26
\BOOKMARK [3][-]{subsubsection.6.8.1.2}{\376\377\0006\000.\0008\000.\0001\000.\0002\000\040\000b\000a\000n\000n\000e\000r\000\137\000g\000e\000n\000e\000r\000a\000t\000o\000r\000\050\000\051}{subsection.6.8.1}% 27
\BOOKMARK [3][-]{subsubsection.6.8.1.3}{\376\377\0006\000.\0008\000.\0001\000.\0003\000\040\000b\000a\000n\000n\000e\000r\000\137\000l\000i\000s\000t\000\050\000\051}{subsection.6.8.1}% 28
\BOOKMARK [3][-]{subsubsection.6.8.1.4}{\376\377\0006\000.\0008\000.\0001\000.\0004\000\040\000b\000a\000n\000n\000e\000r\000\137\000p\000r\000e\000v\000i\000e\000w\000\050\000\051}{subsection.6.8.1}% 29
\BOOKMARK [3][-]{subsubsection.6.8.1.5}{\376\377\0006\000.\0008\000.\0001\000.\0005\000\040\000d\000a\000s\000h\000b\000o\000a\000r\000d\000\050\000\051}{subsection.6.8.1}% 30
\BOOKMARK [3][-]{subsubsection.6.8.1.6}{\376\377\0006\000.\0008\000.\0001\000.\0006\000\040\000e\000x\000p\000o\000r\000t\000\137\000b\000a\000n\000n\000e\000r\000\050\000\051}{subsection.6.8.1}% 31
\BOOKMARK [3][-]{subsubsection.6.8.1.7}{\376\377\0006\000.\0008\000.\0001\000.\0007\000\040\000g\000e\000n\000e\000r\000a\000t\000e\000\137\000b\000a\000n\000n\000e\000r\000\050\000\051}{subsection.6.8.1}% 32
\BOOKMARK [3][-]{subsubsection.6.8.1.8}{\376\377\0006\000.\0008\000.\0001\000.\0008\000\040\000h\000o\000m\000e\000\050\000\051}{subsection.6.8.1}% 33
\BOOKMARK [3][-]{subsubsection.6.8.1.9}{\376\377\0006\000.\0008\000.\0001\000.\0009\000\040\000u\000p\000l\000o\000a\000d\000\137\000g\000a\000m\000e\000\137\000d\000a\000t\000a\000\050\000\051}{subsection.6.8.1}% 34
\BOOKMARK [1][-]{section.6.9}{\376\377\0006\000.\0009\000\040\000b\000a\000n\000n\000e\000r\000f\000l\000o\000w\000\137\000p\000r\000o\000j\000e\000c\000t\000\040\000N\000a\000m\000e\000s\000p\000a\000c\000e\000\040\000R\000e\000f\000e\000r\000e\000n\000c\000e}{chapter.6}% 35
\BOOKMARK [2][-]{subsection.6.9.1}{\376\377\0006\000.\0009\000.\0001\000\040\000D\000e\000t\000a\000i\000l\000e\000d\000\040\000D\000e\000s\000c\000r\000i\000p\000t\000i\000o\000n}{section.6.9}% 36
\BOOKMARK [1][-]{section.6.10}{\376\377\0006\000.\0001\0000\000\040\000b\000a\000n\000n\000e\000r\000f\000l\000o\000w\000\137\000p\000r\000o\000j\000e\000c\000t\000.\000s\000e\000t\000t\000i\000n\000g\000s\000\040\000N\000a\000m\000e\000s\000p\000a\000c\000e\000\040\000R\000e\000f\000e\000r\000e\000n\000c\000e}{chapter.6}% 37
\BOOKMARK [2][-]{subsection.6.10.1}{\376\377\0006\000.\0001\0000\000.\0001\000\040\000D\000e\000t\000a\000i\000l\000e\000d\000\040\000D\000e\000s\000c\000r\000i\000p\000t\000i\000o\000n}{section.6.10}% 38
\BOOKMARK [2][-]{subsection.6.10.2}{\376\377\0006\000.\0001\0000\000.\0002\000\040\000V\000a\000r\000i\000a\000b\000l\000e\000\040\000D\000o\000c\000u\000m\000e\000n\000t\000a\000t\000i\000o\000n}{section.6.10}% 39
\BOOKMARK [3][-]{subsubsection.6.10.2.1}{\376\377\0006\000.\0001\0000\000.\0002\000.\0001\000\040\000A\000L\000L\000O\000W\000E\000D\000\137\000H\000O\000S\000T\000S}{subsection.6.10.2}% 40
\BOOKMARK [3][-]{subsubsection.6.10.2.2}{\376\377\0006\000.\0001\0000\000.\0002\000.\0002\000\040\000B\000A\000S\000E\000\137\000D\000I\000R}{subsection.6.10.2}% 41
\BOOKMARK [3][-]{subsubsection.6.10.2.3}{\376\377\0006\000.\0001\0000\000.\0002\000.\0003\000\040\000D\000A\000T\000A\000B\000A\000S\000E\000S}{subsection.6.10.2}% 42
\BOOKMARK [3][-]{subsubsection.6.10.2.4}{\376\377\0006\000.\0001\0000\000.\0002\000.\0004\000\040\000D\000E\000B\000U\000G}{subsection.6.10.2}% 43
\BOOKMARK [3][-]{subsubsection.6.10.2.5}{\376\377\0006\000.\0001\0000\000.\0002\000.\0005\000\040\000D\000E\000F\000A\000U\000L\000T\000\137\000A\000U\000T\000O\000\137\000F\000I\000E\000L\000D}{subsection.6.10.2}% 44
\BOOKMARK [3][-]{subsubsection.6.10.2.6}{\376\377\0006\000.\0001\0000\000.\0002\000.\0006\000\040\000D\000E\000F\000A\000U\000L\000T\000\137\000F\000R\000O\000M\000\137\000E\000M\000A\000I\000L}{subsection.6.10.2}% 45
\BOOKMARK [3][-]{subsubsection.6.10.2.7}{\376\377\0006\000.\0001\0000\000.\0002\000.\0007\000\040\000E\000M\000A\000I\000L\000\137\000B\000A\000C\000K\000E\000N\000D}{subsection.6.10.2}% 46
\BOOKMARK [3][-]{subsubsection.6.10.2.8}{\376\377\0006\000.\0001\0000\000.\0002\000.\0008\000\040\000E\000M\000A\000I\000L\000\137\000H\000O\000S\000T}{subsection.6.10.2}% 47
\BOOKMARK [3][-]{subsubsection.6.10.2.9}{\376\377\0006\000.\0001\0000\000.\0002\000.\0009\000\040\000E\000M\000A\000I\000L\000\137\000H\000O\000S\000T\000\137\000P\000A\000S\000S\000W\000O\000R\000D}{subsection.6.10.2}% 48
\BOOKMARK [3][-]{subsubsection.6.10.2.10}{\376\377\0006\000.\0001\0000\000.\0002\000.\0001\0000\000\040\000E\000M\000A\000I\000L\000\137\000H\000O\000S\000T\000\137\000U\000S\000E\000R}{subsection.6.10.2}% 49
\BOOKMARK [3][-]{subsubsection.6.10.2.11}{\376\377\0006\000.\0001\0000\000.\0002\000.\0001\0001\000\040\000E\000M\000A\000I\000L\000\137\000P\000O\000R\000T}{subsection.6.10.2}% 50
\BOOKMARK [3][-]{subsubsection.6.10.2.12}{\376\377\0006\000.\0001\0000\000.\0002\000.\0001\0002\000\040\000E\000M\000A\000I\000L\000\137\000U\000S\000E\000\137\000S\000S\000L}{subsection.6.10.2}% 51
\BOOKMARK [3][-]{subsubsection.6.10.2.13}{\376\377\0006\000.\0001\0000\000.\0002\000.\0001\0003\000\040\000I\000N\000S\000T\000A\000L\000L\000E\000D\000\137\000A\000P\000P\000S}{subsection.6.10.2}% 52
\BOOKMARK [3][-]{subsubsection.6.10.2.14}{\376\377\0006\000.\0001\0000\000.\0002\000.\0001\0004\000\040\000L\000A\000N\000G\000U\000A\000G\000E\000\137\000C\000O\000D\000E}{subsection.6.10.2}% 53
\BOOKMARK [3][-]{subsubsection.6.10.2.15}{\376\377\0006\000.\0001\0000\000.\0002\000.\0001\0005\000\040\000M\000E\000D\000I\000A\000\137\000R\000O\000O\000T}{subsection.6.10.2}% 54
\BOOKMARK [3][-]{subsubsection.6.10.2.16}{\376\377\0006\000.\0001\0000\000.\0002\000.\0001\0006\000\040\000M\000E\000D\000I\000A\000\137\000U\000R\000L}{subsection.6.10.2}% 55
\BOOKMARK [3][-]{subsubsection.6.10.2.17}{\376\377\0006\000.\0001\0000\000.\0002\000.\0001\0007\000\040\000M\000I\000D\000D\000L\000E\000W\000A\000R\000E}{subsection.6.10.2}% 56
\BOOKMARK [3][-]{subsubsection.6.10.2.18}{\376\377\0006\000.\0001\0000\000.\0002\000.\0001\0008\000\040\000R\000E\000S\000T\000\137\000F\000R\000A\000M\000E\000W\000O\000R\000K}{subsection.6.10.2}% 57
\BOOKMARK [3][-]{subsubsection.6.10.2.19}{\376\377\0006\000.\0001\0000\000.\0002\000.\0001\0009\000\040\000R\000O\000O\000T\000\137\000U\000R\000L\000C\000O\000N\000F}{subsection.6.10.2}% 58
\BOOKMARK [3][-]{subsubsection.6.10.2.20}{\376\377\0006\000.\0001\0000\000.\0002\000.\0002\0000\000\040\000S\000E\000C\000R\000E\000T\000\137\000K\000E\000Y}{subsection.6.10.2}% 59
\BOOKMARK [3][-]{subsubsection.6.10.2.21}{\376\377\0006\000.\0001\0000\000.\0002\000.\0002\0001\000\040\000S\000E\000R\000V\000E\000R\000\137\000E\000M\000A\000I\000L}{subsection.6.10.2}% 60
\BOOKMARK [3][-]{subsubsection.6.10.2.22}{\376\377\0006\000.\0001\0000\000.\0002\000.\0002\0002\000\040\000S\000T\000A\000T\000I\000C\000\137\000U\000R\000L}{subsection.6.10.2}% 61
\BOOKMARK [3][-]{subsubsection.6.10.2.23}{\376\377\0006\000.\0001\0000\000.\0002\000.\0002\0003\000\040\000T\000E\000M\000P\000L\000A\000T\000E\000S}{subsection.6.10.2}% 62
\BOOKMARK [3][-]{subsubsection.6.10.2.24}{\376\377\0006\000.\0001\0000\000.\0002\000.\0002\0004\000\040\000T\000I\000M\000E\000\137\000Z\000O\000N\000E}{subsection.6.10.2}% 63
\BOOKMARK [3][-]{subsubsection.6.10.2.25}{\376\377\0006\000.\0001\0000\000.\0002\000.\0002\0005\000\040\000U\000S\000E\000\137\000I\0001\0008\000N}{subsection.6.10.2}% 64
\BOOKMARK [3][-]{subsubsection.6.10.2.26}{\376\377\0006\000.\0001\0000\000.\0002\000.\0002\0006\000\040\000U\000S\000E\000\137\000T\000Z}{subsection.6.10.2}% 65
\BOOKMARK [3][-]{subsubsection.6.10.2.27}{\376\377\0006\000.\0001\0000\000.\0002\000.\0002\0007\000\040\000W\000S\000G\000I\000\137\000A\000P\000P\000L\000I\000C\000A\000T\000I\000O\000N}{subsection.6.10.2}% 66
\BOOKMARK [1][-]{section.6.11}{\376\377\0006\000.\0001\0001\000\040\000b\000a\000n\000n\000e\000r\000f\000l\000o\000w\000\137\000p\000r\000o\000j\000e\000c\000t\000.\000u\000r\000l\000s\000\040\000N\000a\000m\000e\000s\000p\000a\000c\000e\000\040\000R\000e\000f\000e\000r\000e\000n\000c\000e}{chapter.6}% 67
\BOOKMARK [2][-]{subsection.6.11.1}{\376\377\0006\000.\0001\0001\000.\0001\000\040\000V\000a\000r\000i\000a\000b\000l\000e\000\040\000D\000o\000c\000u\000m\000e\000n\000t\000a\000t\000i\000o\000n}{section.6.11}% 68
\BOOKMARK [3][-]{subsubsection.6.11.1.1}{\376\377\0006\000.\0001\0001\000.\0001\000.\0001\000\040\000d\000o\000c\000u\000m\000e\000n\000t\000\137\000r\000o\000o\000t}{subsection.6.11.1}% 69
\BOOKMARK [3][-]{subsubsection.6.11.1.2}{\376\377\0006\000.\0001\0001\000.\0001\000.\0002\000\040\000M\000E\000D\000I\000A\000\137\000U\000R\000L}{subsection.6.11.1}% 70
\BOOKMARK [3][-]{subsubsection.6.11.1.3}{\376\377\0006\000.\0001\0001\000.\0001\000.\0003\000\040\000u\000r\000l\000p\000a\000t\000t\000e\000r\000n\000s}{subsection.6.11.1}% 71
\BOOKMARK [1][-]{section.6.12}{\376\377\0006\000.\0001\0002\000\040\000b\000a\000n\000n\000e\000r\000f\000l\000o\000w\000\137\000p\000r\000o\000j\000e\000c\000t\000.\000w\000s\000g\000i\000\040\000N\000a\000m\000e\000s\000p\000a\000c\000e\000\040\000R\000e\000f\000e\000r\000e\000n\000c\000e}{chapter.6}% 72
\BOOKMARK [2][-]{subsection.6.12.1}{\376\377\0006\000.\0001\0002\000.\0001\000\040\000D\000e\000t\000a\000i\000l\000e\000d\000\040\000D\000e\000s\000c\000r\000i\000p\000t\000i\000o\000n}{section.6.12}% 73
\BOOKMARK [2][-]{subsection.6.12.2}{\376\377\0006\000.\0001\0002\000.\0002\000\040\000V\000a\000r\000i\000a\000b\000l\000e\000\040\000D\000o\000c\000u\000m\000e\000n\000t\000a\000t\000i\000o\000n}{section.6.12}% 74
\BOOKMARK [3][-]{subsubsection.6.12.2.1}{\376\377\0006\000.\0001\0002\000.\0002\000.\0001\000\040\000a\000p\000p\000l\000i\000c\000a\000t\000i\000o\000n}{subsection.6.12.2}% 75
\BOOKMARK [1][-]{section.6.13}{\376\377\0006\000.\0001\0003\000\040\000m\000a\000n\000a\000g\000e\000\040\000N\000a\000m\000e\000s\000p\000a\000c\000e\000\040\000R\000e\000f\000e\000r\000e\000n\000c\000e}{chapter.6}% 76
\BOOKMARK [2][-]{subsection.6.13.1}{\376\377\0006\000.\0001\0003\000.\0001\000\040\000D\000e\000t\000a\000i\000l\000e\000d\000\040\000D\000e\000s\000c\000r\000i\000p\000t\000i\000o\000n}{section.6.13}% 77
\BOOKMARK [2][-]{subsection.6.13.2}{\376\377\0006\000.\0001\0003\000.\0002\000\040\000F\000u\000n\000c\000t\000i\000o\000n\000\040\000D\000o\000c\000u\000m\000e\000n\000t\000a\000t\000i\000o\000n}{section.6.13}% 78
\BOOKMARK [3][-]{subsubsection.6.13.2.1}{\376\377\0006\000.\0001\0003\000.\0002\000.\0001\000\040\000m\000a\000i\000n\000\050\000\051}{subsection.6.13.2}% 79
\BOOKMARK [0][-]{chapter.7}{\376\377\0007\000\040\000C\000l\000a\000s\000s\000\040\000D\000o\000c\000u\000m\000e\000n\000t\000a\000t\000i\000o\000n}{}% 80
\BOOKMARK [1][-]{section.7.1}{\376\377\0007\000.\0001\000\040\000b\000a\000n\000n\000e\000r\000f\000l\000o\000w\000\137\000a\000p\000p\000.\000m\000o\000d\000e\000l\000s\000.\000A\000B\000T\000e\000s\000t\000\040\000C\000l\000a\000s\000s\000\040\000R\000e\000f\000e\000r\000e\000n\000c\000e}{chapter.7}% 81
\BOOKMARK [2][-]{subsection.7.1.1}{\376\377\0007\000.\0001\000.\0001\000\040\000M\000e\000m\000b\000e\000r\000\040\000F\000u\000n\000c\000t\000i\000o\000n\000\040\000D\000o\000c\000u\000m\000e\000n\000t\000a\000t\000i\000o\000n}{section.7.1}% 82
\BOOKMARK [3][-]{subsubsection.7.1.1.1}{\376\377\0007\000.\0001\000.\0001\000.\0001\000\040\000\137\000\137\000s\000t\000r\000\137\000\137\000\050\000\051}{subsection.7.1.1}% 83
\BOOKMARK [2][-]{subsection.7.1.2}{\376\377\0007\000.\0001\000.\0002\000\040\000M\000e\000m\000b\000e\000r\000\040\000D\000a\000t\000a\000\040\000D\000o\000c\000u\000m\000e\000n\000t\000a\000t\000i\000o\000n}{section.7.1}% 84
\BOOKMARK [3][-]{subsubsection.7.1.2.1}{\376\377\0007\000.\0001\000.\0002\000.\0001\000\040\000a\000u\000d\000i\000e\000n\000c\000e\000\137\000s\000e\000g\000m\000e\000n\000t}{subsection.7.1.2}% 85
\BOOKMARK [3][-]{subsubsection.7.1.2.2}{\376\377\0007\000.\0001\000.\0002\000.\0002\000\040\000b\000a\000n\000n\000e\000r\000s}{subsection.7.1.2}% 86
\BOOKMARK [3][-]{subsubsection.7.1.2.3}{\376\377\0007\000.\0001\000.\0002\000.\0003\000\040\000c\000a\000m\000p\000a\000i\000g\000n}{subsection.7.1.2}% 87
\BOOKMARK [3][-]{subsubsection.7.1.2.4}{\376\377\0007\000.\0001\000.\0002\000.\0004\000\040\000c\000r\000e\000a\000t\000e\000d\000\137\000a\000t}{subsection.7.1.2}% 88
\BOOKMARK [3][-]{subsubsection.7.1.2.5}{\376\377\0007\000.\0001\000.\0002\000.\0005\000\040\000e\000n\000d\000\137\000d\000a\000t\000e}{subsection.7.1.2}% 89
\BOOKMARK [3][-]{subsubsection.7.1.2.6}{\376\377\0007\000.\0001\000.\0002\000.\0006\000\040\000i\000s\000\137\000a\000c\000t\000i\000v\000e}{subsection.7.1.2}% 90
\BOOKMARK [3][-]{subsubsection.7.1.2.7}{\376\377\0007\000.\0001\000.\0002\000.\0007\000\040\000n\000a\000m\000e}{subsection.7.1.2}% 91
\BOOKMARK [3][-]{subsubsection.7.1.2.8}{\376\377\0007\000.\0001\000.\0002\000.\0008\000\040\000s\000t\000a\000r\000t\000\137\000d\000a\000t\000e}{subsection.7.1.2}% 92
\BOOKMARK [1][-]{section.7.2}{\376\377\0007\000.\0002\000\040\000b\000a\000n\000n\000e\000r\000f\000l\000o\000w\000\137\000a\000p\000p\000.\000a\000d\000m\000i\000n\000.\000A\000B\000T\000e\000s\000t\000A\000d\000m\000i\000n\000\040\000C\000l\000a\000s\000s\000\040\000R\000e\000f\000e\000r\000e\000n\000c\000e}{chapter.7}% 93
\BOOKMARK [2][-]{subsection.7.2.1}{\376\377\0007\000.\0002\000.\0001\000\040\000M\000e\000m\000b\000e\000r\000\040\000D\000a\000t\000a\000\040\000D\000o\000c\000u\000m\000e\000n\000t\000a\000t\000i\000o\000n}{section.7.2}% 94
\BOOKMARK [3][-]{subsubsection.7.2.1.1}{\376\377\0007\000.\0002\000.\0001\000.\0001\000\040\000f\000i\000l\000t\000e\000r\000\137\000h\000o\000r\000i\000z\000o\000n\000t\000a\000l}{subsection.7.2.1}% 95
\BOOKMARK [3][-]{subsubsection.7.2.1.2}{\376\377\0007\000.\0002\000.\0001\000.\0002\000\040\000l\000i\000s\000t\000\137\000d\000i\000s\000p\000l\000a\000y}{subsection.7.2.1}% 96
\BOOKMARK [3][-]{subsubsection.7.2.1.3}{\376\377\0007\000.\0002\000.\0001\000.\0003\000\040\000l\000i\000s\000t\000\137\000f\000i\000l\000t\000e\000r}{subsection.7.2.1}% 97
\BOOKMARK [3][-]{subsubsection.7.2.1.4}{\376\377\0007\000.\0002\000.\0001\000.\0004\000\040\000s\000e\000a\000r\000c\000h\000\137\000f\000i\000e\000l\000d\000s}{subsection.7.2.1}% 98
\BOOKMARK [1][-]{section.7.3}{\376\377\0007\000.\0003\000\040\000b\000a\000n\000n\000e\000r\000f\000l\000o\000w\000\137\000a\000p\000p\000.\000m\000o\000d\000e\000l\000s\000.\000B\000a\000n\000n\000e\000r\000\040\000C\000l\000a\000s\000s\000\040\000R\000e\000f\000e\000r\000e\000n\000c\000e}{chapter.7}% 99
\BOOKMARK [2][-]{subsection.7.3.1}{\376\377\0007\000.\0003\000.\0001\000\040\000M\000e\000m\000b\000e\000r\000\040\000F\000u\000n\000c\000t\000i\000o\000n\000\040\000D\000o\000c\000u\000m\000e\000n\000t\000a\000t\000i\000o\000n}{section.7.3}% 100
\BOOKMARK [3][-]{subsubsection.7.3.1.1}{\376\377\0007\000.\0003\000.\0001\000.\0001\000\040\000\137\000\137\000s\000t\000r\000\137\000\137\000\050\000\051}{subsection.7.3.1}% 101
\BOOKMARK [3][-]{subsubsection.7.3.1.2}{\376\377\0007\000.\0003\000.\0001\000.\0002\000\040\000c\000l\000e\000a\000n\000\050\000\051}{subsection.7.3.1}% 102
\BOOKMARK [3][-]{subsubsection.7.3.1.3}{\376\377\0007\000.\0003\000.\0001\000.\0003\000\040\000s\000a\000v\000e\000\050\000\051}{subsection.7.3.1}% 103
\BOOKMARK [2][-]{subsection.7.3.2}{\376\377\0007\000.\0003\000.\0002\000\040\000M\000e\000m\000b\000e\000r\000\040\000D\000a\000t\000a\000\040\000D\000o\000c\000u\000m\000e\000n\000t\000a\000t\000i\000o\000n}{section.7.3}% 104
\BOOKMARK [3][-]{subsubsection.7.3.2.1}{\376\377\0007\000.\0003\000.\0002\000.\0001\000\040\000c\000a\000m\000p\000a\000i\000g\000n}{subsection.7.3.2}% 105
\BOOKMARK [3][-]{subsubsection.7.3.2.2}{\376\377\0007\000.\0003\000.\0002\000.\0002\000\040\000c\000r\000e\000a\000t\000e\000d\000\137\000a\000t}{subsection.7.3.2}% 106
\BOOKMARK [3][-]{subsubsection.7.3.2.3}{\376\377\0007\000.\0003\000.\0002\000.\0003\000\040\000i\000s\000\137\000a\000c\000t\000i\000v\000e}{subsection.7.3.2}% 107
\BOOKMARK [3][-]{subsubsection.7.3.2.4}{\376\377\0007\000.\0003\000.\0002\000.\0004\000\040\000m\000e\000d\000i\000a\000\137\000f\000i\000l\000e}{subsection.7.3.2}% 108
\BOOKMARK [3][-]{subsubsection.7.3.2.5}{\376\377\0007\000.\0003\000.\0002\000.\0005\000\040\000m\000e\000d\000i\000a\000\137\000t\000y\000p\000e}{subsection.7.3.2}% 109
\BOOKMARK [3][-]{subsubsection.7.3.2.6}{\376\377\0007\000.\0003\000.\0002\000.\0006\000\040\000M\000E\000D\000I\000A\000\137\000T\000Y\000P\000E\000\137\000C\000H\000O\000I\000C\000E\000S}{subsection.7.3.2}% 110
\BOOKMARK [3][-]{subsubsection.7.3.2.7}{\376\377\0007\000.\0003\000.\0002\000.\0007\000\040\000t\000i\000t\000l\000e}{subsection.7.3.2}% 111
\BOOKMARK [1][-]{section.7.4}{\376\377\0007\000.\0004\000\040\000b\000a\000n\000n\000e\000r\000f\000l\000o\000w\000\137\000a\000p\000p\000.\000a\000d\000m\000i\000n\000.\000B\000a\000n\000n\000e\000r\000A\000d\000m\000i\000n\000\040\000C\000l\000a\000s\000s\000\040\000R\000e\000f\000e\000r\000e\000n\000c\000e}{chapter.7}% 112
\BOOKMARK [2][-]{subsection.7.4.1}{\376\377\0007\000.\0004\000.\0001\000\040\000M\000e\000m\000b\000e\000r\000\040\000D\000a\000t\000a\000\040\000D\000o\000c\000u\000m\000e\000n\000t\000a\000t\000i\000o\000n}{section.7.4}% 113
\BOOKMARK [3][-]{subsubsection.7.4.1.1}{\376\377\0007\000.\0004\000.\0001\000.\0001\000\040\000l\000i\000s\000t\000\137\000d\000i\000s\000p\000l\000a\000y}{subsection.7.4.1}% 114
\BOOKMARK [3][-]{subsubsection.7.4.1.2}{\376\377\0007\000.\0004\000.\0001\000.\0002\000\040\000l\000i\000s\000t\000\137\000f\000i\000l\000t\000e\000r}{subsection.7.4.1}% 115
\BOOKMARK [3][-]{subsubsection.7.4.1.3}{\376\377\0007\000.\0004\000.\0001\000.\0003\000\040\000r\000e\000a\000d\000o\000n\000l\000y\000\137\000f\000i\000e\000l\000d\000s}{subsection.7.4.1}% 116
\BOOKMARK [3][-]{subsubsection.7.4.1.4}{\376\377\0007\000.\0004\000.\0001\000.\0004\000\040\000s\000e\000a\000r\000c\000h\000\137\000f\000i\000e\000l\000d\000s}{subsection.7.4.1}% 117
\BOOKMARK [1][-]{section.7.5}{\376\377\0007\000.\0005\000\040\000b\000a\000n\000n\000e\000r\000f\000l\000o\000w\000\137\000a\000p\000p\000.\000b\000a\000n\000n\000e\000r\000\137\000g\000e\000n\000e\000r\000a\000t\000o\000r\000.\000B\000a\000n\000n\000e\000r\000G\000e\000n\000e\000r\000a\000t\000o\000r\000\040\000C\000l\000a\000s\000s\000\040\000R\000e\000f\000e\000r\000e\000n\000c\000e}{chapter.7}% 118
\BOOKMARK [2][-]{subsection.7.5.1}{\376\377\0007\000.\0005\000.\0001\000\040\000D\000e\000t\000a\000i\000l\000e\000d\000\040\000D\000e\000s\000c\000r\000i\000p\000t\000i\000o\000n}{section.7.5}% 119
\BOOKMARK [2][-]{subsection.7.5.2}{\376\377\0007\000.\0005\000.\0002\000\040\000M\000e\000m\000b\000e\000r\000\040\000F\000u\000n\000c\000t\000i\000o\000n\000\040\000D\000o\000c\000u\000m\000e\000n\000t\000a\000t\000i\000o\000n}{section.7.5}% 120
\BOOKMARK [3][-]{subsubsection.7.5.2.1}{\376\377\0007\000.\0005\000.\0002\000.\0001\000\040\000e\000x\000p\000o\000r\000t\000\137\000f\000o\000r\000\137\000g\000o\000d\000o\000t\000\050\000\051}{subsection.7.5.2}% 121
\BOOKMARK [3][-]{subsubsection.7.5.2.2}{\376\377\0007\000.\0005\000.\0002\000.\0002\000\040\000g\000e\000n\000e\000r\000a\000t\000e\000\137\000h\000t\000m\000l\000\050\000\051}{subsection.7.5.2}% 122
\BOOKMARK [3][-]{subsubsection.7.5.2.3}{\376\377\0007\000.\0005\000.\0002\000.\0003\000\040\000p\000a\000r\000s\000e\000\137\000g\000a\000m\000e\000\137\000f\000i\000l\000e\000\050\000\051}{subsection.7.5.2}% 123
\BOOKMARK [1][-]{section.7.6}{\376\377\0007\000.\0006\000\040\000b\000a\000n\000n\000e\000r\000f\000l\000o\000w\000\137\000a\000p\000p\000.\000s\000e\000r\000v\000i\000c\000e\000s\000.\000B\000a\000n\000n\000e\000r\000S\000e\000r\000v\000i\000c\000e\000\040\000C\000l\000a\000s\000s\000\040\000R\000e\000f\000e\000r\000e\000n\000c\000e}{chapter.7}% 124
\BOOKMARK [2][-]{subsection.7.6.1}{\376\377\0007\000.\0006\000.\0001\000\040\000M\000e\000m\000b\000e\000r\000\040\000F\000u\000n\000c\000t\000i\000o\000n\000\040\000D\000o\000c\000u\000m\000e\000n\000t\000a\000t\000i\000o\000n}{section.7.6}% 125
\BOOKMARK [3][-]{subsubsection.7.6.1.1}{\376\377\0007\000.\0006\000.\0001\000.\0001\000\040\000c\000h\000e\000c\000k\000\137\000b\000u\000d\000g\000e\000t\000\137\000a\000n\000d\000\137\000n\000o\000t\000i\000f\000y\000\050\000\051}{subsection.7.6.1}% 126
\BOOKMARK [3][-]{subsubsection.7.6.1.2}{\376\377\0007\000.\0006\000.\0001\000.\0002\000\040\000g\000e\000t\000\137\000a\000c\000t\000i\000v\000e\000\137\000b\000a\000n\000n\000e\000r\000s\000\050\000\051}{subsection.7.6.1}% 127
\BOOKMARK [1][-]{section.7.7}{\376\377\0007\000.\0007\000\040\000b\000a\000n\000n\000e\000r\000f\000l\000o\000w\000\137\000a\000p\000p\000.\000m\000o\000d\000e\000l\000s\000.\000B\000a\000n\000n\000e\000r\000T\000e\000m\000p\000l\000a\000t\000e\000\040\000C\000l\000a\000s\000s\000\040\000R\000e\000f\000e\000r\000e\000n\000c\000e}{chapter.7}% 128
\BOOKMARK [2][-]{subsection.7.7.1}{\376\377\0007\000.\0007\000.\0001\000\040\000D\000e\000t\000a\000i\000l\000e\000d\000\040\000D\000e\000s\000c\000r\000i\000p\000t\000i\000o\000n}{section.7.7}% 129
\BOOKMARK [2][-]{subsection.7.7.2}{\376\377\0007\000.\0007\000.\0002\000\040\000M\000e\000m\000b\000e\000r\000\040\000F\000u\000n\000c\000t\000i\000o\000n\000\040\000D\000o\000c\000u\000m\000e\000n\000t\000a\000t\000i\000o\000n}{section.7.7}% 130
\BOOKMARK [3][-]{subsubsection.7.7.2.1}{\376\377\0007\000.\0007\000.\0002\000.\0001\000\040\000\137\000\137\000s\000t\000r\000\137\000\137\000\050\000\051}{subsection.7.7.2}% 131
\BOOKMARK [2][-]{subsection.7.7.3}{\376\377\0007\000.\0007\000.\0003\000\040\000M\000e\000m\000b\000e\000r\000\040\000D\000a\000t\000a\000\040\000D\000o\000c\000u\000m\000e\000n\000t\000a\000t\000i\000o\000n}{section.7.7}% 132
\BOOKMARK [3][-]{subsubsection.7.7.3.1}{\376\377\0007\000.\0007\000.\0003\000.\0001\000\040\000c\000r\000e\000a\000t\000e\000d\000\137\000a\000t}{subsection.7.7.3}% 133
\BOOKMARK [3][-]{subsubsection.7.7.3.2}{\376\377\0007\000.\0007\000.\0003\000.\0002\000\040\000c\000s\000s\000\137\000s\000t\000y\000l\000e\000s}{subsection.7.7.3}% 134
\BOOKMARK [3][-]{subsubsection.7.7.3.3}{\376\377\0007\000.\0007\000.\0003\000.\0003\000\040\000h\000e\000i\000g\000h\000t}{subsection.7.7.3}% 135
\BOOKMARK [3][-]{subsubsection.7.7.3.4}{\376\377\0007\000.\0007\000.\0003\000.\0004\000\040\000h\000t\000m\000l\000\137\000t\000e\000m\000p\000l\000a\000t\000e}{subsection.7.7.3}% 136
\BOOKMARK [3][-]{subsubsection.7.7.3.5}{\376\377\0007\000.\0007\000.\0003\000.\0005\000\040\000j\000a\000v\000a\000s\000c\000r\000i\000p\000t}{subsection.7.7.3}% 137
\BOOKMARK [3][-]{subsubsection.7.7.3.6}{\376\377\0007\000.\0007\000.\0003\000.\0006\000\040\000n\000a\000m\000e}{subsection.7.7.3}% 138
\BOOKMARK [3][-]{subsubsection.7.7.3.7}{\376\377\0007\000.\0007\000.\0003\000.\0007\000\040\000p\000r\000e\000v\000i\000e\000w\000\137\000i\000m\000a\000g\000e}{subsection.7.7.3}% 139
\BOOKMARK [3][-]{subsubsection.7.7.3.8}{\376\377\0007\000.\0007\000.\0003\000.\0008\000\040\000t\000e\000m\000p\000l\000a\000t\000e\000\137\000t\000y\000p\000e}{subsection.7.7.3}% 140
\BOOKMARK [3][-]{subsubsection.7.7.3.9}{\376\377\0007\000.\0007\000.\0003\000.\0009\000\040\000T\000E\000M\000P\000L\000A\000T\000E\000\137\000T\000Y\000P\000E\000S}{subsection.7.7.3}% 141
\BOOKMARK [3][-]{subsubsection.7.7.3.10}{\376\377\0007\000.\0007\000.\0003\000.\0001\0000\000\040\000w\000i\000d\000t\000h}{subsection.7.7.3}% 142
\BOOKMARK [1][-]{section.7.8}{\376\377\0007\000.\0008\000\040\000b\000a\000n\000n\000e\000r\000f\000l\000o\000w\000\137\000a\000p\000p\000.\000a\000d\000m\000i\000n\000.\000B\000a\000n\000n\000e\000r\000T\000e\000m\000p\000l\000a\000t\000e\000A\000d\000m\000i\000n\000\040\000C\000l\000a\000s\000s\000\040\000R\000e\000f\000e\000r\000e\000n\000c\000e}{chapter.7}% 143
\BOOKMARK [2][-]{subsection.7.8.1}{\376\377\0007\000.\0008\000.\0001\000\040\000M\000e\000m\000b\000e\000r\000\040\000D\000a\000t\000a\000\040\000D\000o\000c\000u\000m\000e\000n\000t\000a\000t\000i\000o\000n}{section.7.8}% 144
\BOOKMARK [3][-]{subsubsection.7.8.1.1}{\376\377\0007\000.\0008\000.\0001\000.\0001\000\040\000l\000i\000s\000t\000\137\000d\000i\000s\000p\000l\000a\000y}{subsection.7.8.1}% 145
\BOOKMARK [3][-]{subsubsection.7.8.1.2}{\376\377\0007\000.\0008\000.\0001\000.\0002\000\040\000l\000i\000s\000t\000\137\000f\000i\000l\000t\000e\000r}{subsection.7.8.1}% 146
\BOOKMARK [3][-]{subsubsection.7.8.1.3}{\376\377\0007\000.\0008\000.\0001\000.\0003\000\040\000s\000e\000a\000r\000c\000h\000\137\000f\000i\000e\000l\000d\000s}{subsection.7.8.1}% 147
\BOOKMARK [1][-]{section.7.9}{\376\377\0007\000.\0009\000\040\000b\000a\000n\000n\000e\000r\000f\000l\000o\000w\000\137\000a\000p\000p\000.\000m\000o\000d\000e\000l\000s\000.\000C\000a\000m\000p\000a\000i\000g\000n\000\040\000C\000l\000a\000s\000s\000\040\000R\000e\000f\000e\000r\000e\000n\000c\000e}{chapter.7}% 148
\BOOKMARK [2][-]{subsection.7.9.1}{\376\377\0007\000.\0009\000.\0001\000\040\000M\000e\000m\000b\000e\000r\000\040\000F\000u\000n\000c\000t\000i\000o\000n\000\040\000D\000o\000c\000u\000m\000e\000n\000t\000a\000t\000i\000o\000n}{section.7.9}% 149
\BOOKMARK [3][-]{subsubsection.7.9.1.1}{\376\377\0007\000.\0009\000.\0001\000.\0001\000\040\000\137\000\137\000s\000t\000r\000\137\000\137\000\050\000\051}{subsection.7.9.1}% 150
\BOOKMARK [3][-]{subsubsection.7.9.1.2}{\376\377\0007\000.\0009\000.\0001\000.\0002\000\040\000a\000c\000t\000i\000v\000a\000t\000e\000\050\000\051}{subsection.7.9.1}% 151
\BOOKMARK [3][-]{subsubsection.7.9.1.3}{\376\377\0007\000.\0009\000.\0001\000.\0003\000\040\000p\000a\000u\000s\000e\000\050\000\051}{subsection.7.9.1}% 152
\BOOKMARK [3][-]{subsubsection.7.9.1.4}{\376\377\0007\000.\0009\000.\0001\000.\0004\000\040\000s\000t\000a\000t\000u\000s\000\137\000c\000o\000l\000o\000r\000\050\000\051}{subsection.7.9.1}% 153
\BOOKMARK [3][-]{subsubsection.7.9.1.5}{\376\377\0007\000.\0009\000.\0001\000.\0005\000\040\000s\000t\000o\000p\000\050\000\051}{subsection.7.9.1}% 154
\BOOKMARK [2][-]{subsection.7.9.2}{\376\377\0007\000.\0009\000.\0002\000\040\000M\000e\000m\000b\000e\000r\000\040\000D\000a\000t\000a\000\040\000D\000o\000c\000u\000m\000e\000n\000t\000a\000t\000i\000o\000n}{section.7.9}% 155
\BOOKMARK [3][-]{subsubsection.7.9.2.1}{\376\377\0007\000.\0009\000.\0002\000.\0001\000\040\000b\000u\000d\000g\000e\000t}{subsection.7.9.2}% 156
\BOOKMARK [3][-]{subsubsection.7.9.2.2}{\376\377\0007\000.\0009\000.\0002\000.\0002\000\040\000c\000r\000e\000a\000t\000e\000d\000\137\000a\000t}{subsection.7.9.2}% 157
\BOOKMARK [3][-]{subsubsection.7.9.2.3}{\376\377\0007\000.\0009\000.\0002\000.\0003\000\040\000c\000r\000e\000a\000t\000e\000d\000\137\000b\000y}{subsection.7.9.2}% 158
\BOOKMARK [3][-]{subsubsection.7.9.2.4}{\376\377\0007\000.\0009\000.\0002\000.\0004\000\040\000e\000n\000d\000\137\000d\000a\000t\000e}{subsection.7.9.2}% 159
\BOOKMARK [3][-]{subsubsection.7.9.2.5}{\376\377\0007\000.\0009\000.\0002\000.\0005\000\040\000i\000s\000\137\000a\000b\000\137\000t\000e\000s\000t}{subsection.7.9.2}% 160
\BOOKMARK [3][-]{subsubsection.7.9.2.6}{\376\377\0007\000.\0009\000.\0002\000.\0006\000\040\000n\000a\000m\000e}{subsection.7.9.2}% 161
\BOOKMARK [3][-]{subsubsection.7.9.2.7}{\376\377\0007\000.\0009\000.\0002\000.\0007\000\040\000P\000L\000A\000T\000F\000O\000R\000M\000\137\000C\000H\000O\000I\000C\000E\000S}{subsection.7.9.2}% 162
\BOOKMARK [3][-]{subsubsection.7.9.2.8}{\376\377\0007\000.\0009\000.\0002\000.\0008\000\040\000s\000t\000a\000r\000t\000\137\000d\000a\000t\000e}{subsection.7.9.2}% 163
\BOOKMARK [3][-]{subsubsection.7.9.2.9}{\376\377\0007\000.\0009\000.\0002\000.\0009\000\040\000s\000t\000a\000t\000u\000s}{subsection.7.9.2}% 164
\BOOKMARK [3][-]{subsubsection.7.9.2.10}{\376\377\0007\000.\0009\000.\0002\000.\0001\0000\000\040\000S\000T\000A\000T\000U\000S\000\137\000C\000H\000O\000I\000C\000E\000S}{subsection.7.9.2}% 165
\BOOKMARK [3][-]{subsubsection.7.9.2.11}{\376\377\0007\000.\0009\000.\0002\000.\0001\0001\000\040\000t\000a\000r\000g\000e\000t\000\137\000g\000a\000m\000e\000\137\000v\000e\000r\000s\000i\000o\000n}{subsection.7.9.2}% 166
\BOOKMARK [3][-]{subsubsection.7.9.2.12}{\376\377\0007\000.\0009\000.\0002\000.\0001\0002\000\040\000t\000a\000r\000g\000e\000t\000\137\000g\000e\000o\000l\000o\000c\000a\000t\000i\000o\000n}{subsection.7.9.2}% 167
\BOOKMARK [3][-]{subsubsection.7.9.2.13}{\376\377\0007\000.\0009\000.\0002\000.\0001\0003\000\040\000t\000a\000r\000g\000e\000t\000\137\000p\000l\000a\000t\000f\000o\000r\000m}{subsection.7.9.2}% 168
\BOOKMARK [1][-]{section.7.10}{\376\377\0007\000.\0001\0000\000\040\000b\000a\000n\000n\000e\000r\000f\000l\000o\000w\000\137\000a\000p\000p\000.\000a\000d\000m\000i\000n\000.\000C\000a\000m\000p\000a\000i\000g\000n\000A\000d\000m\000i\000n\000\040\000C\000l\000a\000s\000s\000\040\000R\000e\000f\000e\000r\000e\000n\000c\000e}{chapter.7}% 169
\BOOKMARK [2][-]{subsection.7.10.1}{\376\377\0007\000.\0001\0000\000.\0001\000\040\000M\000e\000m\000b\000e\000r\000\040\000F\000u\000n\000c\000t\000i\000o\000n\000\040\000D\000o\000c\000u\000m\000e\000n\000t\000a\000t\000i\000o\000n}{section.7.10}% 170
\BOOKMARK [3][-]{subsubsection.7.10.1.1}{\376\377\0007\000.\0001\0000\000.\0001\000.\0001\000\040\000a\000c\000t\000i\000v\000a\000t\000e\000\137\000c\000a\000m\000p\000a\000i\000g\000n\000s\000\050\000\051}{subsection.7.10.1}% 171
\BOOKMARK [3][-]{subsubsection.7.10.1.2}{\376\377\0007\000.\0001\0000\000.\0001\000.\0002\000\040\000p\000a\000u\000s\000e\000\137\000c\000a\000m\000p\000a\000i\000g\000n\000s\000\050\000\051}{subsection.7.10.1}% 172
\BOOKMARK [3][-]{subsubsection.7.10.1.3}{\376\377\0007\000.\0001\0000\000.\0001\000.\0003\000\040\000s\000t\000o\000p\000\137\000c\000a\000m\000p\000a\000i\000g\000n\000s\000\050\000\051}{subsection.7.10.1}% 173
\BOOKMARK [2][-]{subsection.7.10.2}{\376\377\0007\000.\0001\0000\000.\0002\000\040\000M\000e\000m\000b\000e\000r\000\040\000D\000a\000t\000a\000\040\000D\000o\000c\000u\000m\000e\000n\000t\000a\000t\000i\000o\000n}{section.7.10}% 174
\BOOKMARK [3][-]{subsubsection.7.10.2.1}{\376\377\0007\000.\0001\0000\000.\0002\000.\0001\000\040\000a\000c\000t\000i\000o\000n\000s}{subsection.7.10.2}% 175
\BOOKMARK [3][-]{subsubsection.7.10.2.2}{\376\377\0007\000.\0001\0000\000.\0002\000.\0002\000\040\000f\000i\000e\000l\000d\000s\000e\000t\000s}{subsection.7.10.2}% 176
\BOOKMARK [3][-]{subsubsection.7.10.2.3}{\376\377\0007\000.\0001\0000\000.\0002\000.\0003\000\040\000l\000i\000s\000t\000\137\000d\000i\000s\000p\000l\000a\000y}{subsection.7.10.2}% 177
\BOOKMARK [3][-]{subsubsection.7.10.2.4}{\376\377\0007\000.\0001\0000\000.\0002\000.\0004\000\040\000l\000i\000s\000t\000\137\000f\000i\000l\000t\000e\000r}{subsection.7.10.2}% 178
\BOOKMARK [3][-]{subsubsection.7.10.2.5}{\376\377\0007\000.\0001\0000\000.\0002\000.\0005\000\040\000r\000e\000a\000d\000o\000n\000l\000y\000\137\000f\000i\000e\000l\000d\000s}{subsection.7.10.2}% 179
\BOOKMARK [3][-]{subsubsection.7.10.2.6}{\376\377\0007\000.\0001\0000\000.\0002\000.\0006\000\040\000s\000e\000a\000r\000c\000h\000\137\000f\000i\000e\000l\000d\000s}{subsection.7.10.2}% 180
\BOOKMARK [3][-]{subsubsection.7.10.2.7}{\376\377\0007\000.\0001\0000\000.\0002\000.\0007\000\040\000s\000h\000o\000r\000t\000\137\000d\000e\000s\000c\000r\000i\000p\000t\000i\000o\000n}{subsection.7.10.2}% 181
\BOOKMARK [1][-]{section.7.11}{\376\377\0007\000.\0001\0001\000\040\000b\000a\000n\000n\000e\000r\000f\000l\000o\000w\000\137\000a\000p\000p\000.\000m\000o\000d\000e\000l\000s\000.\000C\000a\000m\000p\000a\000i\000g\000n\000S\000t\000a\000t\000i\000s\000t\000i\000c\000s\000\040\000C\000l\000a\000s\000s\000\040\000R\000e\000f\000e\000r\000e\000n\000c\000e}{chapter.7}% 182
\BOOKMARK [2][-]{subsection.7.11.1}{\376\377\0007\000.\0001\0001\000.\0001\000\040\000M\000e\000m\000b\000e\000r\000\040\000F\000u\000n\000c\000t\000i\000o\000n\000\040\000D\000o\000c\000u\000m\000e\000n\000t\000a\000t\000i\000o\000n}{section.7.11}% 183
\BOOKMARK [3][-]{subsubsection.7.11.1.1}{\376\377\0007\000.\0001\0001\000.\0001\000.\0001\000\040\000\137\000\137\000s\000t\000r\000\137\000\137\000\050\000\051}{subsection.7.11.1}% 184
\BOOKMARK [3][-]{subsubsection.7.11.1.2}{\376\377\0007\000.\0001\0001\000.\0001\000.\0002\000\040\000c\000t\000r\000\050\000\051}{subsection.7.11.1}% 185
\BOOKMARK [2][-]{subsection.7.11.2}{\376\377\0007\000.\0001\0001\000.\0002\000\040\000M\000e\000m\000b\000e\000r\000\040\000D\000a\000t\000a\000\040\000D\000o\000c\000u\000m\000e\000n\000t\000a\000t\000i\000o\000n}{section.7.11}% 186
\BOOKMARK [3][-]{subsubsection.7.11.2.1}{\376\377\0007\000.\0001\0001\000.\0002\000.\0001\000\040\000c\000a\000m\000p\000a\000i\000g\000n}{subsection.7.11.2}% 187
\BOOKMARK [3][-]{subsubsection.7.11.2.2}{\376\377\0007\000.\0001\0001\000.\0002\000.\0002\000\040\000c\000l\000i\000c\000k\000s}{subsection.7.11.2}% 188
\BOOKMARK [3][-]{subsubsection.7.11.2.3}{\376\377\0007\000.\0001\0001\000.\0002\000.\0003\000\040\000c\000o\000n\000v\000e\000r\000s\000i\000o\000n\000s}{subsection.7.11.2}% 189
\BOOKMARK [3][-]{subsubsection.7.11.2.4}{\376\377\0007\000.\0001\0001\000.\0002\000.\0004\000\040\000d\000a\000t\000e}{subsection.7.11.2}% 190
\BOOKMARK [3][-]{subsubsection.7.11.2.5}{\376\377\0007\000.\0001\0001\000.\0002\000.\0005\000\040\000i\000m\000p\000r\000e\000s\000s\000i\000o\000n\000s}{subsection.7.11.2}% 191
\BOOKMARK [1][-]{section.7.12}{\376\377\0007\000.\0001\0002\000\040\000b\000a\000n\000n\000e\000r\000f\000l\000o\000w\000\137\000a\000p\000p\000.\000a\000d\000m\000i\000n\000.\000C\000a\000m\000p\000a\000i\000g\000n\000S\000t\000a\000t\000i\000s\000t\000i\000c\000s\000A\000d\000m\000i\000n\000\040\000C\000l\000a\000s\000s\000\040\000R\000e\000f\000e\000r\000e\000n\000c\000e}{chapter.7}% 192
\BOOKMARK [2][-]{subsection.7.12.1}{\376\377\0007\000.\0001\0002\000.\0001\000\040\000M\000e\000m\000b\000e\000r\000\040\000D\000a\000t\000a\000\040\000D\000o\000c\000u\000m\000e\000n\000t\000a\000t\000i\000o\000n}{section.7.12}% 193
\BOOKMARK [3][-]{subsubsection.7.12.1.1}{\376\377\0007\000.\0001\0002\000.\0001\000.\0001\000\040\000l\000i\000s\000t\000\137\000d\000i\000s\000p\000l\000a\000y}{subsection.7.12.1}% 194
\BOOKMARK [3][-]{subsubsection.7.12.1.2}{\376\377\0007\000.\0001\0002\000.\0001\000.\0002\000\040\000l\000i\000s\000t\000\137\000f\000i\000l\000t\000e\000r}{subsection.7.12.1}% 195
\BOOKMARK [3][-]{subsubsection.7.12.1.3}{\376\377\0007\000.\0001\0002\000.\0001\000.\0003\000\040\000r\000e\000a\000d\000o\000n\000l\000y\000\137\000f\000i\000e\000l\000d\000s}{subsection.7.12.1}% 196
\BOOKMARK [3][-]{subsubsection.7.12.1.4}{\376\377\0007\000.\0001\0002\000.\0001\000.\0004\000\040\000s\000e\000a\000r\000c\000h\000\137\000f\000i\000e\000l\000d\000s}{subsection.7.12.1}% 197
\BOOKMARK [1][-]{section.7.13}{\376\377\0007\000.\0001\0003\000\040\000b\000a\000n\000n\000e\000r\000f\000l\000o\000w\000\137\000a\000p\000p\000.\000a\000d\000m\000i\000n\000.\000C\000u\000s\000t\000o\000m\000U\000s\000e\000r\000A\000d\000m\000i\000n\000\040\000C\000l\000a\000s\000s\000\040\000R\000e\000f\000e\000r\000e\000n\000c\000e}{chapter.7}% 198
\BOOKMARK [2][-]{subsection.7.13.1}{\376\377\0007\000.\0001\0003\000.\0001\000\040\000M\000e\000m\000b\000e\000r\000\040\000D\000a\000t\000a\000\040\000D\000o\000c\000u\000m\000e\000n\000t\000a\000t\000i\000o\000n}{section.7.13}% 199
\BOOKMARK [3][-]{subsubsection.7.13.1.1}{\376\377\0007\000.\0001\0003\000.\0001\000.\0001\000\040\000i\000n\000l\000i\000n\000e\000s}{subsection.7.13.1}% 200
\BOOKMARK [1][-]{section.7.14}{\376\377\0007\000.\0001\0004\000\040\000b\000a\000n\000n\000e\000r\000f\000l\000o\000w\000\137\000a\000p\000p\000.\000m\000o\000d\000e\000l\000s\000.\000G\000a\000m\000e\000D\000a\000t\000a\000\040\000C\000l\000a\000s\000s\000\040\000R\000e\000f\000e\000r\000e\000n\000c\000e}{chapter.7}% 201
\BOOKMARK [2][-]{subsection.7.14.1}{\376\377\0007\000.\0001\0004\000.\0001\000\040\000D\000e\000t\000a\000i\000l\000e\000d\000\040\000D\000e\000s\000c\000r\000i\000p\000t\000i\000o\000n}{section.7.14}% 202
\BOOKMARK [2][-]{subsection.7.14.2}{\376\377\0007\000.\0001\0004\000.\0002\000\040\000M\000e\000m\000b\000e\000r\000\040\000F\000u\000n\000c\000t\000i\000o\000n\000\040\000D\000o\000c\000u\000m\000e\000n\000t\000a\000t\000i\000o\000n}{section.7.14}% 203
\BOOKMARK [3][-]{subsubsection.7.14.2.1}{\376\377\0007\000.\0001\0004\000.\0002\000.\0001\000\040\000\137\000\137\000s\000t\000r\000\137\000\137\000\050\000\051}{subsection.7.14.2}% 204
\BOOKMARK [2][-]{subsection.7.14.3}{\376\377\0007\000.\0001\0004\000.\0003\000\040\000M\000e\000m\000b\000e\000r\000\040\000D\000a\000t\000a\000\040\000D\000o\000c\000u\000m\000e\000n\000t\000a\000t\000i\000o\000n}{section.7.14}% 205
\BOOKMARK [3][-]{subsubsection.7.14.3.1}{\376\377\0007\000.\0001\0004\000.\0003\000.\0001\000\040\000a\000c\000h\000i\000e\000v\000e\000m\000e\000n\000t\000s}{subsection.7.14.3}% 206
\BOOKMARK [3][-]{subsubsection.7.14.3.2}{\376\377\0007\000.\0001\0004\000.\0003\000.\0002\000\040\000d\000a\000t\000a\000\137\000f\000i\000l\000e}{subsection.7.14.3}% 207
\BOOKMARK [3][-]{subsubsection.7.14.3.3}{\376\377\0007\000.\0001\0004\000.\0003\000.\0003\000\040\000g\000a\000m\000e\000\137\000n\000a\000m\000e}{subsection.7.14.3}% 208
\BOOKMARK [3][-]{subsubsection.7.14.3.4}{\376\377\0007\000.\0001\0004\000.\0003\000.\0004\000\040\000g\000a\000m\000e\000\137\000t\000y\000p\000e}{subsection.7.14.3}% 209
\BOOKMARK [3][-]{subsubsection.7.14.3.5}{\376\377\0007\000.\0001\0004\000.\0003\000.\0005\000\040\000G\000A\000M\000E\000\137\000T\000Y\000P\000E\000S}{subsection.7.14.3}% 210
\BOOKMARK [3][-]{subsubsection.7.14.3.6}{\376\377\0007\000.\0001\0004\000.\0003\000.\0006\000\040\000i\000m\000p\000o\000r\000t\000e\000d\000\137\000a\000t}{subsection.7.14.3}% 211
\BOOKMARK [3][-]{subsubsection.7.14.3.7}{\376\377\0007\000.\0001\0004\000.\0003\000.\0007\000\040\000l\000e\000v\000e\000l}{subsection.7.14.3}% 212
\BOOKMARK [3][-]{subsubsection.7.14.3.8}{\376\377\0007\000.\0001\0004\000.\0003\000.\0008\000\040\000p\000l\000a\000y\000\137\000t\000i\000m\000e}{subsection.7.14.3}% 213
\BOOKMARK [3][-]{subsubsection.7.14.3.9}{\376\377\0007\000.\0001\0004\000.\0003\000.\0009\000\040\000p\000l\000a\000y\000e\000r\000\137\000n\000a\000m\000e}{subsection.7.14.3}% 214
\BOOKMARK [3][-]{subsubsection.7.14.3.10}{\376\377\0007\000.\0001\0004\000.\0003\000.\0001\0000\000\040\000s\000c\000o\000r\000e}{subsection.7.14.3}% 215
\BOOKMARK [1][-]{section.7.15}{\376\377\0007\000.\0001\0005\000\040\000b\000a\000n\000n\000e\000r\000f\000l\000o\000w\000\137\000a\000p\000p\000.\000a\000d\000m\000i\000n\000.\000G\000a\000m\000e\000D\000a\000t\000a\000A\000d\000m\000i\000n\000\040\000C\000l\000a\000s\000s\000\040\000R\000e\000f\000e\000r\000e\000n\000c\000e}{chapter.7}% 216
\BOOKMARK [2][-]{subsection.7.15.1}{\376\377\0007\000.\0001\0005\000.\0001\000\040\000M\000e\000m\000b\000e\000r\000\040\000D\000a\000t\000a\000\040\000D\000o\000c\000u\000m\000e\000n\000t\000a\000t\000i\000o\000n}{section.7.15}% 217
\BOOKMARK [3][-]{subsubsection.7.15.1.1}{\376\377\0007\000.\0001\0005\000.\0001\000.\0001\000\040\000l\000i\000s\000t\000\137\000d\000i\000s\000p\000l\000a\000y}{subsection.7.15.1}% 218
\BOOKMARK [3][-]{subsubsection.7.15.1.2}{\376\377\0007\000.\0001\0005\000.\0001\000.\0002\000\040\000l\000i\000s\000t\000\137\000f\000i\000l\000t\000e\000r}{subsection.7.15.1}% 219
\BOOKMARK [3][-]{subsubsection.7.15.1.3}{\376\377\0007\000.\0001\0005\000.\0001\000.\0003\000\040\000s\000e\000a\000r\000c\000h\000\137\000f\000i\000e\000l\000d\000s}{subsection.7.15.1}% 220
\BOOKMARK [1][-]{section.7.16}{\376\377\0007\000.\0001\0006\000\040\000b\000a\000n\000n\000e\000r\000f\000l\000o\000w\000\137\000a\000p\000p\000.\000m\000o\000d\000e\000l\000s\000.\000G\000e\000n\000e\000r\000a\000t\000e\000d\000B\000a\000n\000n\000e\000r\000\040\000C\000l\000a\000s\000s\000\040\000R\000e\000f\000e\000r\000e\000n\000c\000e}{chapter.7}% 221
\BOOKMARK [2][-]{subsection.7.16.1}{\376\377\0007\000.\0001\0006\000.\0001\000\040\000D\000e\000t\000a\000i\000l\000e\000d\000\040\000D\000e\000s\000c\000r\000i\000p\000t\000i\000o\000n}{section.7.16}% 222
\BOOKMARK [2][-]{subsection.7.16.2}{\376\377\0007\000.\0001\0006\000.\0002\000\040\000M\000e\000m\000b\000e\000r\000\040\000F\000u\000n\000c\000t\000i\000o\000n\000\040\000D\000o\000c\000u\000m\000e\000n\000t\000a\000t\000i\000o\000n}{section.7.16}% 223
\BOOKMARK [3][-]{subsubsection.7.16.2.1}{\376\377\0007\000.\0001\0006\000.\0002\000.\0001\000\040\000\137\000\137\000s\000t\000r\000\137\000\137\000\050\000\051}{subsection.7.16.2}% 224
\BOOKMARK [2][-]{subsection.7.16.3}{\376\377\0007\000.\0001\0006\000.\0003\000\040\000M\000e\000m\000b\000e\000r\000\040\000D\000a\000t\000a\000\040\000D\000o\000c\000u\000m\000e\000n\000t\000a\000t\000i\000o\000n}{section.7.16}% 225
\BOOKMARK [3][-]{subsubsection.7.16.3.1}{\376\377\0007\000.\0001\0006\000.\0003\000.\0001\000\040\000c\000r\000e\000a\000t\000e\000d\000\137\000a\000t}{subsection.7.16.3}% 226
\BOOKMARK [3][-]{subsubsection.7.16.3.2}{\376\377\0007\000.\0001\0006\000.\0003\000.\0002\000\040\000g\000a\000m\000e\000\137\000d\000a\000t\000a}{subsection.7.16.3}% 227
\BOOKMARK [3][-]{subsubsection.7.16.3.3}{\376\377\0007\000.\0001\0006\000.\0003\000.\0003\000\040\000g\000o\000d\000o\000t\000\137\000e\000x\000p\000o\000r\000t}{subsection.7.16.3}% 228
\BOOKMARK [3][-]{subsubsection.7.16.3.4}{\376\377\0007\000.\0001\0006\000.\0003\000.\0004\000\040\000h\000t\000m\000l\000\137\000c\000o\000n\000t\000e\000n\000t}{subsection.7.16.3}% 229
\BOOKMARK [3][-]{subsubsection.7.16.3.5}{\376\377\0007\000.\0001\0006\000.\0003\000.\0005\000\040\000n\000a\000m\000e}{subsection.7.16.3}% 230
\BOOKMARK [3][-]{subsubsection.7.16.3.6}{\376\377\0007\000.\0001\0006\000.\0003\000.\0006\000\040\000p\000r\000e\000v\000i\000e\000w\000\137\000u\000r\000l}{subsection.7.16.3}% 231
\BOOKMARK [3][-]{subsubsection.7.16.3.7}{\376\377\0007\000.\0001\0006\000.\0003\000.\0007\000\040\000t\000e\000m\000p\000l\000a\000t\000e}{subsection.7.16.3}% 232
\BOOKMARK [1][-]{section.7.17}{\376\377\0007\000.\0001\0007\000\040\000b\000a\000n\000n\000e\000r\000f\000l\000o\000w\000\137\000a\000p\000p\000.\000a\000d\000m\000i\000n\000.\000G\000e\000n\000e\000r\000a\000t\000e\000d\000B\000a\000n\000n\000e\000r\000A\000d\000m\000i\000n\000\040\000C\000l\000a\000s\000s\000\040\000R\000e\000f\000e\000r\000e\000n\000c\000e}{chapter.7}% 233
\BOOKMARK [2][-]{subsection.7.17.1}{\376\377\0007\000.\0001\0007\000.\0001\000\040\000M\000e\000m\000b\000e\000r\000\040\000D\000a\000t\000a\000\040\000D\000o\000c\000u\000m\000e\000n\000t\000a\000t\000i\000o\000n}{section.7.17}% 234
\BOOKMARK [3][-]{subsubsection.7.17.1.1}{\376\377\0007\000.\0001\0007\000.\0001\000.\0001\000\040\000l\000i\000s\000t\000\137\000d\000i\000s\000p\000l\000a\000y}{subsection.7.17.1}% 235
\BOOKMARK [3][-]{subsubsection.7.17.1.2}{\376\377\0007\000.\0001\0007\000.\0001\000.\0002\000\040\000l\000i\000s\000t\000\137\000f\000i\000l\000t\000e\000r}{subsection.7.17.1}% 236
\BOOKMARK [3][-]{subsubsection.7.17.1.3}{\376\377\0007\000.\0001\0007\000.\0001\000.\0003\000\040\000r\000e\000a\000d\000o\000n\000l\000y\000\137\000f\000i\000e\000l\000d\000s}{subsection.7.17.1}% 237
\BOOKMARK [3][-]{subsubsection.7.17.1.4}{\376\377\0007\000.\0001\0007\000.\0001\000.\0004\000\040\000s\000e\000a\000r\000c\000h\000\137\000f\000i\000e\000l\000d\000s}{subsection.7.17.1}% 238
\BOOKMARK [1][-]{section.7.18}{\376\377\0007\000.\0001\0008\000\040\000b\000a\000n\000n\000e\000r\000f\000l\000o\000w\000\137\000a\000p\000p\000.\000m\000o\000d\000e\000l\000s\000.\000B\000a\000n\000n\000e\000r\000T\000e\000m\000p\000l\000a\000t\000e\000.\000M\000e\000t\000a\000\040\000C\000l\000a\000s\000s\000\040\000R\000e\000f\000e\000r\000e\000n\000c\000e}{chapter.7}% 239
\BOOKMARK [2][-]{subsection.7.18.1}{\376\377\0007\000.\0001\0008\000.\0001\000\040\000M\000e\000m\000b\000e\000r\000\040\000D\000a\000t\000a\000\040\000D\000o\000c\000u\000m\000e\000n\000t\000a\000t\000i\000o\000n}{section.7.18}% 240
\BOOKMARK [3][-]{subsubsection.7.18.1.1}{\376\377\0007\000.\0001\0008\000.\0001\000.\0001\000\040\000v\000e\000r\000b\000o\000s\000e\000\137\000n\000a\000m\000e}{subsection.7.18.1}% 241
\BOOKMARK [3][-]{subsubsection.7.18.1.2}{\376\377\0007\000.\0001\0008\000.\0001\000.\0002\000\040\000v\000e\000r\000b\000o\000s\000e\000\137\000n\000a\000m\000e\000\137\000p\000l\000u\000r\000a\000l}{subsection.7.18.1}% 242
\BOOKMARK [1][-]{section.7.19}{\376\377\0007\000.\0001\0009\000\040\000b\000a\000n\000n\000e\000r\000f\000l\000o\000w\000\137\000a\000p\000p\000.\000m\000o\000d\000e\000l\000s\000.\000C\000a\000m\000p\000a\000i\000g\000n\000S\000t\000a\000t\000i\000s\000t\000i\000c\000s\000.\000M\000e\000t\000a\000\040\000C\000l\000a\000s\000s\000\040\000R\000e\000f\000e\000r\000e\000n\000c\000e}{chapter.7}% 243
\BOOKMARK [2][-]{subsection.7.19.1}{\376\377\0007\000.\0001\0009\000.\0001\000\040\000M\000e\000m\000b\000e\000r\000\040\000D\000a\000t\000a\000\040\000D\000o\000c\000u\000m\000e\000n\000t\000a\000t\000i\000o\000n}{section.7.19}% 244
\BOOKMARK [3][-]{subsubsection.7.19.1.1}{\376\377\0007\000.\0001\0009\000.\0001\000.\0001\000\040\000v\000e\000r\000b\000o\000s\000e\000\137\000n\000a\000m\000e}{subsection.7.19.1}% 245
\BOOKMARK [3][-]{subsubsection.7.19.1.2}{\376\377\0007\000.\0001\0009\000.\0001\000.\0002\000\040\000v\000e\000r\000b\000o\000s\000e\000\137\000n\000a\000m\000e\000\137\000p\000l\000u\000r\000a\000l}{subsection.7.19.1}% 246
\BOOKMARK [1][-]{section.7.20}{\376\377\0007\000.\0002\0000\000\040\000b\000a\000n\000n\000e\000r\000f\000l\000o\000w\000\137\000a\000p\000p\000.\000m\000o\000d\000e\000l\000s\000.\000G\000a\000m\000e\000D\000a\000t\000a\000.\000M\000e\000t\000a\000\040\000C\000l\000a\000s\000s\000\040\000R\000e\000f\000e\000r\000e\000n\000c\000e}{chapter.7}% 247
\BOOKMARK [2][-]{subsection.7.20.1}{\376\377\0007\000.\0002\0000\000.\0001\000\040\000M\000e\000m\000b\000e\000r\000\040\000D\000a\000t\000a\000\040\000D\000o\000c\000u\000m\000e\000n\000t\000a\000t\000i\000o\000n}{section.7.20}% 248
\BOOKMARK [3][-]{subsubsection.7.20.1.1}{\376\377\0007\000.\0002\0000\000.\0001\000.\0001\000\040\000v\000e\000r\000b\000o\000s\000e\000\137\000n\000a\000m\000e}{subsection.7.20.1}% 249
\BOOKMARK [3][-]{subsubsection.7.20.1.2}{\376\377\0007\000.\0002\0000\000.\0001\000.\0002\000\040\000v\000e\000r\000b\000o\000s\000e\000\137\000n\000a\000m\000e\000\137\000p\000l\000u\000r\000a\000l}{subsection.7.20.1}% 250
\BOOKMARK [1][-]{section.7.21}{\376\377\0007\000.\0002\0001\000\040\000b\000a\000n\000n\000e\000r\000f\000l\000o\000w\000\137\000a\000p\000p\000.\000m\000o\000d\000e\000l\000s\000.\000G\000e\000n\000e\000r\000a\000t\000e\000d\000B\000a\000n\000n\000e\000r\000.\000M\000e\000t\000a\000\040\000C\000l\000a\000s\000s\000\040\000R\000e\000f\000e\000r\000e\000n\000c\000e}{chapter.7}% 251
\BOOKMARK [2][-]{subsection.7.21.1}{\376\377\0007\000.\0002\0001\000.\0001\000\040\000M\000e\000m\000b\000e\000r\000\040\000D\000a\000t\000a\000\040\000D\000o\000c\000u\000m\000e\000n\000t\000a\000t\000i\000o\000n}{section.7.21}% 252
\BOOKMARK [3][-]{subsubsection.7.21.1.1}{\376\377\0007\000.\0002\0001\000.\0001\000.\0001\000\040\000v\000e\000r\000b\000o\000s\000e\000\137\000n\000a\000m\000e}{subsection.7.21.1}% 253
\BOOKMARK [3][-]{subsubsection.7.21.1.2}{\376\377\0007\000.\0002\0001\000.\0001\000.\0002\000\040\000v\000e\000r\000b\000o\000s\000e\000\137\000n\000a\000m\000e\000\137\000p\000l\000u\000r\000a\000l}{subsection.7.21.1}% 254
\BOOKMARK [1][-]{section.7.22}{\376\377\0007\000.\0002\0002\000\040\000b\000a\000n\000n\000e\000r\000f\000l\000o\000w\000\137\000a\000p\000p\000.\000s\000e\000r\000v\000i\000c\000e\000s\000.\000N\000o\000t\000i\000f\000i\000c\000a\000t\000i\000o\000n\000S\000e\000r\000v\000i\000c\000e\000\040\000C\000l\000a\000s\000s\000\040\000R\000e\000f\000e\000r\000e\000n\000c\000e}{chapter.7}% 255
\BOOKMARK [2][-]{subsection.7.22.1}{\376\377\0007\000.\0002\0002\000.\0001\000\040\000D\000e\000t\000a\000i\000l\000e\000d\000\040\000D\000e\000s\000c\000r\000i\000p\000t\000i\000o\000n}{section.7.22}% 256
\BOOKMARK [2][-]{subsection.7.22.2}{\376\377\0007\000.\0002\0002\000.\0002\000\040\000M\000e\000m\000b\000e\000r\000\040\000F\000u\000n\000c\000t\000i\000o\000n\000\040\000D\000o\000c\000u\000m\000e\000n\000t\000a\000t\000i\000o\000n}{section.7.22}% 257
\BOOKMARK [3][-]{subsubsection.7.22.2.1}{\376\377\0007\000.\0002\0002\000.\0002\000.\0001\000\040\000s\000e\000n\000d\000\137\000b\000u\000d\000g\000e\000t\000\137\000n\000o\000t\000i\000f\000i\000c\000a\000t\000i\000o\000n\000\050\000\051}{subsection.7.22.2}% 258
\BOOKMARK [1][-]{section.7.23}{\376\377\0007\000.\0002\0003\000\040\000b\000a\000n\000n\000e\000r\000f\000l\000o\000w\000\137\000a\000p\000p\000.\000s\000e\000r\000v\000i\000c\000e\000s\000.\000S\000t\000a\000t\000i\000s\000t\000i\000c\000s\000S\000e\000r\000v\000i\000c\000e\000\040\000C\000l\000a\000s\000s\000\040\000R\000e\000f\000e\000r\000e\000n\000c\000e}{chapter.7}% 259
\BOOKMARK [2][-]{subsection.7.23.1}{\376\377\0007\000.\0002\0003\000.\0001\000\040\000D\000e\000t\000a\000i\000l\000e\000d\000\040\000D\000e\000s\000c\000r\000i\000p\000t\000i\000o\000n}{section.7.23}% 260
\BOOKMARK [2][-]{subsection.7.23.2}{\376\377\0007\000.\0002\0003\000.\0002\000\040\000M\000e\000m\000b\000e\000r\000\040\000F\000u\000n\000c\000t\000i\000o\000n\000\040\000D\000o\000c\000u\000m\000e\000n\000t\000a\000t\000i\000o\000n}{section.7.23}% 261
\BOOKMARK [3][-]{subsubsection.7.23.2.1}{\376\377\0007\000.\0002\0003\000.\0002\000.\0001\000\040\000c\000a\000l\000c\000u\000l\000a\000t\000e\000\137\000c\000t\000r\000\050\000\051}{subsection.7.23.2}% 262
\BOOKMARK [3][-]{subsubsection.7.23.2.2}{\376\377\0007\000.\0002\0003\000.\0002\000.\0002\000\040\000g\000e\000t\000\137\000c\000a\000m\000p\000a\000i\000g\000n\000\137\000s\000t\000a\000t\000s\000\050\000\051}{subsection.7.23.2}% 263
\BOOKMARK [1][-]{section.7.24}{\376\377\0007\000.\0002\0004\000\040\000b\000a\000n\000n\000e\000r\000f\000l\000o\000w\000\137\000a\000p\000p\000.\000t\000e\000s\000t\000s\000.\000T\000e\000s\000t\000A\000P\000I\000A\000n\000d\000S\000e\000r\000v\000i\000c\000e\000s\000\040\000C\000l\000a\000s\000s\000\040\000R\000e\000f\000e\000r\000e\000n\000c\000e}{chapter.7}% 264
\BOOKMARK [2][-]{subsection.7.24.1}{\376\377\0007\000.\0002\0004\000.\0001\000\040\000D\000e\000t\000a\000i\000l\000e\000d\000\040\000D\000e\000s\000c\000r\000i\000p\000t\000i\000o\000n}{section.7.24}% 265
\BOOKMARK [2][-]{subsection.7.24.2}{\376\377\0007\000.\0002\0004\000.\0002\000\040\000M\000e\000m\000b\000e\000r\000\040\000F\000u\000n\000c\000t\000i\000o\000n\000\040\000D\000o\000c\000u\000m\000e\000n\000t\000a\000t\000i\000o\000n}{section.7.24}% 266
\BOOKMARK [3][-]{subsubsection.7.24.2.1}{\376\377\0007\000.\0002\0004\000.\0002\000.\0001\000\040\000s\000e\000t\000U\000p\000\050\000\051}{subsection.7.24.2}% 267
\BOOKMARK [3][-]{subsubsection.7.24.2.2}{\376\377\0007\000.\0002\0004\000.\0002\000.\0002\000\040\000t\000e\000s\000t\000\137\000a\000p\000i\000\137\000e\000n\000d\000p\000o\000i\000n\000t\000\050\000\051}{subsection.7.24.2}% 268
\BOOKMARK [3][-]{subsubsection.7.24.2.3}{\376\377\0007\000.\0002\0004\000.\0002\000.\0003\000\040\000t\000e\000s\000t\000\137\000h\000o\000m\000e\000\137\000p\000a\000g\000e\000\050\000\051}{subsection.7.24.2}% 269
\BOOKMARK [3][-]{subsubsection.7.24.2.4}{\376\377\0007\000.\0002\0004\000.\0002\000.\0004\000\040\000t\000e\000s\000t\000\137\000s\000e\000r\000v\000i\000c\000e\000s\000\050\000\051}{subsection.7.24.2}% 270
\BOOKMARK [2][-]{subsection.7.24.3}{\376\377\0007\000.\0002\0004\000.\0003\000\040\000M\000e\000m\000b\000e\000r\000\040\000D\000a\000t\000a\000\040\000D\000o\000c\000u\000m\000e\000n\000t\000a\000t\000i\000o\000n}{section.7.24}% 271
\BOOKMARK [3][-]{subsubsection.7.24.3.1}{\376\377\0007\000.\0002\0004\000.\0003\000.\0001\000\040\000b\000a\000n\000n\000e\000r}{subsection.7.24.3}% 272
\BOOKMARK [3][-]{subsubsection.7.24.3.2}{\376\377\0007\000.\0002\0004\000.\0003\000.\0002\000\040\000c\000a\000m\000p\000a\000i\000g\000n}{subsection.7.24.3}% 273
\BOOKMARK [3][-]{subsubsection.7.24.3.3}{\376\377\0007\000.\0002\0004\000.\0003\000.\0003\000\040\000c\000l\000i\000e\000n\000t}{subsection.7.24.3}% 274
\BOOKMARK [3][-]{subsubsection.7.24.3.4}{\376\377\0007\000.\0002\0004\000.\0003\000.\0004\000\040\000u\000s\000e\000r}{subsection.7.24.3}% 275
\BOOKMARK [1][-]{section.7.25}{\376\377\0007\000.\0002\0005\000\040\000b\000a\000n\000n\000e\000r\000f\000l\000o\000w\000\137\000a\000p\000p\000.\000t\000e\000s\000t\000s\000.\000T\000e\000s\000t\000B\000a\000n\000n\000e\000r\000G\000e\000n\000e\000r\000a\000t\000o\000r\000\040\000C\000l\000a\000s\000s\000\040\000R\000e\000f\000e\000r\000e\000n\000c\000e}{chapter.7}% 276
\BOOKMARK [2][-]{subsection.7.25.1}{\376\377\0007\000.\0002\0005\000.\0001\000\040\000D\000e\000t\000a\000i\000l\000e\000d\000\040\000D\000e\000s\000c\000r\000i\000p\000t\000i\000o\000n}{section.7.25}% 277
\BOOKMARK [2][-]{subsection.7.25.2}{\376\377\0007\000.\0002\0005\000.\0002\000\040\000M\000e\000m\000b\000e\000r\000\040\000F\000u\000n\000c\000t\000i\000o\000n\000\040\000D\000o\000c\000u\000m\000e\000n\000t\000a\000t\000i\000o\000n}{section.7.25}% 278
\BOOKMARK [3][-]{subsubsection.7.25.2.1}{\376\377\0007\000.\0002\0005\000.\0002\000.\0001\000\040\000s\000e\000t\000U\000p\000\050\000\051}{subsection.7.25.2}% 279
\BOOKMARK [3][-]{subsubsection.7.25.2.2}{\376\377\0007\000.\0002\0005\000.\0002\000.\0002\000\040\000t\000e\000s\000t\000\137\000b\000a\000n\000n\000e\000r\000\137\000g\000e\000n\000e\000r\000a\000t\000i\000o\000n\000\050\000\051}{subsection.7.25.2}% 280
\BOOKMARK [3][-]{subsubsection.7.25.2.3}{\376\377\0007\000.\0002\0005\000.\0002\000.\0003\000\040\000t\000e\000s\000t\000\137\000g\000a\000m\000e\000\137\000f\000i\000l\000e\000\137\000p\000a\000r\000s\000i\000n\000g\000\050\000\051}{subsection.7.25.2}% 281
\BOOKMARK [2][-]{subsection.7.25.3}{\376\377\0007\000.\0002\0005\000.\0003\000\040\000M\000e\000m\000b\000e\000r\000\040\000D\000a\000t\000a\000\040\000D\000o\000c\000u\000m\000e\000n\000t\000a\000t\000i\000o\000n}{section.7.25}% 282
\BOOKMARK [3][-]{subsubsection.7.25.3.1}{\376\377\0007\000.\0002\0005\000.\0003\000.\0001\000\040\000g\000a\000m\000e\000\137\000d\000a\000t\000a}{subsection.7.25.3}% 283
\BOOKMARK [3][-]{subsubsection.7.25.3.2}{\376\377\0007\000.\0002\0005\000.\0003\000.\0002\000\040\000t\000e\000m\000p\000l\000a\000t\000e}{subsection.7.25.3}% 284
\BOOKMARK [1][-]{section.7.26}{\376\377\0007\000.\0002\0006\000\040\000b\000a\000n\000n\000e\000r\000f\000l\000o\000w\000\137\000a\000p\000p\000.\000t\000e\000s\000t\000s\000.\000T\000e\000s\000t\000B\000a\000n\000n\000e\000r\000M\000o\000d\000e\000l\000\040\000C\000l\000a\000s\000s\000\040\000R\000e\000f\000e\000r\000e\000n\000c\000e}{chapter.7}% 285
\BOOKMARK [2][-]{subsection.7.26.1}{\376\377\0007\000.\0002\0006\000.\0001\000\040\000D\000e\000t\000a\000i\000l\000e\000d\000\040\000D\000e\000s\000c\000r\000i\000p\000t\000i\000o\000n}{section.7.26}% 286
\BOOKMARK [2][-]{subsection.7.26.2}{\376\377\0007\000.\0002\0006\000.\0002\000\040\000M\000e\000m\000b\000e\000r\000\040\000F\000u\000n\000c\000t\000i\000o\000n\000\040\000D\000o\000c\000u\000m\000e\000n\000t\000a\000t\000i\000o\000n}{section.7.26}% 287
\BOOKMARK [3][-]{subsubsection.7.26.2.1}{\376\377\0007\000.\0002\0006\000.\0002\000.\0001\000\040\000s\000e\000t\000U\000p\000\050\000\051}{subsection.7.26.2}% 288
\BOOKMARK [3][-]{subsubsection.7.26.2.2}{\376\377\0007\000.\0002\0006\000.\0002\000.\0002\000\040\000t\000e\000s\000t\000\137\000b\000a\000n\000n\000e\000r\000\137\000c\000r\000e\000a\000t\000i\000o\000n\000\050\000\051}{subsection.7.26.2}% 289
\BOOKMARK [2][-]{subsection.7.26.3}{\376\377\0007\000.\0002\0006\000.\0003\000\040\000M\000e\000m\000b\000e\000r\000\040\000D\000a\000t\000a\000\040\000D\000o\000c\000u\000m\000e\000n\000t\000a\000t\000i\000o\000n}{section.7.26}% 290
\BOOKMARK [3][-]{subsubsection.7.26.3.1}{\376\377\0007\000.\0002\0006\000.\0003\000.\0001\000\040\000c\000a\000m\000p\000a\000i\000g\000n}{subsection.7.26.3}% 291
\BOOKMARK [3][-]{subsubsection.7.26.3.2}{\376\377\0007\000.\0002\0006\000.\0003\000.\0002\000\040\000u\000s\000e\000r}{subsection.7.26.3}% 292
\BOOKMARK [1][-]{section.7.27}{\376\377\0007\000.\0002\0007\000\040\000b\000a\000n\000n\000e\000r\000f\000l\000o\000w\000\137\000a\000p\000p\000.\000t\000e\000s\000t\000s\000.\000T\000e\000s\000t\000B\000a\000n\000n\000e\000r\000T\000e\000m\000p\000l\000a\000t\000e\000M\000o\000d\000e\000l\000\040\000C\000l\000a\000s\000s\000\040\000R\000e\000f\000e\000r\000e\000n\000c\000e}{chapter.7}% 293
\BOOKMARK [2][-]{subsection.7.27.1}{\376\377\0007\000.\0002\0007\000.\0001\000\040\000D\000e\000t\000a\000i\000l\000e\000d\000\040\000D\000e\000s\000c\000r\000i\000p\000t\000i\000o\000n}{section.7.27}% 294
\BOOKMARK [2][-]{subsection.7.27.2}{\376\377\0007\000.\0002\0007\000.\0002\000\040\000M\000e\000m\000b\000e\000r\000\040\000F\000u\000n\000c\000t\000i\000o\000n\000\040\000D\000o\000c\000u\000m\000e\000n\000t\000a\000t\000i\000o\000n}{section.7.27}% 295
\BOOKMARK [3][-]{subsubsection.7.27.2.1}{\376\377\0007\000.\0002\0007\000.\0002\000.\0001\000\040\000t\000e\000s\000t\000\137\000t\000e\000m\000p\000l\000a\000t\000e\000\137\000c\000r\000e\000a\000t\000i\000o\000n\000\050\000\051}{subsection.7.27.2}% 296
\BOOKMARK [1][-]{section.7.28}{\376\377\0007\000.\0002\0008\000\040\000b\000a\000n\000n\000e\000r\000f\000l\000o\000w\000\137\000a\000p\000p\000.\000t\000e\000s\000t\000s\000.\000T\000e\000s\000t\000C\000a\000m\000p\000a\000i\000g\000n\000M\000o\000d\000e\000l\000\040\000C\000l\000a\000s\000s\000\040\000R\000e\000f\000e\000r\000e\000n\000c\000e}{chapter.7}% 297
\BOOKMARK [2][-]{subsection.7.28.1}{\376\377\0007\000.\0002\0008\000.\0001\000\040\000D\000e\000t\000a\000i\000l\000e\000d\000\040\000D\000e\000s\000c\000r\000i\000p\000t\000i\000o\000n}{section.7.28}% 298
\BOOKMARK [2][-]{subsection.7.28.2}{\376\377\0007\000.\0002\0008\000.\0002\000\040\000M\000e\000m\000b\000e\000r\000\040\000F\000u\000n\000c\000t\000i\000o\000n\000\040\000D\000o\000c\000u\000m\000e\000n\000t\000a\000t\000i\000o\000n}{section.7.28}% 299
\BOOKMARK [3][-]{subsubsection.7.28.2.1}{\376\377\0007\000.\0002\0008\000.\0002\000.\0001\000\040\000s\000e\000t\000U\000p\000\050\000\051}{subsection.7.28.2}% 300
\BOOKMARK [3][-]{subsubsection.7.28.2.2}{\376\377\0007\000.\0002\0008\000.\0002\000.\0002\000\040\000t\000e\000s\000t\000\137\000c\000a\000m\000p\000a\000i\000g\000n\000\137\000c\000r\000e\000a\000t\000i\000o\000n\000\137\000a\000n\000d\000\137\000m\000e\000t\000h\000o\000d\000s\000\050\000\051}{subsection.7.28.2}% 301
\BOOKMARK [2][-]{subsection.7.28.3}{\376\377\0007\000.\0002\0008\000.\0003\000\040\000M\000e\000m\000b\000e\000r\000\040\000D\000a\000t\000a\000\040\000D\000o\000c\000u\000m\000e\000n\000t\000a\000t\000i\000o\000n}{section.7.28}% 302
\BOOKMARK [3][-]{subsubsection.7.28.3.1}{\376\377\0007\000.\0002\0008\000.\0003\000.\0001\000\040\000u\000s\000e\000r}{subsection.7.28.3}% 303
\BOOKMARK [1][-]{section.7.29}{\376\377\0007\000.\0002\0009\000\040\000b\000a\000n\000n\000e\000r\000f\000l\000o\000w\000\137\000a\000p\000p\000.\000t\000e\000s\000t\000s\000.\000T\000e\000s\000t\000G\000a\000m\000e\000D\000a\000t\000a\000M\000o\000d\000e\000l\000\040\000C\000l\000a\000s\000s\000\040\000R\000e\000f\000e\000r\000e\000n\000c\000e}{chapter.7}% 304
\BOOKMARK [2][-]{subsection.7.29.1}{\376\377\0007\000.\0002\0009\000.\0001\000\040\000D\000e\000t\000a\000i\000l\000e\000d\000\040\000D\000e\000s\000c\000r\000i\000p\000t\000i\000o\000n}{section.7.29}% 305
\BOOKMARK [2][-]{subsection.7.29.2}{\376\377\0007\000.\0002\0009\000.\0002\000\040\000M\000e\000m\000b\000e\000r\000\040\000F\000u\000n\000c\000t\000i\000o\000n\000\040\000D\000o\000c\000u\000m\000e\000n\000t\000a\000t\000i\000o\000n}{section.7.29}% 306
\BOOKMARK [3][-]{subsubsection.7.29.2.1}{\376\377\0007\000.\0002\0009\000.\0002\000.\0001\000\040\000t\000e\000s\000t\000\137\000g\000a\000m\000e\000\137\000d\000a\000t\000a\000\137\000c\000r\000e\000a\000t\000i\000o\000n\000\050\000\051}{subsection.7.29.2}% 307
\BOOKMARK [1][-]{section.7.30}{\376\377\0007\000.\0003\0000\000\040\000b\000a\000n\000n\000e\000r\000f\000l\000o\000w\000\137\000a\000p\000p\000.\000t\000e\000s\000t\000s\000.\000T\000e\000s\000t\000N\000e\000g\000a\000t\000i\000v\000e\000S\000c\000e\000n\000a\000r\000i\000o\000s\000\040\000C\000l\000a\000s\000s\000\040\000R\000e\000f\000e\000r\000e\000n\000c\000e}{chapter.7}% 308
\BOOKMARK [2][-]{subsection.7.30.1}{\376\377\0007\000.\0003\0000\000.\0001\000\040\000D\000e\000t\000a\000i\000l\000e\000d\000\040\000D\000e\000s\000c\000r\000i\000p\000t\000i\000o\000n}{section.7.30}% 309
\BOOKMARK [2][-]{subsection.7.30.2}{\376\377\0007\000.\0003\0000\000.\0002\000\040\000M\000e\000m\000b\000e\000r\000\040\000F\000u\000n\000c\000t\000i\000o\000n\000\040\000D\000o\000c\000u\000m\000e\000n\000t\000a\000t\000i\000o\000n}{section.7.30}% 310
\BOOKMARK [3][-]{subsubsection.7.30.2.1}{\376\377\0007\000.\0003\0000\000.\0002\000.\0001\000\040\000s\000e\000t\000U\000p\000\050\000\051}{subsection.7.30.2}% 311
\BOOKMARK [3][-]{subsubsection.7.30.2.2}{\376\377\0007\000.\0003\0000\000.\0002\000.\0002\000\040\000t\000e\000s\000t\000\137\000n\000e\000g\000a\000t\000i\000v\000e\000\137\000c\000a\000s\000e\000s\000\050\000\051}{subsection.7.30.2}% 312
\BOOKMARK [2][-]{subsection.7.30.3}{\376\377\0007\000.\0003\0000\000.\0003\000\040\000M\000e\000m\000b\000e\000r\000\040\000D\000a\000t\000a\000\040\000D\000o\000c\000u\000m\000e\000n\000t\000a\000t\000i\000o\000n}{section.7.30}% 313
\BOOKMARK [3][-]{subsubsection.7.30.3.1}{\376\377\0007\000.\0003\0000\000.\0003\000.\0001\000\040\000u\000s\000e\000r}{subsection.7.30.3}% 314
\BOOKMARK [1][-]{section.7.31}{\376\377\0007\000.\0003\0001\000\040\000b\000a\000n\000n\000e\000r\000f\000l\000o\000w\000\137\000a\000p\000p\000.\000m\000o\000d\000e\000l\000s\000.\000U\000s\000e\000r\000P\000r\000o\000f\000i\000l\000e\000\040\000C\000l\000a\000s\000s\000\040\000R\000e\000f\000e\000r\000e\000n\000c\000e}{chapter.7}% 315
\BOOKMARK [2][-]{subsection.7.31.1}{\376\377\0007\000.\0003\0001\000.\0001\000\040\000M\000e\000m\000b\000e\000r\000\040\000F\000u\000n\000c\000t\000i\000o\000n\000\040\000D\000o\000c\000u\000m\000e\000n\000t\000a\000t\000i\000o\000n}{section.7.31}% 316
\BOOKMARK [3][-]{subsubsection.7.31.1.1}{\376\377\0007\000.\0003\0001\000.\0001\000.\0001\000\040\000\137\000\137\000s\000t\000r\000\137\000\137\000\050\000\051}{subsection.7.31.1}% 317
\BOOKMARK [2][-]{subsection.7.31.2}{\376\377\0007\000.\0003\0001\000.\0002\000\040\000M\000e\000m\000b\000e\000r\000\040\000D\000a\000t\000a\000\040\000D\000o\000c\000u\000m\000e\000n\000t\000a\000t\000i\000o\000n}{section.7.31}% 318
\BOOKMARK [3][-]{subsubsection.7.31.2.1}{\376\377\0007\000.\0003\0001\000.\0002\000.\0001\000\040\000c\000r\000e\000a\000t\000e\000d\000\137\000a\000t}{subsection.7.31.2}% 319
\BOOKMARK [3][-]{subsubsection.7.31.2.2}{\376\377\0007\000.\0003\0001\000.\0002\000.\0002\000\040\000p\000h\000o\000n\000e}{subsection.7.31.2}% 320
\BOOKMARK [3][-]{subsubsection.7.31.2.3}{\376\377\0007\000.\0003\0001\000.\0002\000.\0003\000\040\000r\000o\000l\000e}{subsection.7.31.2}% 321
\BOOKMARK [3][-]{subsubsection.7.31.2.4}{\376\377\0007\000.\0003\0001\000.\0002\000.\0004\000\040\000R\000O\000L\000E\000\137\000C\000H\000O\000I\000C\000E\000S}{subsection.7.31.2}% 322
\BOOKMARK [3][-]{subsubsection.7.31.2.5}{\376\377\0007\000.\0003\0001\000.\0002\000.\0005\000\040\000u\000s\000e\000r}{subsection.7.31.2}% 323
\BOOKMARK [1][-]{section.7.32}{\376\377\0007\000.\0003\0002\000\040\000b\000a\000n\000n\000e\000r\000f\000l\000o\000w\000\137\000a\000p\000p\000.\000a\000d\000m\000i\000n\000.\000U\000s\000e\000r\000P\000r\000o\000f\000i\000l\000e\000A\000d\000m\000i\000n\000\040\000C\000l\000a\000s\000s\000\040\000R\000e\000f\000e\000r\000e\000n\000c\000e}{chapter.7}% 324
\BOOKMARK [2][-]{subsection.7.32.1}{\376\377\0007\000.\0003\0002\000.\0001\000\040\000M\000e\000m\000b\000e\000r\000\040\000D\000a\000t\000a\000\040\000D\000o\000c\000u\000m\000e\000n\000t\000a\000t\000i\000o\000n}{section.7.32}% 325
\BOOKMARK [3][-]{subsubsection.7.32.1.1}{\376\377\0007\000.\0003\0002\000.\0001\000.\0001\000\040\000l\000i\000s\000t\000\137\000d\000i\000s\000p\000l\000a\000y}{subsection.7.32.1}% 326
\BOOKMARK [3][-]{subsubsection.7.32.1.2}{\376\377\0007\000.\0003\0002\000.\0001\000.\0002\000\040\000l\000i\000s\000t\000\137\000f\000i\000l\000t\000e\000r}{subsection.7.32.1}% 327
\BOOKMARK [3][-]{subsubsection.7.32.1.3}{\376\377\0007\000.\0003\0002\000.\0001\000.\0003\000\040\000s\000e\000a\000r\000c\000h\000\137\000f\000i\000e\000l\000d\000s}{subsection.7.32.1}% 328
\BOOKMARK [1][-]{section.7.33}{\376\377\0007\000.\0003\0003\000\040\000b\000a\000n\000n\000e\000r\000f\000l\000o\000w\000\137\000a\000p\000p\000.\000a\000d\000m\000i\000n\000.\000U\000s\000e\000r\000P\000r\000o\000f\000i\000l\000e\000I\000n\000l\000i\000n\000e\000\040\000C\000l\000a\000s\000s\000\040\000R\000e\000f\000e\000r\000e\000n\000c\000e}{chapter.7}% 329
\BOOKMARK [2][-]{subsection.7.33.1}{\376\377\0007\000.\0003\0003\000.\0001\000\040\000M\000e\000m\000b\000e\000r\000\040\000D\000a\000t\000a\000\040\000D\000o\000c\000u\000m\000e\000n\000t\000a\000t\000i\000o\000n}{section.7.33}% 330
\BOOKMARK [3][-]{subsubsection.7.33.1.1}{\376\377\0007\000.\0003\0003\000.\0001\000.\0001\000\040\000c\000a\000n\000\137\000d\000e\000l\000e\000t\000e}{subsection.7.33.1}% 331
\BOOKMARK [3][-]{subsubsection.7.33.1.2}{\376\377\0007\000.\0003\0003\000.\0001\000.\0002\000\040\000m\000o\000d\000e\000l}{subsection.7.33.1}% 332
\BOOKMARK [0][-]{chapter.8}{\376\377\0008\000\040\000F\000i\000l\000e\000\040\000D\000o\000c\000u\000m\000e\000n\000t\000a\000t\000i\000o\000n}{}% 333
\BOOKMARK [1][-]{section.8.1}{\376\377\0008\000.\0001\000\040\000b\000a\000n\000n\000e\000r\000f\000l\000o\000w\000\137\000a\000p\000p\000/\000a\000d\000m\000i\000n\000.\000p\000y\000\040\000F\000i\000l\000e\000\040\000R\000e\000f\000e\000r\000e\000n\000c\000e}{chapter.8}% 334
\BOOKMARK [1][-]{section.8.2}{\376\377\0008\000.\0002\000\040\000b\000a\000n\000n\000e\000r\000f\000l\000o\000w\000\137\000a\000p\000p\000/\000b\000a\000n\000n\000e\000r\000\137\000g\000e\000n\000e\000r\000a\000t\000o\000r\000.\000p\000y\000\040\000F\000i\000l\000e\000\040\000R\000e\000f\000e\000r\000e\000n\000c\000e}{chapter.8}% 335
\BOOKMARK [1][-]{section.8.3}{\376\377\0008\000.\0003\000\040\000b\000a\000n\000n\000e\000r\000f\000l\000o\000w\000\137\000a\000p\000p\000/\000m\000o\000d\000e\000l\000s\000.\000p\000y\000\040\000F\000i\000l\000e\000\040\000R\000e\000f\000e\000r\000e\000n\000c\000e}{chapter.8}% 336
\BOOKMARK [1][-]{section.8.4}{\376\377\0008\000.\0004\000\040\000b\000a\000n\000n\000e\000r\000f\000l\000o\000w\000\137\000a\000p\000p\000/\000s\000e\000r\000v\000i\000c\000e\000s\000.\000p\000y\000\040\000F\000i\000l\000e\000\040\000R\000e\000f\000e\000r\000e\000n\000c\000e}{chapter.8}% 337
\BOOKMARK [1][-]{section.8.5}{\376\377\0008\000.\0005\000\040\000b\000a\000n\000n\000e\000r\000f\000l\000o\000w\000\137\000a\000p\000p\000/\000t\000e\000s\000t\000s\000.\000p\000y\000\040\000F\000i\000l\000e\000\040\000R\000e\000f\000e\000r\000e\000n\000c\000e}{chapter.8}% 338
\BOOKMARK [1][-]{section.8.6}{\376\377\0008\000.\0006\000\040\000b\000a\000n\000n\000e\000r\000f\000l\000o\000w\000\137\000a\000p\000p\000/\000v\000i\000e\000w\000s\000.\000p\000y\000\040\000F\000i\000l\000e\000\040\000R\000e\000f\000e\000r\000e\000n\000c\000e}{chapter.8}% 339
\BOOKMARK [1][-]{section.8.7}{\376\377\0008\000.\0007\000\040\000b\000a\000n\000n\000e\000r\000f\000l\000o\000w\000\137\000a\000p\000p\000/\000\137\000\137\000i\000n\000i\000t\000\137\000\137\000.\000p\000y\000\040\000F\000i\000l\000e\000\040\000R\000e\000f\000e\000r\000e\000n\000c\000e}{chapter.8}% 340
\BOOKMARK [1][-]{section.8.8}{\376\377\0008\000.\0008\000\040\000b\000a\000n\000n\000e\000r\000f\000l\000o\000w\000\137\000p\000r\000o\000j\000e\000c\000t\000/\000\137\000\137\000i\000n\000i\000t\000\137\000\137\000.\000p\000y\000\040\000F\000i\000l\000e\000\040\000R\000e\000f\000e\000r\000e\000n\000c\000e}{chapter.8}% 341
\BOOKMARK [1][-]{section.8.9}{\376\377\0008\000.\0009\000\040\000b\000a\000n\000n\000e\000r\000f\000l\000o\000w\000\137\000p\000r\000o\000j\000e\000c\000t\000/\000s\000e\000t\000t\000i\000n\000g\000s\000.\000p\000y\000\040\000F\000i\000l\000e\000\040\000R\000e\000f\000e\000r\000e\000n\000c\000e}{chapter.8}% 342
\BOOKMARK [1][-]{section.8.10}{\376\377\0008\000.\0001\0000\000\040\000b\000a\000n\000n\000e\000r\000f\000l\000o\000w\000\137\000a\000p\000p\000/\000u\000r\000l\000s\000.\000p\000y\000\040\000F\000i\000l\000e\000\040\000R\000e\000f\000e\000r\000e\000n\000c\000e}{chapter.8}% 343
\BOOKMARK [1][-]{section.8.11}{\376\377\0008\000.\0001\0001\000\040\000b\000a\000n\000n\000e\000r\000f\000l\000o\000w\000\137\000p\000r\000o\000j\000e\000c\000t\000/\000u\000r\000l\000s\000.\000p\000y\000\040\000F\000i\000l\000e\000\040\000R\000e\000f\000e\000r\000e\000n\000c\000e}{chapter.8}% 344
\BOOKMARK [1][-]{section.8.12}{\376\377\0008\000.\0001\0002\000\040\000b\000a\000n\000n\000e\000r\000f\000l\000o\000w\000\137\000p\000r\000o\000j\000e\000c\000t\000/\000w\000s\000g\000i\000.\000p\000y\000\040\000F\000i\000l\000e\000\040\000R\000e\000f\000e\000r\000e\000n\000c\000e}{chapter.8}% 345
\BOOKMARK [1][-]{section.8.13}{\376\377\0008\000.\0001\0003\000\040\000m\000a\000n\000a\000g\000e\000.\000p\000y\000\040\000F\000i\000l\000e\000\040\000R\000e\000f\000e\000r\000e\000n\000c\000e}{chapter.8}% 346
\BOOKMARK [1][-]{section.8.14}{\376\377\0008\000.\0001\0004\000\040\000R\000E\000A\000D\000M\000E\000.\000m\000d\000\040\000F\000i\000l\000e\000\040\000R\000e\000f\000e\000r\000e\000n\000c\000e}{chapter.8}% 347
