This is pdfTeX, Version 3.141592653-2.6-1.40.26 (TeX Live 2025/dev/Debian) (preloaded format=pdflatex 2025.12.10)  10 DEC 2025 17:57
entering extended mode
 restricted \write18 enabled.
 %&-line parsing enabled.
**refman.tex
(./refman.tex
LaTeX2e <2024-11-01> patch level 2
L3 programming layer <2025-01-18>
(/usr/share/texlive/texmf-dist/tex/latex/base/book.cls
Document Class: book 2024/06/29 v1.4n Standard LaTeX document class
(/usr/share/texlive/texmf-dist/tex/latex/base/bk10.clo
File: bk10.clo 2024/06/29 v1.4n Standard LaTeX file (size option)
)
\c@part=\count196
\c@chapter=\count197
\c@section=\count198
\c@subsection=\count199
\c@subsubsection=\count266
\c@paragraph=\count267
\c@subparagraph=\count268
\c@figure=\count269
\c@table=\count270
\abovecaptionskip=\skip49
\belowcaptionskip=\skip50
\bibindent=\dimen141
)
(/usr/share/texlive/texmf-dist/tex/latex/base/ifthen.sty
Package: ifthen 2024/03/16 v1.1e Standard LaTeX ifthen package (DPC)
)
(/usr/share/texlive/texmf-dist/tex/latex/tools/array.sty
Rollback for package 'array' requested -> date 2016-10-06.
         Best approximation is the release introduced on 2016-10-06.

(/usr/share/texlive/texmf-dist/tex/latex/tools/array-2016-10-06.sty
Package: array 2016/10/06 v2.4d Tabular extension package (FMi)
\col@sep=\dimen142
\extrarowheight=\dimen143
\NC@list=\toks17
\extratabsurround=\skip51
\backup@length=\skip52
))
(/usr/share/texlive/texmf-dist/tex/generic/infwarerr/infwarerr.sty
package info suppressed
)
(./doxygen.sty
Package: doxygen 
 (/usr/share/texlive/texmf-dist/tex/latex/base/alltt.sty
Package: alltt 2024/07/07 v2.0g defines alltt environment
)
(/usr/share/texlive/texmf-dist/tex/latex/tools/calc.sty
Package: calc 2023/07/08 v4.3 Infix arithmetic (KKT,FJ)
\calc@Acount=\count271
\calc@Bcount=\count272
\calc@Adimen=\dimen144
\calc@Bdimen=\dimen145
\calc@Askip=\skip53
\calc@Bskip=\skip54
LaTeX Info: Redefining \setlength on input line 80.
LaTeX Info: Redefining \addtolength on input line 81.
\calc@Ccount=\count273
\calc@Cskip=\skip55
)
(/usr/share/texlive/texmf-dist/tex/latex/float/float.sty
Package: float 2001/11/08 v1.3d Float enhancements (AL)
\c@float@type=\count274
\float@exts=\toks18
\float@box=\box52
\@float@everytoks=\toks19
\@floatcapt=\box53
)
(/usr/share/texlive/texmf-dist/tex/latex/tools/verbatim.sty
Package: verbatim 2024-01-22 v1.5x LaTeX2e package for verbatim enhancements
\every@verbatim=\toks20
\verbatim@line=\toks21
\verbatim@in@stream=\read2
)
(/usr/share/texlive/texmf-dist/tex/latex/xcolor/xcolor.sty
Package: xcolor 2024/09/29 v3.02 LaTeX color extensions (UK)

(/usr/share/texlive/texmf-dist/tex/latex/graphics-cfg/color.cfg
File: color.cfg 2016/01/02 v1.6 sample color configuration
)
Package xcolor Info: Driver file: pdftex.def on input line 274.

(/usr/share/texlive/texmf-dist/tex/latex/graphics-def/pdftex.def
File: pdftex.def 2024/04/13 v1.2c Graphics/color driver for pdftex
)
(/usr/share/texlive/texmf-dist/tex/latex/graphics/mathcolor.ltx)
Package xcolor Info: Model `cmy' substituted by `cmy0' on input line 1349.
Package xcolor Info: Model `hsb' substituted by `rgb' on input line 1353.
Package xcolor Info: Model `RGB' extended on input line 1365.
Package xcolor Info: Model `HTML' substituted by `rgb' on input line 1367.
Package xcolor Info: Model `Hsb' substituted by `hsb' on input line 1368.
Package xcolor Info: Model `tHsb' substituted by `hsb' on input line 1369.
Package xcolor Info: Model `HSB' substituted by `hsb' on input line 1370.
Package xcolor Info: Model `Gray' substituted by `gray' on input line 1371.
Package xcolor Info: Model `wave' substituted by `hsb' on input line 1372.
)
(/usr/share/texlive/texmf-dist/tex/latex/colortbl/colortbl.sty
Package: colortbl 2024/07/06 v1.0i Color table columns (DPC)
\everycr=\toks22
\minrowclearance=\skip56
\rownum=\count275
)
(./longtable_doxygen.sty
Package: longtable_doxygen 2014/10/28 v4.11 Multi-page Table package (DPC) - fr
ozen version for doxygen
\LTleft=\skip57
\LTright=\skip58
\LTpre=\skip59
\LTpost=\skip60
\LTchunksize=\count276
\LTcapwidth=\dimen146
\LT@head=\box54
\LT@firsthead=\box55
\LT@foot=\box56
\LT@lastfoot=\box57
\LT@cols=\count277
\LT@rows=\count278
\c@LT@tables=\count279
\c@LT@chunks=\count280
\LT@p@ftn=\toks23
) (./tabu_doxygen.sty
Package: tabu_doxygen 2011/02/26 v2.8 - flexible LaTeX tabulars (FC), frozen ve
rsion for doxygen

(/usr/share/texlive/texmf-dist/tex/latex/varwidth/varwidth.sty
Package: varwidth 2009/03/30 ver 0.92;  Variable-width minipages
\@vwid@box=\box58
\sift@deathcycles=\count281
\@vwid@loff=\dimen147
\@vwid@roff=\dimen148
)
\c@taburow=\count282
\tabu@nbcols=\count283
\tabu@cnt=\count284
\tabu@Xcol=\count285
\tabu@alloc=\count286
\tabu@nested=\count287
\tabu@target=\dimen149
\tabu@spreadtarget=\dimen150
\tabu@naturalX=\dimen151
\tabucolX=\dimen152
\tabu@Xsum=\dimen153
\extrarowdepth=\dimen154
\abovetabulinesep=\dimen155
\belowtabulinesep=\dimen156
\tabustrutrule=\dimen157
\tabu@thebody=\toks24
\tabu@footnotes=\toks25
\tabu@box=\box59
\tabu@arstrutbox=\box60
\tabu@hleads=\box61
\tabu@vleads=\box62
\tabu@cellskip=\skip61
)
(/usr/share/texlive/texmf-dist/tex/latex/fancyvrb/fancyvrb.sty
Package: fancyvrb 2024/01/20 4.5c verbatim text (tvz,hv)

(/usr/share/texlive/texmf-dist/tex/latex/graphics/keyval.sty
Package: keyval 2022/05/29 v1.15 key=value parser (DPC)
\KV@toks@=\toks26
)
\FV@CodeLineNo=\count288
\FV@InFile=\read3
\FV@TabBox=\box63
\c@FancyVerbLine=\count289
\FV@StepNumber=\count290
\FV@OutFile=\write3
)
(/usr/share/texlive/texmf-dist/tex/latex/tools/tabularx.sty
Package: tabularx 2023/12/11 v2.12a `tabularx' package (DPC)
\TX@col@width=\dimen158
\TX@old@table=\dimen159
\TX@old@col=\dimen160
\TX@target=\dimen161
\TX@delta=\dimen162
\TX@cols=\count291
\TX@ftn=\toks27
)
(/usr/share/texlive/texmf-dist/tex/latex/tools/multicol.sty
Package: multicol 2024/09/14 v1.9i multicolumn formatting (FMi)
\c@tracingmulticols=\count292
\mult@box=\box64
\multicol@leftmargin=\dimen163
\c@unbalance=\count293
\c@collectmore=\count294
\doublecol@number=\count295
\multicoltolerance=\count296
\multicolpretolerance=\count297
\full@width=\dimen164
\page@free=\dimen165
\premulticols=\dimen166
\postmulticols=\dimen167
\multicolsep=\skip62
\multicolbaselineskip=\skip63
\partial@page=\box65
\last@line=\box66
\mc@boxedresult=\box67
\maxbalancingoverflow=\dimen168
\mult@rightbox=\box68
\mult@grightbox=\box69
\mult@firstbox=\box70
\mult@gfirstbox=\box71
\@tempa=\box72
\@tempa=\box73
\@tempa=\box74
\@tempa=\box75
\@tempa=\box76
\@tempa=\box77
\@tempa=\box78
\@tempa=\box79
\@tempa=\box80
\@tempa=\box81
\@tempa=\box82
\@tempa=\box83
\@tempa=\box84
\@tempa=\box85
\@tempa=\box86
\@tempa=\box87
\@tempa=\box88
\@tempa=\box89
\@tempa=\box90
\@tempa=\box91
\@tempa=\box92
\@tempa=\box93
\@tempa=\box94
\@tempa=\box95
\@tempa=\box96
\@tempa=\box97
\@tempa=\box98
\@tempa=\box99
\@tempa=\box100
\@tempa=\box101
\@tempa=\box102
\@tempa=\box103
\@tempa=\box104
\@tempa=\box105
\@tempa=\box106
\@tempa=\box107
\c@minrows=\count298
\c@columnbadness=\count299
\c@finalcolumnbadness=\count300
\last@try=\dimen169
\multicolovershoot=\dimen170
\multicolundershoot=\dimen171
\mult@nat@firstbox=\box108
\colbreak@box=\box109
\mc@col@check@num=\count301
)
(/usr/share/texlive/texmf-dist/tex/latex/multirow/multirow.sty
Package: multirow 2024/11/12 v2.9 Span multiple rows of a table
\multirow@colwidth=\skip64
\multirow@cntb=\count302
\multirow@dima=\skip65
\bigstrutjot=\dimen172
)
(/usr/share/texlive/texmf-dist/tex/latex/hanging/hanging.sty
Package: hanging 2009/09/02 v1.2b hanging paragraphs and punctuation
\h@ngcommawd=\skip66
\h@ngfstopwd=\skip67
\h@ngquotewd=\skip68
\h@ngdquotewd=\skip69
\h@ngquerywd=\skip70
\h@ngexclwd=\skip71
\h@ngcolonwd=\skip72
\h@ngscolonwd=\skip73
)
(/usr/share/texlive/texmf-dist/tex/generic/iftex/ifpdf.sty
Package: ifpdf 2019/10/25 v3.4 ifpdf legacy package. Use iftex instead.

(/usr/share/texlive/texmf-dist/tex/generic/iftex/iftex.sty
Package: iftex 2024/12/12 v1.0g TeX engine tests
))
(/usr/share/texlive/texmf-dist/tex/latex/adjustbox/adjustbox.sty
Package: adjustbox 2025/02/26 v1.3c Adjusting TeX boxes (trim, clip, ...)

(/usr/share/texlive/texmf-dist/tex/latex/xkeyval/xkeyval.sty
Package: xkeyval 2022/06/16 v2.9 package option processing (HA)

(/usr/share/texlive/texmf-dist/tex/generic/xkeyval/xkeyval.tex
(/usr/share/texlive/texmf-dist/tex/generic/xkeyval/xkvutils.tex
\XKV@toks=\toks28
\XKV@tempa@toks=\toks29
)
\XKV@depth=\count303
File: xkeyval.tex 2014/12/03 v2.7a key=value parser (HA)
))
(/usr/share/texlive/texmf-dist/tex/latex/adjustbox/adjcalc.sty
Package: adjcalc 2012/05/16 v1.1 Provides advanced setlength with multiple back
-ends (calc, etex, pgfmath)
)
(/usr/share/texlive/texmf-dist/tex/latex/adjustbox/trimclip.sty
Package: trimclip 2025/02/21 v1.2a Trim and clip general TeX material

(/usr/share/texlive/texmf-dist/tex/latex/graphics/graphicx.sty
Package: graphicx 2021/09/16 v1.2d Enhanced LaTeX Graphics (DPC,SPQR)

(/usr/share/texlive/texmf-dist/tex/latex/graphics/graphics.sty
Package: graphics 2024/08/06 v1.4g Standard LaTeX Graphics (DPC,SPQR)

(/usr/share/texlive/texmf-dist/tex/latex/graphics/trig.sty
Package: trig 2023/12/02 v1.11 sin cos tan (DPC)
)
(/usr/share/texlive/texmf-dist/tex/latex/graphics-cfg/graphics.cfg
File: graphics.cfg 2016/06/04 v1.11 sample graphics configuration
)
Package graphics Info: Driver file: pdftex.def on input line 106.
)
\Gin@req@height=\dimen173
\Gin@req@width=\dimen174
)
(/usr/share/texlive/texmf-dist/tex/latex/collectbox/collectbox.sty
Package: collectbox 2022/10/17 v0.4c Collect macro arguments as boxes
\collectedbox=\box110
)
\tc@llx=\dimen175
\tc@lly=\dimen176
\tc@urx=\dimen177
\tc@ury=\dimen178
Package trimclip Info: Using driver 'tc-pdftex.def'.

(/usr/share/texlive/texmf-dist/tex/latex/adjustbox/tc-pdftex.def
File: tc-pdftex.def 2025/02/26 v2.3 Clipping driver for pdftex
))
\adjbox@Width=\dimen179
\adjbox@Height=\dimen180
\adjbox@Depth=\dimen181
\adjbox@Totalheight=\dimen182
\adjbox@pwidth=\dimen183
\adjbox@pheight=\dimen184
\adjbox@pdepth=\dimen185
\adjbox@ptotalheight=\dimen186

(/usr/share/texlive/texmf-dist/tex/latex/ifoddpage/ifoddpage.sty
Package: ifoddpage 2022/10/18 v1.2 Conditionals for odd/even page detection
\c@checkoddpage=\count304
))
(/usr/share/texlive/texmf-dist/tex/latex/amsfonts/amssymb.sty
Package: amssymb 2013/01/14 v3.01 AMS font symbols

(/usr/share/texlive/texmf-dist/tex/latex/amsfonts/amsfonts.sty
Package: amsfonts 2013/01/14 v3.01 Basic AMSFonts support
\@emptytoks=\toks30
\symAMSa=\mathgroup4
\symAMSb=\mathgroup5
LaTeX Font Info:    Redeclaring math symbol \hbar on input line 98.
LaTeX Font Info:    Overwriting math alphabet `\mathfrak' in version `bold'
(Font)                  U/euf/m/n --> U/euf/b/n on input line 106.
))
(/usr/share/texlive/texmf-dist/tex/latex/stackengine/stackengine.sty
Package: stackengine 2021/07/22 v4.11\ Stacking text and objects in convenient 
ways

(/usr/share/texlive/texmf-dist/tex/latex/etoolbox/etoolbox.sty
Package: etoolbox 2025/02/11 v2.5l e-TeX tools for LaTeX (JAW)
\etb@tempcnta=\count305
)
(/usr/share/texlive/texmf-dist/tex/generic/listofitems/listofitems.sty
(/usr/share/texlive/texmf-dist/tex/generic/listofitems/listofitems.tex
\loi_cnt_foreach_nest=\count306
\loi_nestcnt=\count307
)
Package: listofitems 2024/03/09 v1.65 Grab items in lists using user-specified 
sep char (CT)
)
\c@@stackindex=\count308
\@boxshift=\skip74
\stack@tmplength=\skip75
\temp@stkl=\skip76
\@stackedboxwidth=\skip77
\@addedbox=\box111
\@anchorbox=\box112
\@insetbox=\box113
\se@backgroundbox=\box114
\stackedbox=\box115
\@centerbox=\box116
\c@ROWcellindex@=\count309
)
(/usr/share/texlive/texmf-dist/tex/latex/enumitem/enumitem.sty
Package: enumitem 2025/02/06 v3.11 Customized lists
\labelindent=\skip78
\enit@outerparindent=\dimen187
\enit@toks=\toks31
\enit@inbox=\box117
\enit@count@id=\count310
\enitdp@description=\count311
)
(/usr/share/texlive/texmf-dist/tex/generic/alphalph/alphalph.sty
Package: alphalph 2019/12/09 v2.6 Convert numbers to letters (HO)

(/usr/share/texlive/texmf-dist/tex/generic/intcalc/intcalc.sty
Package: intcalc 2019/12/15 v1.3 Expandable calculations with integers (HO)
))
(/usr/share/texlive/texmf-dist/tex/generic/ulem/ulem.sty
\UL@box=\box118
\UL@hyphenbox=\box119
\UL@skip=\skip79
\UL@hook=\toks32
\UL@height=\dimen188
\UL@pe=\count312
\UL@pixel=\dimen189
\ULC@box=\box120
Package: ulem 2019/11/18
\ULdepth=\dimen190
)
\xrefbox=\box121
\xreflength=\skip80
\CodeWidthChar=\skip81
\CodeHeightChar=\skip82
\DoxyCodeWidth=\skip83
\c@DoxyEnumeratei=\count313
\c@DoxyEnumerateii=\count314
\c@DoxyEnumerateiii=\count315
\c@DoxyEnumerateiv=\count316
\c@DoxyEnumeratev=\count317
\c@DoxyEnumeratevi=\count318
\c@DoxyEnumeratevii=\count319
\c@DoxyEnumerateviii=\count320
\c@DoxyEnumerateix=\count321
\c@DoxyEnumeratex=\count322
\c@DoxyEnumeratexi=\count323
\c@DoxyEnumeratexii=\count324
\enitdp@DoxyEnumerate=\count325
\enitdp@DoxyItemize=\count326
\c@subsubsubsection=\count327
\c@subsubsubsubsection=\count328
\c@subsubsubsubsubsection=\count329
\c@subsubsubsubsubsubsection=\count330
)
(/usr/share/texlive/texmf-dist/tex/latex/base/inputenc.sty
Package: inputenc 2024/02/08 v1.3d Input encoding file
\inpenc@prehook=\toks33
\inpenc@posthook=\toks34
)
(/usr/share/texlive/texmf-dist/tex/latex/base/makeidx.sty
Package: makeidx 2021/10/04 v1.0m Standard LaTeX package
)
(/usr/share/texlive/texmf-dist/tex/latex/base/textcomp.sty
Package: textcomp 2024/04/24 v2.1b Standard LaTeX package
)
(/usr/share/texlive/texmf-dist/tex/latex/wasysym/wasysym.sty
Package: wasysym 2020/01/19 v2.4 Wasy-2 symbol support package
\symwasy=\mathgroup6
LaTeX Font Info:    Overwriting symbol font `wasy' in version `bold'
(Font)                  U/wasy/m/n --> U/wasy/b/n on input line 93.
)
(/usr/share/texlive/texmf-dist/tex/generic/iftex/ifxetex.sty
Package: ifxetex 2019/10/25 v0.7 ifxetex legacy package. Use iftex instead.
)
(/usr/share/texlive/texmf-dist/tex/latex/base/fontenc.sty
Package: fontenc 2021/04/29 v2.0v Standard LaTeX package
)
(/usr/share/texlive/texmf-dist/tex/latex/psnfss/helvet.sty
Package: helvet 2020/03/25 PSNFSS-v9.3 (WaS) 
)
(/usr/share/texlive/texmf-dist/tex/latex/psnfss/courier.sty
Package: courier 2020/03/25 PSNFSS-v9.3 (WaS) 
)
(/usr/share/texlive/texmf-dist/tex/latex/geometry/geometry.sty
Package: geometry 2020/01/02 v5.9 Page Geometry

(/usr/share/texlive/texmf-dist/tex/generic/iftex/ifvtex.sty
Package: ifvtex 2019/10/25 v1.7 ifvtex legacy package. Use iftex instead.
)
\Gm@cnth=\count331
\Gm@cntv=\count332
\c@Gm@tempcnt=\count333
\Gm@bindingoffset=\dimen191
\Gm@wd@mp=\dimen192
\Gm@odd@mp=\dimen193
\Gm@even@mp=\dimen194
\Gm@layoutwidth=\dimen195
\Gm@layoutheight=\dimen196
\Gm@layouthoffset=\dimen197
\Gm@layoutvoffset=\dimen198
\Gm@dimlist=\toks35
)
(/usr/share/texlive/texmf-dist/tex/latex/changepage/changepage.sty
Package: changepage 2009/10/20 v1.0c check page and change page layout
\c@cp@cntr=\count334
\cp@tempcnt=\count335
LaTeX Info: Redefining \checkoddpage on input line 59.
)
(/usr/share/texlive/texmf-dist/tex/latex/fancyhdr/fancyhdr.sty
Package: fancyhdr 2025/02/07 v5.2 Extensive control of page headers and footers

\f@nch@headwidth=\skip84
\f@nch@offset@elh=\skip85
\f@nch@offset@erh=\skip86
\f@nch@offset@olh=\skip87
\f@nch@offset@orh=\skip88
\f@nch@offset@elf=\skip89
\f@nch@offset@erf=\skip90
\f@nch@offset@olf=\skip91
\f@nch@offset@orf=\skip92
\f@nch@height=\skip93
\f@nch@footalignment=\skip94
\f@nch@widthL=\skip95
\f@nch@widthC=\skip96
\f@nch@widthR=\skip97
\@temptokenb=\toks36
)
(/usr/share/texlive/texmf-dist/tex/latex/natbib/natbib.sty
Package: natbib 2010/09/13 8.31b (PWD, AO)
\bibhang=\skip98
\bibsep=\skip99
LaTeX Info: Redefining \cite on input line 694.
\c@NAT@ctr=\count336
)
(/usr/share/texlive/texmf-dist/tex/latex/tocloft/tocloft.sty
Package: tocloft 2017/08/31 v2.3i parameterised ToC, etc., typesetting
Package tocloft Info: The document has chapter divisions on input line 51.
\cftparskip=\skip100
\cftbeforetoctitleskip=\skip101
\cftaftertoctitleskip=\skip102
\cftbeforepartskip=\skip103
\cftpartnumwidth=\skip104
\cftpartindent=\skip105
\cftbeforechapskip=\skip106
\cftchapindent=\skip107
\cftchapnumwidth=\skip108
\cftbeforesecskip=\skip109
\cftsecindent=\skip110
\cftsecnumwidth=\skip111
\cftbeforesubsecskip=\skip112
\cftsubsecindent=\skip113
\cftsubsecnumwidth=\skip114
\cftbeforesubsubsecskip=\skip115
\cftsubsubsecindent=\skip116
\cftsubsubsecnumwidth=\skip117
\cftbeforeparaskip=\skip118
\cftparaindent=\skip119
\cftparanumwidth=\skip120
\cftbeforesubparaskip=\skip121
\cftsubparaindent=\skip122
\cftsubparanumwidth=\skip123
\cftbeforeloftitleskip=\skip124
\cftafterloftitleskip=\skip125
\cftbeforefigskip=\skip126
\cftfigindent=\skip127
\cftfignumwidth=\skip128
\c@lofdepth=\count337
\c@lotdepth=\count338
\cftbeforelottitleskip=\skip129
\cftafterlottitleskip=\skip130
\cftbeforetabskip=\skip131
\cfttabindent=\skip132
\cfttabnumwidth=\skip133
)
\@indexfile=\write4
\openout4 = `refman.idx'.


Writing index file refman.idx
(/usr/share/texlive/texmf-dist/tex/latex/newunicodechar/newunicodechar.sty
Package: newunicodechar 2018/04/08 v1.2 Defining Unicode characters
)
(/usr/share/texlive/texmf-dist/tex/latex/hyperref/hyperref.sty
Package: hyperref 2024-11-05 v7.01l Hypertext links for LaTeX

(/usr/share/texlive/texmf-dist/tex/latex/kvsetkeys/kvsetkeys.sty
Package: kvsetkeys 2022-10-05 v1.19 Key value parser (HO)
)
(/usr/share/texlive/texmf-dist/tex/generic/kvdefinekeys/kvdefinekeys.sty
Package: kvdefinekeys 2019-12-19 v1.6 Define keys (HO)
)
(/usr/share/texlive/texmf-dist/tex/generic/pdfescape/pdfescape.sty
Package: pdfescape 2019/12/09 v1.15 Implements pdfTeX's escape features (HO)

(/usr/share/texlive/texmf-dist/tex/generic/ltxcmds/ltxcmds.sty
Package: ltxcmds 2023-12-04 v1.26 LaTeX kernel commands for general use (HO)
)
(/usr/share/texlive/texmf-dist/tex/generic/pdftexcmds/pdftexcmds.sty
Package: pdftexcmds 2020-06-27 v0.33 Utility functions of pdfTeX for LuaTeX (HO
)
Package pdftexcmds Info: \pdf@primitive is available.
Package pdftexcmds Info: \pdf@ifprimitive is available.
Package pdftexcmds Info: \pdfdraftmode found.
))
(/usr/share/texlive/texmf-dist/tex/latex/hycolor/hycolor.sty
Package: hycolor 2020-01-27 v1.10 Color options for hyperref/bookmark (HO)
)
(/usr/share/texlive/texmf-dist/tex/latex/hyperref/nameref.sty
Package: nameref 2023-11-26 v2.56 Cross-referencing by name of section

(/usr/share/texlive/texmf-dist/tex/latex/refcount/refcount.sty
Package: refcount 2019/12/15 v3.6 Data extraction from label references (HO)
)
(/usr/share/texlive/texmf-dist/tex/generic/gettitlestring/gettitlestring.sty
Package: gettitlestring 2019/12/15 v1.6 Cleanup title references (HO)

(/usr/share/texlive/texmf-dist/tex/latex/kvoptions/kvoptions.sty
Package: kvoptions 2022-06-15 v3.15 Key value format for package options (HO)
))
\c@section@level=\count339
)
(/usr/share/texlive/texmf-dist/tex/generic/stringenc/stringenc.sty
Package: stringenc 2019/11/29 v1.12 Convert strings between diff. encodings (HO
)
)
\@linkdim=\dimen199
\Hy@linkcounter=\count340
\Hy@pagecounter=\count341

(/usr/share/texlive/texmf-dist/tex/latex/hyperref/pd1enc.def
File: pd1enc.def 2024-11-05 v7.01l Hyperref: PDFDocEncoding definition (HO)
Now handling font encoding PD1 ...
... no UTF-8 mapping file for font encoding PD1
)
\Hy@SavedSpaceFactor=\count342

(/usr/share/texlive/texmf-dist/tex/latex/hyperref/puenc.def
File: puenc.def 2024-11-05 v7.01l Hyperref: PDF Unicode definition (HO)
Now handling font encoding PU ...
... no UTF-8 mapping file for font encoding PU
)
Package hyperref Info: Hyper figures OFF on input line 4157.
Package hyperref Info: Link nesting OFF on input line 4162.
Package hyperref Info: Hyper index ON on input line 4165.
Package hyperref Info: Plain pages OFF on input line 4172.
Package hyperref Info: Backreferencing ON on input line 4175.
Package hyperref Info: Implicit mode ON; LaTeX internals redefined.
Package hyperref Info: Bookmarks ON on input line 4424.

(/usr/share/texlive/texmf-dist/tex/latex/hyperref/backref.sty
Package: backref 2023-11-26 v1.44 Bibliographical back referencing

(/usr/share/texlive/texmf-dist/tex/latex/rerunfilecheck/rerunfilecheck.sty
Package: rerunfilecheck 2022-07-10 v1.10 Rerun checks for auxiliary files (HO)

(/usr/share/texlive/texmf-dist/tex/latex/base/atveryend-ltx.sty
Package: atveryend-ltx 2020/08/19 v1.0a Emulation of the original atveryend pac
kage
with kernel methods
)
(/usr/share/texlive/texmf-dist/tex/generic/uniquecounter/uniquecounter.sty
Package: uniquecounter 2019/12/15 v1.4 Provide unlimited unique counter (HO)

(/usr/share/texlive/texmf-dist/tex/generic/bigintcalc/bigintcalc.sty
Package: bigintcalc 2019/12/15 v1.5 Expandable calculations on big integers (HO
)
))
Package uniquecounter Info: New unique counter `rerunfilecheck' on input line 2
85.
))
\c@Hy@tempcnt=\count343

(/usr/share/texlive/texmf-dist/tex/latex/url/url.sty
\Urlmuskip=\muskip17
Package: url 2013/09/16  ver 3.4  Verb mode for urls, etc.
)
LaTeX Info: Redefining \url on input line 4763.
\XeTeXLinkMargin=\dimen256

(/usr/share/texlive/texmf-dist/tex/generic/bitset/bitset.sty
Package: bitset 2019/12/09 v1.3 Handle bit-vector datatype (HO)
)
\Fld@menulength=\count344
\Field@Width=\dimen257
\Fld@charsize=\dimen258
Package hyperref Info: Hyper figures OFF on input line 6042.
Package hyperref Info: Link nesting OFF on input line 6047.
Package hyperref Info: Hyper index ON on input line 6050.
Package hyperref Info: backreferencing ON on input line 6055.
Package hyperref Info: Link coloring OFF on input line 6062.
Package hyperref Info: Link coloring with OCG OFF on input line 6067.
Package hyperref Info: PDF/A mode OFF on input line 6072.

(/usr/share/texlive/texmf-dist/tex/latex/base/atbegshi-ltx.sty
Package: atbegshi-ltx 2021/01/10 v1.0c Emulation of the original atbegshi
package with kernel methods
)
\Hy@abspage=\count345
\c@Item=\count346
\c@Hfootnote=\count347
)
Package hyperref Info: Driver: hpdftex.

(/usr/share/texlive/texmf-dist/tex/latex/hyperref/hpdftex.def
File: hpdftex.def 2024-11-05 v7.01l Hyperref driver for pdfTeX
\Fld@listcount=\count348
\c@bookmark@seq@number=\count349
\Hy@SectionHShift=\skip134
)
Package hyperref Info: Option `colorlinks' set `true' on input line 161.
Package hyperref Info: Option `unicode' set `true' on input line 161.

(/usr/share/texlive/texmf-dist/tex/latex/caption/caption.sty
Package: caption 2023/08/05 v3.6o Customizing captions (AR)

(/usr/share/texlive/texmf-dist/tex/latex/caption/caption3.sty
Package: caption3 2023/07/31 v2.4d caption3 kernel (AR)
\caption@tempdima=\dimen259
\captionmargin=\dimen260
\caption@leftmargin=\dimen261
\caption@rightmargin=\dimen262
\caption@width=\dimen263
\caption@indent=\dimen264
\caption@parindent=\dimen265
\caption@hangindent=\dimen266
Package caption Info: Standard document class detected.
)
\c@caption@flags=\count350
\c@continuedfloat=\count351
Package caption Info: changepage package is loaded.
\caption@adjustwidth@hsize=\dimen267
\caption@adjustwidth@linewidth=\dimen268
Package caption Info: float package is loaded.
Package caption Info: hyperref package is loaded.
Package caption Info: longtable package is loaded.

(/usr/share/texlive/texmf-dist/tex/latex/caption/ltcaption.sty
Package: ltcaption 2021/01/08 v1.4c longtable captions (AR)
))
(/usr/share/texlive/texmf-dist/tex/latex/etoc/etoc.sty
Package: etoc 2023/10/29 v1.2d Completely customisable TOCs (JFB)
\Etoc@toctoks=\toks37
\c@etoc@tocid=\count352
\etoc@framed@titlebox=\box122
\etoc@framed@contentsbox=\box123
)
LaTeX Font Info:    Trying to load font information for T1+phv on input line 18
3.

(/usr/share/texlive/texmf-dist/tex/latex/psnfss/t1phv.fd
File: t1phv.fd 2020/03/25 scalable font definitions for T1/phv.
)
LaTeX Font Info:    Font shape `T1/phv/m/n' will be
(Font)              scaled to size 8.99994pt on input line 183.

(/usr/share/texlive/texmf-dist/tex/latex/l3backend/l3backend-pdftex.def
File: l3backend-pdftex.def 2024-05-08 L3 backend support: PDF output (pdfTeX)
\l__color_backend_stack_int=\count353
\l__pdf_internal_box=\box124
)
No file refman.aux.
\openout1 = `refman.aux'.

LaTeX Font Info:    Checking defaults for OML/cmm/m/it on input line 183.
LaTeX Font Info:    ... okay on input line 183.
LaTeX Font Info:    Checking defaults for OMS/cmsy/m/n on input line 183.
LaTeX Font Info:    ... okay on input line 183.
LaTeX Font Info:    Checking defaults for OT1/cmr/m/n on input line 183.
LaTeX Font Info:    ... okay on input line 183.
LaTeX Font Info:    Checking defaults for T1/cmr/m/n on input line 183.
LaTeX Font Info:    ... okay on input line 183.
LaTeX Font Info:    Checking defaults for TS1/cmr/m/n on input line 183.
LaTeX Font Info:    ... okay on input line 183.
LaTeX Font Info:    Checking defaults for OMX/cmex/m/n on input line 183.
LaTeX Font Info:    ... okay on input line 183.
LaTeX Font Info:    Checking defaults for U/cmr/m/n on input line 183.
LaTeX Font Info:    ... okay on input line 183.
LaTeX Font Info:    Checking defaults for PD1/pdf/m/n on input line 183.
LaTeX Font Info:    ... okay on input line 183.
LaTeX Font Info:    Checking defaults for PU/pdf/m/n on input line 183.
LaTeX Font Info:    ... okay on input line 183.
(/usr/share/texlive/texmf-dist/tex/context/base/mkii/supp-pdf.mkii
[Loading MPS to PDF converter (version 2006.09.02).]
\scratchcounter=\count354
\scratchdimen=\dimen269
\scratchbox=\box125
\nofMPsegments=\count355
\nofMParguments=\count356
\everyMPshowfont=\toks38
\MPscratchCnt=\count357
\MPscratchDim=\dimen270
\MPnumerator=\count358
\makeMPintoPDFobject=\count359
\everyMPtoPDFconversion=\toks39
) (/usr/share/texlive/texmf-dist/tex/latex/epstopdf-pkg/epstopdf-base.sty
Package: epstopdf-base 2020-01-24 v2.11 Base part for package epstopdf
Package epstopdf-base Info: Redefining graphics rule for `.eps' on input line 4
85.

(/usr/share/texlive/texmf-dist/tex/latex/latexconfig/epstopdf-sys.cfg
File: epstopdf-sys.cfg 2010/07/13 v1.3 Configuration of (r)epstopdf for TeX Liv
e
))
*geometry* driver: auto-detecting
*geometry* detected driver: pdftex
*geometry* verbose mode - [ preamble ] result:
* driver: pdftex
* paper: a4paper
* layout: <same size as paper>
* layoutoffset:(h,v)=(0.0pt,0.0pt)
* modes: twoside 
* h-part:(L,W,R)=(71.13188pt, 455.24411pt, 71.13188pt)
* v-part:(T,H,B)=(71.13188pt, 702.78308pt, 71.13188pt)
* \paperwidth=597.50787pt
* \paperheight=845.04684pt
* \textwidth=455.24411pt
* \textheight=702.78308pt
* \oddsidemargin=-1.1381pt
* \evensidemargin=-1.1381pt
* \topmargin=-31.2056pt
* \headheight=12.0pt
* \headsep=18.06749pt
* \topskip=10.0pt
* \footskip=25.29494pt
* \marginparwidth=125.0pt
* \marginparsep=7.0pt
* \columnsep=10.0pt
* \skip\footins=9.0pt plus 4.0pt minus 2.0pt
* \hoffset=0.0pt
* \voffset=0.0pt
* \mag=1000
* \@twocolumnfalse
* \@twosidetrue
* \@mparswitchtrue
* \@reversemarginfalse
* (1in=72.27pt=25.4mm, 1cm=28.453pt)

Package backref Info: ** backref set up for natbib ** on input line 183.
Package hyperref Info: Link coloring ON on input line 183.
\@outlinefile=\write5
\openout5 = `refman.out'.

Package caption Info: Begin \AtBeginDocument code.
Package caption Info: End \AtBeginDocument code.
No file refman.toc.
Package hyperref Info: Option `pageanchor' set `false' on input line 191.
Package hyperref Info: Option `bookmarksnumbered' set `true' on input line 191.

Package hyperref Info: Option `unicode' set `true' on input line 191.
LaTeX Font Info:    Font shape `T1/phv/m/n' will be
(Font)              scaled to size 12.9599pt on input line 196.
LaTeX Font Info:    Font shape `T1/phv/m/n' will be
(Font)              scaled to size 6.29996pt on input line 196.
LaTeX Font Info:    Trying to load font information for U+msa on input line 196
.
(/usr/share/texlive/texmf-dist/tex/latex/amsfonts/umsa.fd
File: umsa.fd 2013/01/14 v3.01 AMS symbols A
)
LaTeX Font Info:    Trying to load font information for U+msb on input line 196
.

(/usr/share/texlive/texmf-dist/tex/latex/amsfonts/umsb.fd
File: umsb.fd 2013/01/14 v3.01 AMS symbols B
)
LaTeX Font Info:    Trying to load font information for U+wasy on input line 19
6.

(/usr/share/texlive/texmf-dist/tex/latex/wasysym/uwasy.fd
File: uwasy.fd 2020/01/19 v2.4 Wasy-2 symbol font definitions
)
LaTeX Font Info:    Font shape `T1/phv/m/n' will be
(Font)              scaled to size 10.79993pt on input line 197.


[1


{/var/lib/texmf/fonts/map/pdftex/updmap/pdftex.map}{/usr/share/texlive/texmf-di
st/fonts/enc/dvips/base/8r.enc}]

[2

]
\tf@toc=\write6
\openout6 = `refman.toc'.

Package hyperref Info: Option `pageanchor' set `true' on input line 208.
 (./md_README.tex
Chapter 1.
LaTeX Font Info:    Font shape `T1/phv/m/n' will be
(Font)              scaled to size 18.66588pt on input line 1.
LaTeX Font Info:    Font shape `T1/phv/b/n' will be
(Font)              scaled to size 18.66588pt on input line 1.
LaTeX Font Info:    Font shape `T1/phv/b/n' will be
(Font)              scaled to size 22.39185pt on input line 1.

Underfull \hbox (badness 10000) in paragraph at lines 3--5

 []


Underfull \hbox (badness 10000) in paragraph at lines 7--10

 []


Underfull \hbox (badness 10000) in paragraph at lines 12--14

 []


Underfull \hbox (badness 10000) in paragraph at lines 16--18

 []

LaTeX Font Info:    Trying to load font information for T1+pcr on input line 22
.
(/usr/share/texlive/texmf-dist/tex/latex/psnfss/t1pcr.fd
File: t1pcr.fd 2001/06/04 font definitions for T1/pcr.
)
Underfull \hbox (badness 10000) in paragraph at lines 20--23

 []


Underfull \hbox (badness 10000) in paragraph at lines 25--33

 []


Underfull \hbox (badness 10000) in paragraph at lines 35--38

 []


Underfull \hbox (badness 10000) in paragraph at lines 40--43

 []


Underfull \hbox (badness 10000) in paragraph at lines 45--48

 []


Underfull \hbox (badness 10000) in paragraph at lines 50--55

 []



LaTeX Font Info:    Font shape `T1/phv/b/n' will be
(Font)              scaled to size 8.99994pt on input line 55.
LaTeX Font Info:    Font shape `T1/phv/b/n' will be
(Font)              scaled to size 6.29996pt on input line 55.
[1


]
Underfull \hbox (badness 10000) in paragraph at lines 57--63

 []


Underfull \hbox (badness 10000) in paragraph at lines 65--72

 []


Underfull \hbox (badness 10000) in paragraph at lines 74--77

 []


Underfull \hbox (badness 10000) in paragraph at lines 79--81

 []


Underfull \hbox (badness 10000) in paragraph at lines 83--87

 []


Underfull \hbox (badness 10000) in paragraph at lines 89--96

 []


Underfull \hbox (badness 10000) in paragraph at lines 98--101

 []


Underfull \hbox (badness 10000) in paragraph at lines 98--101

 []


Underfull \hbox (badness 10000) in paragraph at lines 103--105

 []


Underfull \hbox (badness 10000) in paragraph at lines 103--105

 []

)

[2]
Chapter 2.
(./namespaces.tex
LaTeX Font Info:    Font shape `T1/phv/b/n' will be
(Font)              scaled to size 12.9599pt on input line 1.


LaTeX Warning: Reference `namespacebannerflow__app' on page 3 undefined on inpu
t line 3.


LaTeX Warning: Reference `namespacebannerflow__app_1_1admin' on page 3 undefine
d on input line 4.


LaTeX Warning: Reference `namespacebannerflow__app_1_1banner__generator' on pag
e 3 undefined on input line 5.


LaTeX Warning: Reference `namespacebannerflow__app_1_1models' on page 3 undefin
ed on input line 6.


LaTeX Warning: Reference `namespacebannerflow__app_1_1services' on page 3 undef
ined on input line 7.


LaTeX Warning: Reference `namespacebannerflow__app_1_1tests' on page 3 undefine
d on input line 8.


LaTeX Warning: Reference `namespacebannerflow__app_1_1urls' on page 3 undefined
 on input line 9.


LaTeX Warning: Reference `namespacebannerflow__app_1_1views' on page 3 undefine
d on input line 10.


LaTeX Warning: Reference `namespacebannerflow__project' on page 3 undefined on 
input line 11.


LaTeX Warning: Reference `namespacebannerflow__project_1_1settings' on page 3 u
ndefined on input line 12.


LaTeX Warning: Reference `namespacebannerflow__project_1_1urls' on page 3 undef
ined on input line 13.


LaTeX Warning: Reference `namespacebannerflow__project_1_1wsgi' on page 3 undef
ined on input line 14.


LaTeX Warning: Reference `namespacemanage' on page 3 undefined on input line 15
.

)

[3

]

[4

]
Chapter 3.
(./hierarchy.tex

LaTeX Warning: Reference `classbannerflow__app_1_1banner__generator_1_1BannerGe
nerator' on page 5 undefined on input line 3.


LaTeX Warning: Reference `classbannerflow__app_1_1services_1_1BannerService' on
 page 5 undefined on input line 4.


LaTeX Warning: Reference `classbannerflow__app_1_1models_1_1BannerTemplate_1_1M
eta' on page 5 undefined on input line 5.


LaTeX Warning: Reference `classbannerflow__app_1_1models_1_1CampaignStatistics_
1_1Meta' on page 5 undefined on input line 6.


LaTeX Warning: Reference `classbannerflow__app_1_1models_1_1GameData_1_1Meta' o
n page 5 undefined on input line 7.


LaTeX Warning: Reference `classbannerflow__app_1_1models_1_1GeneratedBanner_1_1
Meta' on page 5 undefined on input line 8.


LaTeX Warning: Reference `classbannerflow__app_1_1models_1_1ABTest' on page 5 u
ndefined on input line 10.


LaTeX Warning: Reference `classbannerflow__app_1_1models_1_1Banner' on page 5 u
ndefined on input line 11.


LaTeX Warning: Reference `classbannerflow__app_1_1models_1_1BannerTemplate' on 
page 5 undefined on input line 12.


LaTeX Warning: Reference `classbannerflow__app_1_1models_1_1Campaign' on page 5
 undefined on input line 13.


LaTeX Warning: Reference `classbannerflow__app_1_1models_1_1CampaignStatistics'
 on page 5 undefined on input line 14.


LaTeX Warning: Reference `classbannerflow__app_1_1models_1_1GameData' on page 5
 undefined on input line 15.


LaTeX Warning: Reference `classbannerflow__app_1_1models_1_1GeneratedBanner' on
 page 5 undefined on input line 16.


LaTeX Warning: Reference `classbannerflow__app_1_1models_1_1UserProfile' on pag
e 5 undefined on input line 17.


LaTeX Warning: Reference `classbannerflow__app_1_1admin_1_1ABTestAdmin' on page
 5 undefined on input line 20.


LaTeX Warning: Reference `classbannerflow__app_1_1admin_1_1BannerAdmin' on page
 5 undefined on input line 21.


LaTeX Warning: Reference `classbannerflow__app_1_1admin_1_1BannerTemplateAdmin'
 on page 5 undefined on input line 22.


LaTeX Warning: Reference `classbannerflow__app_1_1admin_1_1CampaignAdmin' on pa
ge 5 undefined on input line 23.


LaTeX Warning: Reference `classbannerflow__app_1_1admin_1_1CampaignStatisticsAd
min' on page 5 undefined on input line 24.


LaTeX Warning: Reference `classbannerflow__app_1_1admin_1_1GameDataAdmin' on pa
ge 5 undefined on input line 25.


LaTeX Warning: Reference `classbannerflow__app_1_1admin_1_1GeneratedBannerAdmin
' on page 5 undefined on input line 26.


LaTeX Warning: Reference `classbannerflow__app_1_1admin_1_1UserProfileAdmin' on
 page 5 undefined on input line 27.


LaTeX Warning: Reference `classbannerflow__app_1_1services_1_1NotificationServi
ce' on page 5 undefined on input line 29.


LaTeX Warning: Reference `classbannerflow__app_1_1admin_1_1UserProfileInline' o
n page 5 undefined on input line 31.


LaTeX Warning: Reference `classbannerflow__app_1_1services_1_1StatisticsService
' on page 5 undefined on input line 33.


LaTeX Warning: Reference `classbannerflow__app_1_1tests_1_1TestAPIAndServices' 
on page 5 undefined on input line 35.


LaTeX Warning: Reference `classbannerflow__app_1_1tests_1_1TestBannerGenerator'
 on page 5 undefined on input line 36.


LaTeX Warning: Reference `classbannerflow__app_1_1tests_1_1TestBannerModel' on 
page 5 undefined on input line 37.


LaTeX Warning: Reference `classbannerflow__app_1_1tests_1_1TestBannerTemplateMo
del' on page 5 undefined on input line 38.


LaTeX Warning: Reference `classbannerflow__app_1_1tests_1_1TestCampaignModel' o
n page 5 undefined on input line 39.


LaTeX Warning: Reference `classbannerflow__app_1_1tests_1_1TestGameDataModel' o
n page 5 undefined on input line 40.


LaTeX Warning: Reference `classbannerflow__app_1_1tests_1_1TestNegativeScenario
s' on page 5 undefined on input line 41.


LaTeX Warning: Reference `classbannerflow__app_1_1admin_1_1CustomUserAdmin' on 
page 5 undefined on input line 44.

)

[5]

[6

]
Chapter 4.
(./annotated.tex

LaTeX Warning: Reference `classbannerflow__app_1_1models_1_1ABTest' on page 7 u
ndefined on input line 3.


LaTeX Warning: Reference `classbannerflow__app_1_1admin_1_1ABTestAdmin' on page
 7 undefined on input line 4.


LaTeX Warning: Reference `classbannerflow__app_1_1models_1_1Banner' on page 7 u
ndefined on input line 5.


LaTeX Warning: Reference `classbannerflow__app_1_1admin_1_1BannerAdmin' on page
 7 undefined on input line 6.


LaTeX Warning: Reference `classbannerflow__app_1_1banner__generator_1_1BannerGe
nerator' on page 7 undefined on input line 7.


LaTeX Warning: Reference `classbannerflow__app_1_1services_1_1BannerService' on
 page 7 undefined on input line 8.


LaTeX Warning: Reference `classbannerflow__app_1_1models_1_1BannerTemplate' on 
page 7 undefined on input line 9.


LaTeX Warning: Reference `classbannerflow__app_1_1admin_1_1BannerTemplateAdmin'
 on page 7 undefined on input line 10.


LaTeX Warning: Reference `classbannerflow__app_1_1models_1_1Campaign' on page 7
 undefined on input line 11.


LaTeX Warning: Reference `classbannerflow__app_1_1admin_1_1CampaignAdmin' on pa
ge 7 undefined on input line 12.


LaTeX Warning: Reference `classbannerflow__app_1_1models_1_1CampaignStatistics'
 on page 7 undefined on input line 13.


LaTeX Warning: Reference `classbannerflow__app_1_1admin_1_1CampaignStatisticsAd
min' on page 7 undefined on input line 14.


LaTeX Warning: Reference `classbannerflow__app_1_1admin_1_1CustomUserAdmin' on 
page 7 undefined on input line 15.


LaTeX Warning: Reference `classbannerflow__app_1_1models_1_1GameData' on page 7
 undefined on input line 16.


LaTeX Warning: Reference `classbannerflow__app_1_1admin_1_1GameDataAdmin' on pa
ge 7 undefined on input line 17.


LaTeX Warning: Reference `classbannerflow__app_1_1models_1_1GeneratedBanner' on
 page 7 undefined on input line 18.


LaTeX Warning: Reference `classbannerflow__app_1_1admin_1_1GeneratedBannerAdmin
' on page 7 undefined on input line 19.


LaTeX Warning: Reference `classbannerflow__app_1_1models_1_1BannerTemplate_1_1M
eta' on page 7 undefined on input line 20.


LaTeX Warning: Reference `classbannerflow__app_1_1models_1_1CampaignStatistics_
1_1Meta' on page 7 undefined on input line 21.


LaTeX Warning: Reference `classbannerflow__app_1_1models_1_1GameData_1_1Meta' o
n page 7 undefined on input line 22.


LaTeX Warning: Reference `classbannerflow__app_1_1models_1_1GeneratedBanner_1_1
Meta' on page 7 undefined on input line 23.


LaTeX Warning: Reference `classbannerflow__app_1_1services_1_1NotificationServi
ce' on page 7 undefined on input line 24.


LaTeX Warning: Reference `classbannerflow__app_1_1services_1_1StatisticsService
' on page 7 undefined on input line 25.


LaTeX Warning: Reference `classbannerflow__app_1_1tests_1_1TestAPIAndServices' 
on page 7 undefined on input line 26.


LaTeX Warning: Reference `classbannerflow__app_1_1tests_1_1TestBannerGenerator'
 on page 7 undefined on input line 27.


LaTeX Warning: Reference `classbannerflow__app_1_1tests_1_1TestBannerModel' on 
page 7 undefined on input line 28.


LaTeX Warning: Reference `classbannerflow__app_1_1tests_1_1TestBannerTemplateMo
del' on page 7 undefined on input line 29.


LaTeX Warning: Reference `classbannerflow__app_1_1tests_1_1TestCampaignModel' o
n page 7 undefined on input line 30.


LaTeX Warning: Reference `classbannerflow__app_1_1tests_1_1TestGameDataModel' o
n page 7 undefined on input line 31.


LaTeX Warning: Reference `classbannerflow__app_1_1tests_1_1TestNegativeScenario
s' on page 7 undefined on input line 32.


LaTeX Warning: Reference `classbannerflow__app_1_1models_1_1UserProfile' on pag
e 7 undefined on input line 33.


LaTeX Warning: Reference `classbannerflow__app_1_1admin_1_1UserProfileAdmin' on
 page 7 undefined on input line 34.


LaTeX Warning: Reference `classbannerflow__app_1_1admin_1_1UserProfileInline' o
n page 7 undefined on input line 35.

)

[7]

[8

]
Chapter 5.
(./files.tex

LaTeX Warning: Reference `manage_8py' on page 9 undefined on input line 3.


LaTeX Warning: Reference `bannerflow__app_2____init_____8py' on page 9 undefine
d on input line 4.


LaTeX Warning: Reference `admin_8py' on page 9 undefined on input line 5.


LaTeX Warning: Reference `banner__generator_8py' on page 9 undefined on input l
ine 6.


LaTeX Warning: Reference `models_8py' on page 9 undefined on input line 7.


LaTeX Warning: Reference `services_8py' on page 9 undefined on input line 8.


LaTeX Warning: Reference `tests_8py' on page 9 undefined on input line 9.


LaTeX Warning: Reference `bannerflow__app_2urls_8py' on page 9 undefined on inp
ut line 10.


LaTeX Warning: Reference `views_8py' on page 9 undefined on input line 11.


LaTeX Warning: Reference `bannerflow__project_2____init_____8py' on page 9 unde
fined on input line 12.


LaTeX Warning: Reference `settings_8py' on page 9 undefined on input line 13.


LaTeX Warning: Reference `bannerflow__project_2urls_8py' on page 9 undefined on
 input line 14.


LaTeX Warning: Reference `wsgi_8py' on page 9 undefined on input line 15.

)

[9]

[10

]
Chapter 6.
(./namespacebannerflow__app.tex
LaTeX Font Info:    Trying to load font information for TS1+phv on input line 6
.

(/usr/share/texlive/texmf-dist/tex/latex/psnfss/ts1phv.fd
File: ts1phv.fd 2020/03/25 scalable font definitions for TS1/phv.
)
LaTeX Font Info:    Font shape `TS1/phv/m/n' will be
(Font)              scaled to size 8.99994pt on input line 6.
LaTeX Font Info:    Font shape `T1/phv/b/n' will be
(Font)              scaled to size 10.79993pt on input line 22.
LaTeX Font Info:    Font shape `T1/phv/m/n' will be
(Font)              scaled to size 7.19995pt on input line 23.
)
(./namespacebannerflow__app_1_1admin.tex)
(./namespacebannerflow__app_1_1banner__generator.tex)
(./namespacebannerflow__app_1_1models.tex

[11]
LaTeX Font Info:    Font shape `T1/pcr/m/it' in size <8> not available
(Font)              Font shape `T1/pcr/m/sl' tried instead on input line 34.
) (./namespacebannerflow__app_1_1services.tex)
(./namespacebannerflow__app_1_1tests.tex)
(./namespacebannerflow__app_1_1urls.tex

[12]) (./namespacebannerflow__app_1_1views.tex

[13]
LaTeX Font Info:    Font shape `T1/pcr/m/it' in size <7> not available
(Font)              Font shape `T1/pcr/m/sl' tried instead on input line 52.


[14]) (./namespacebannerflow__project.tex)
(./namespacebannerflow__project_1_1settings.tex

[15]

[16]
LaTeX Font Info:    Trying to load font information for TS1+pcr on input line 1
06.
 (/usr/share/texlive/texmf-dist/tex/latex/psnfss/ts1pcr.fd
File: ts1pcr.fd 2001/06/04 font definitions for TS1/pcr.
)
Underfull \hbox (badness 10000) in paragraph at lines 118--119
\T1/pcr/m/n/8 str bannerflow[]_[]project.[]settings.[]EMAIL[]_[][]BACKEND = \TS
1/pcr/m/n/8 '\T1/pcr/m/n/8 django.[]core.[]mail.[]backends.[]console.[]Email[]
 []



[17]

[18]) (./namespacebannerflow__project_1_1urls.tex

[19]) (./namespacebannerflow__project_1_1wsgi.tex) (./namespacemanage.tex

[20])

[21]

[22

]
Chapter 7.
(./classbannerflow__app_1_1models_1_1ABTest.tex <./classbannerflow__app_1_1mode
ls_1_1ABTest__inherit__graph.pdf>
<classbannerflow__app_1_1models_1_1ABTest__inherit__graph.pdf, id=463, 249.9337
5pt x 154.5775pt>
File: classbannerflow__app_1_1models_1_1ABTest__inherit__graph.pdf Graphic file
 (type pdf)
<use classbannerflow__app_1_1models_1_1ABTest__inherit__graph.pdf>
Package pdftex.def Info: classbannerflow__app_1_1models_1_1ABTest__inherit__gra
ph.pdf  used on input line 10.
(pdftex.def)             Requested size: 249.0pt x 154.0063pt.
 <./classbannerflow__app_1_1models_1_1ABTest__coll__graph.pdf>
<classbannerflow__app_1_1models_1_1ABTest__coll__graph.pdf, id=478, 249.93375pt
 x 154.5775pt>
File: classbannerflow__app_1_1models_1_1ABTest__coll__graph.pdf Graphic file (t
ype pdf)
<use classbannerflow__app_1_1models_1_1ABTest__coll__graph.pdf>
Package pdftex.def Info: classbannerflow__app_1_1models_1_1ABTest__coll__graph.
pdf  used on input line 20.
(pdftex.def)             Requested size: 249.0pt x 154.0063pt.


[23]
Underfull \hbox (badness 10000) in paragraph at lines 63--64
\T1/pcr/m/n/8 bannerflow[]_[]app.[]models.[]ABTest.[]audience[]_[]segment = mod
els.[]Char[]Field(max[]_[]length=100, verbose[]_[]
 []


Underfull \hbox (badness 10000) in paragraph at lines 69--70
\T1/pcr/m/n/8 bannerflow[]_[]app.[]models.[]ABTest.[]banners = models.[]Many[]T
o[]Many[]Field([], verbose[]_[]name="Bannery
 []


Underfull \hbox (badness 10000) in paragraph at lines 75--76
\T1/pcr/m/n/8 bannerflow[]_[]app.[]models.[]ABTest.[]campaign = models.[]Foreig
n[]Key([], on[]_[]delete=models.[]CASCADE,
 []


Underfull \hbox (badness 10000) in paragraph at lines 87--88
\T1/pcr/m/n/8 bannerflow[]_[]app.[]models.[]ABTest.[]end[]_[]date = models.[]Da
te[]Time[]Field(default=timezone.[]now, verbose[]_[]
 []


Overfull \hbox (15.15619pt too wide) in paragraph at lines 93--94
\T1/pcr/m/n/8 bannerflow[]_[]app.[]models.[]ABTest.[]is[]_[]active = models.[]B
oolean[]Field(default=True, verbose[]_[]name="Aktiven")
 []


Underfull \hbox (badness 10000) in paragraph at lines 99--100
\T1/pcr/m/n/8 bannerflow[]_[]app.[]models.[]ABTest.[]name = models.[]Char[]Fiel
d(max[]_[]length=255, verbose[]_[]name="Nazvanie
 []


Underfull \hbox (badness 10000) in paragraph at lines 105--106
\T1/pcr/m/n/8 bannerflow[]_[]app.[]models.[]ABTest.[]start[]_[]date = models.[]
Date[]Time[]Field(default=timezone.[]now, verbose[]
 []



[24]) (./classbannerflow__app_1_1admin_1_1ABTestAdmin.tex <./classbannerflow__a
pp_1_1admin_1_1ABTestAdmin__inherit__graph.pdf>
<classbannerflow__app_1_1admin_1_1ABTestAdmin__inherit__graph.pdf, id=541, 244.
915pt x 165.61874pt>
File: classbannerflow__app_1_1admin_1_1ABTestAdmin__inherit__graph.pdf Graphic 
file (type pdf)
<use classbannerflow__app_1_1admin_1_1ABTestAdmin__inherit__graph.pdf>
Package pdftex.def Info: classbannerflow__app_1_1admin_1_1ABTestAdmin__inherit_
_graph.pdf  used on input line 10.
(pdftex.def)             Requested size: 244.0pt x 165.00423pt.
 <./classbannerflow__app_1_1admin_1_1ABTestAdmin__coll__graph.pdf>
<classbannerflow__app_1_1admin_1_1ABTestAdmin__coll__graph.pdf, id=556, 244.915
pt x 165.61874pt>
File: classbannerflow__app_1_1admin_1_1ABTestAdmin__coll__graph.pdf Graphic fil
e (type pdf)
<use classbannerflow__app_1_1admin_1_1ABTestAdmin__coll__graph.pdf>
Package pdftex.def Info: classbannerflow__app_1_1admin_1_1ABTestAdmin__coll__gr
aph.pdf  used on input line 20.
(pdftex.def)             Requested size: 244.0pt x 165.00423pt.


[25]
Underfull \hbox (badness 10000) in paragraph at lines 47--48
\T1/pcr/m/n/8 tuple bannerflow[]_[]app.[]admin.[]ABTest[]Admin.[]list[]_[]displ
ay = (\TS1/pcr/m/n/8 '\T1/pcr/m/n/8 name\TS1/pcr/m/n/8 '\T1/pcr/m/n/8 , \TS1/pc
r/m/n/8 '\T1/pcr/m/n/8 campaign\TS1/pcr/m/n/8 '\T1/pcr/m/n/8 , \TS1/pcr/m/n/8 '
\T1/pcr/m/n/8 audience[]_[]segment\TS1/pcr/m/n/8 '\T1/pcr/m/n/8 ,
 []


Underfull \hbox (badness 10000) in paragraph at lines 59--60
\T1/pcr/m/n/8 tuple bannerflow[]_[]app.[]admin.[]ABTest[]Admin.[]search[]_[]fie
lds = (\TS1/pcr/m/n/8 '\T1/pcr/m/n/8 name\TS1/pcr/m/n/8 '\T1/pcr/m/n/8 , \TS1/p
cr/m/n/8 '\T1/pcr/m/n/8 campaign[]_[][]_[]name\TS1/pcr/m/n/8 '\T1/pcr/m/n/8 , \
TS1/pcr/m/n/8 '\T1/pcr/m/n/8 audience[]_[]
 []

) (./classbannerflow__app_1_1models_1_1Banner.tex <./classbannerflow__app_1_1mo
dels_1_1Banner__inherit__graph.pdf>
<classbannerflow__app_1_1models_1_1Banner__inherit__graph.pdf, id=587, 250.9375
pt x 154.5775pt>
File: classbannerflow__app_1_1models_1_1Banner__inherit__graph.pdf Graphic file
 (type pdf)
<use classbannerflow__app_1_1models_1_1Banner__inherit__graph.pdf>
Package pdftex.def Info: classbannerflow__app_1_1models_1_1Banner__inherit__gra
ph.pdf  used on input line 10.
(pdftex.def)             Requested size: 250.0pt x 154.00865pt.
 <./classbannerflow__app_1_1models_1_1Banner__coll__graph.pdf>
<classbannerflow__app_1_1models_1_1Banner__coll__graph.pdf, id=602, 250.9375pt 
x 154.5775pt>
File: classbannerflow__app_1_1models_1_1Banner__coll__graph.pdf Graphic file (t
ype pdf)
<use classbannerflow__app_1_1models_1_1Banner__coll__graph.pdf>
Package pdftex.def Info: classbannerflow__app_1_1models_1_1Banner__coll__graph.
pdf  used on input line 20.
(pdftex.def)             Requested size: 250.0pt x 154.00865pt.


[26]
Underfull \hbox (badness 10000) in paragraph at lines 78--79
\T1/pcr/m/n/8 bannerflow[]_[]app.[]models.[]Banner.[]campaign = models.[]Foreig
n[]Key([], on[]_[]delete=models.[]CASCADE,
 []



[27]
Overfull \hbox (15.15619pt too wide) in paragraph at lines 90--91
\T1/pcr/m/n/8 bannerflow[]_[]app.[]models.[]Banner.[]is[]_[]active = models.[]B
oolean[]Field(default=True, verbose[]_[]name="Aktiven")
 []


Overfull \hbox (29.5562pt too wide) in paragraph at lines 112--113
\T1/pcr/m/n/8 bannerflow[]_[]app.[]models.[]Banner.[]media[]_[]type = models.[]
Char[]Field(max[]_[]length=10, choices=[],
 []


Underfull \hbox (badness 10000) in paragraph at lines 132--133
\T1/pcr/m/n/8 bannerflow[]_[]app.[]models.[]Banner.[]title = models.[]Char[]Fie
ld(max[]_[]length=255, verbose[]_[]name="Nazvanie
 []

) (./classbannerflow__app_1_1admin_1_1BannerAdmin.tex <./classbannerflow__app_1
_1admin_1_1BannerAdmin__inherit__graph.pdf>
<classbannerflow__app_1_1admin_1_1BannerAdmin__inherit__graph.pdf, id=672, 245.
91875pt x 165.61874pt>
File: classbannerflow__app_1_1admin_1_1BannerAdmin__inherit__graph.pdf Graphic 
file (type pdf)
<use classbannerflow__app_1_1admin_1_1BannerAdmin__inherit__graph.pdf>
Package pdftex.def Info: classbannerflow__app_1_1admin_1_1BannerAdmin__inherit_
_graph.pdf  used on input line 10.
(pdftex.def)             Requested size: 245.0pt x 165.00676pt.


[28] <./classbannerflow__app_1_1admin_1_1BannerAdmin__coll__graph.pdf>
<classbannerflow__app_1_1admin_1_1BannerAdmin__coll__graph.pdf, id=700, 245.918
75pt x 165.61874pt>
File: classbannerflow__app_1_1admin_1_1BannerAdmin__coll__graph.pdf Graphic fil
e (type pdf)
<use classbannerflow__app_1_1admin_1_1BannerAdmin__coll__graph.pdf>
Package pdftex.def Info: classbannerflow__app_1_1admin_1_1BannerAdmin__coll__gr
aph.pdf  used on input line 20.
(pdftex.def)             Requested size: 245.0pt x 165.00676pt.

Underfull \hbox (badness 10000) in paragraph at lines 41--42
\T1/pcr/m/n/8 tuple bannerflow[]_[]app.[]admin.[]Banner[]Admin.[]list[]_[]displ
ay = (\TS1/pcr/m/n/8 '\T1/pcr/m/n/8 title\TS1/pcr/m/n/8 '\T1/pcr/m/n/8 , \TS1/p
cr/m/n/8 '\T1/pcr/m/n/8 campaign\TS1/pcr/m/n/8 '\T1/pcr/m/n/8 , \TS1/pcr/m/n/8 
'\T1/pcr/m/n/8 media[]_[]type\TS1/pcr/m/n/8 '\T1/pcr/m/n/8 ,
 []



[29]
Underfull \hbox (badness 10000) in paragraph at lines 47--48
\T1/pcr/m/n/8 tuple bannerflow[]_[]app.[]admin.[]Banner[]Admin.[]list[]_[]filte
r = (\TS1/pcr/m/n/8 '\T1/pcr/m/n/8 media[]_[]type\TS1/pcr/m/n/8 '\T1/pcr/m/n/8 
, \TS1/pcr/m/n/8 '\T1/pcr/m/n/8 is[]_[]active\TS1/pcr/m/n/8 '\T1/pcr/m/n/8 , \T
S1/pcr/m/n/8 '\T1/pcr/m/n/8 created[]_[]at\TS1/pcr/m/n/8 '\T1/pcr/m/n/8 )
 []

) (./classbannerflow__app_1_1banner__generator_1_1BannerGenerator.tex

[30]) (./classbannerflow__app_1_1services_1_1BannerService.tex)
(./classbannerflow__app_1_1models_1_1BannerTemplate.tex <./classbannerflow__app
_1_1models_1_1BannerTemplate__inherit__graph.pdf>
<classbannerflow__app_1_1models_1_1BannerTemplate__inherit__graph.pdf, id=760, 
250.9375pt x 165.61874pt>
File: classbannerflow__app_1_1models_1_1BannerTemplate__inherit__graph.pdf Grap
hic file (type pdf)
<use classbannerflow__app_1_1models_1_1BannerTemplate__inherit__graph.pdf>
Package pdftex.def Info: classbannerflow__app_1_1models_1_1BannerTemplate__inhe
rit__graph.pdf  used on input line 10.
(pdftex.def)             Requested size: 250.0pt x 165.00928pt.


[31] <./classbannerflow__app_1_1models_1_1BannerTemplate__coll__graph.pdf>
<classbannerflow__app_1_1models_1_1BannerTemplate__coll__graph.pdf, id=788, 250
.9375pt x 165.61874pt>
File: classbannerflow__app_1_1models_1_1BannerTemplate__coll__graph.pdf Graphic
 file (type pdf)
<use classbannerflow__app_1_1models_1_1BannerTemplate__coll__graph.pdf>
Package pdftex.def Info: classbannerflow__app_1_1models_1_1BannerTemplate__coll
__graph.pdf  used on input line 20.
(pdftex.def)             Requested size: 250.0pt x 165.00928pt.

Underfull \hbox (badness 10000) in paragraph at lines 40--42
[][] \T1/phv/m/n/10 = models.[]Char[]Field(max[]_[]length=20, choices=[], de-fa
ult=\TS1/phv/m/n/10 '\T1/phv/m/n/10 custom\TS1/phv/m/n/10 '\T1/phv/m/n/10 ,
 []



[32]
Underfull \hbox (badness 10000) in paragraph at lines 76--77
\T1/pcr/m/n/8 bannerflow[]_[]app.[]models.[]Banner[]Template.[]created[]_[]at =
 models.[]Date[]Time[]Field(auto[]_[]now[]_[]add=True)
 []


Underfull \hbox (badness 10000) in paragraph at lines 82--83
\T1/pcr/m/n/8 bannerflow[]_[]app.[]models.[]Banner[]Template.[]css[]_[]styles =
 models.[]Text[]Field(verbose[]_[]name="CSS stili")
 []


Underfull \hbox (badness 10000) in paragraph at lines 88--89
\T1/pcr/m/n/8 bannerflow[]_[]app.[]models.[]Banner[]Template.[]height = models.
[]Integer[]Field(default=250, verbose[]_[]
 []


Overfull \hbox (15.15619pt too wide) in paragraph at lines 94--95
\T1/pcr/m/n/8 bannerflow[]_[]app.[]models.[]Banner[]Template.[]html[]_[]templat
e = models.[]Text[]Field(verbose[]_[]name="HTML shablon",
 []


Underfull \hbox (badness 10000) in paragraph at lines 100--101
\T1/pcr/m/n/8 bannerflow[]_[]app.[]models.[]Banner[]Template.[]javascript = mod
els.[]Text[]Field(verbose[]_[]name="Java[]Script
 []


Overfull \hbox (19.95619pt too wide) in paragraph at lines 106--107
\T1/pcr/m/n/8 bannerflow[]_[]app.[]models.[]Banner[]Template.[]name = models.[]
Char[]Field(max[]_[]length=100, verbose[]_[]name="Nazvanie
 []


Overfull \hbox (39.1562pt too wide) in paragraph at lines 112--113
\T1/pcr/m/n/8 bannerflow[]_[]app.[]models.[]Banner[]Template.[]preview[]_[]imag
e = models.[]Image[]Field(upload[]_[]to=\TS1/pcr/m/n/8 '\T1/pcr/m/n/8 templates
/previews/\TS1/pcr/m/n/8 '\T1/pcr/m/n/8 ,
 []



[33]
Overfull \hbox (63.15622pt too wide) in paragraph at lines 118--119
\T1/pcr/m/n/8 bannerflow[]_[]app.[]models.[]Banner[]Template.[]template[]_[]typ
e = models.[]Char[]Field(max[]_[]length=20, choices=[],
 []


Overfull \hbox (19.95619pt too wide) in paragraph at lines 140--141
\T1/pcr/m/n/8 bannerflow[]_[]app.[]models.[]Banner[]Template.[]width = models.[
]Integer[]Field(default=300, verbose[]_[]name="Shirina
 []

) (./classbannerflow__app_1_1admin_1_1BannerTemplateAdmin.tex <./classbannerflo
w__app_1_1admin_1_1BannerTemplateAdmin__inherit__graph.pdf>
<classbannerflow__app_1_1admin_1_1BannerTemplateAdmin__inherit__graph.pdf, id=8
53, 245.91875pt x 165.61874pt>
File: classbannerflow__app_1_1admin_1_1BannerTemplateAdmin__inherit__graph.pdf 
Graphic file (type pdf)
<use classbannerflow__app_1_1admin_1_1BannerTemplateAdmin__inherit__graph.pdf>
Package pdftex.def Info: classbannerflow__app_1_1admin_1_1BannerTemplateAdmin__
inherit__graph.pdf  used on input line 10.
(pdftex.def)             Requested size: 245.0pt x 165.00676pt.
 <./classbannerflow__app_1_1admin_1_1BannerTemplateAdmin__coll__graph.pdf>
<classbannerflow__app_1_1admin_1_1BannerTemplateAdmin__coll__graph.pdf, id=869,
 245.91875pt x 165.61874pt>
File: classbannerflow__app_1_1admin_1_1BannerTemplateAdmin__coll__graph.pdf Gra
phic file (type pdf)
<use classbannerflow__app_1_1admin_1_1BannerTemplateAdmin__coll__graph.pdf>
Package pdftex.def Info: classbannerflow__app_1_1admin_1_1BannerTemplateAdmin__
coll__graph.pdf  used on input line 20.
(pdftex.def)             Requested size: 245.0pt x 165.00676pt.


[34]
Underfull \hbox (badness 10000) in paragraph at lines 45--46
\T1/pcr/m/n/8 tuple bannerflow[]_[]app.[]admin.[]Banner[]Template[]Admin.[]list
[]_[]filter = (\TS1/pcr/m/n/8 '\T1/pcr/m/n/8 template[]_[]type\TS1/pcr/m/n/8 '\
T1/pcr/m/n/8 , \TS1/pcr/m/n/8 '\T1/pcr/m/n/8 created[]_[]at\TS1/pcr/m/n/8 '\T1/
pcr/m/n/8 )
 []

) (./classbannerflow__app_1_1models_1_1Campaign.tex <./classbannerflow__app_1_1
models_1_1Campaign__inherit__graph.pdf>
<classbannerflow__app_1_1models_1_1Campaign__inherit__graph.pdf, id=900, 265.99
374pt x 154.5775pt>
File: classbannerflow__app_1_1models_1_1Campaign__inherit__graph.pdf Graphic fi
le (type pdf)
<use classbannerflow__app_1_1models_1_1Campaign__inherit__graph.pdf>
Package pdftex.def Info: classbannerflow__app_1_1models_1_1Campaign__inherit__g
raph.pdf  used on input line 10.
(pdftex.def)             Requested size: 265.0pt x 154.01338pt.


[35] <./classbannerflow__app_1_1models_1_1Campaign__coll__graph.pdf>
<classbannerflow__app_1_1models_1_1Campaign__coll__graph.pdf, id=930, 265.99374
pt x 154.5775pt>
File: classbannerflow__app_1_1models_1_1Campaign__coll__graph.pdf Graphic file 
(type pdf)
<use classbannerflow__app_1_1models_1_1Campaign__coll__graph.pdf>
Package pdftex.def Info: classbannerflow__app_1_1models_1_1Campaign__coll__grap
h.pdf  used on input line 20.
(pdftex.def)             Requested size: 265.0pt x 154.01338pt.

Underfull \hbox (badness 4940) in paragraph at lines 51--53
[][] \T1/phv/m/n/10 = models.[]Char[]Field(max[]_[]length=20, choices=[], de-fa
ult=\TS1/phv/m/n/10 '\T1/phv/m/n/10 draft\TS1/phv/m/n/10 '\T1/phv/m/n/10 , verb
ose[]_[]
 []



[36]
Underfull \hbox (badness 10000) in paragraph at lines 130--131
\T1/pcr/m/n/8 bannerflow[]_[]app.[]models.[]Campaign.[]created[]_[]by = models.
[]Foreign[]Key(User, on[]_[]delete=models.[]CASCADE,
 []



[37]
Underfull \hbox (badness 10000) in paragraph at lines 136--137
\T1/pcr/m/n/8 bannerflow[]_[]app.[]models.[]Campaign.[]end[]_[]date = models.[]
Date[]Time[]Field(default=timezone.[]now, verbose[]
 []


Underfull \hbox (badness 10000) in paragraph at lines 142--143
\T1/pcr/m/n/8 bannerflow[]_[]app.[]models.[]Campaign.[]is[]_[]ab[]_[]test = mod
els.[]Boolean[]Field(default=False, verbose[]_[]
 []


Underfull \hbox (badness 10000) in paragraph at lines 148--149
\T1/pcr/m/n/8 bannerflow[]_[]app.[]models.[]Campaign.[]name = models.[]Char[]Fi
eld(max[]_[]length=255, verbose[]_[]name="Nazvanie
 []



[38]) (./classbannerflow__app_1_1admin_1_1CampaignAdmin.tex <./classbannerflow_
_app_1_1admin_1_1CampaignAdmin__inherit__graph.pdf>
<classbannerflow__app_1_1admin_1_1CampaignAdmin__inherit__graph.pdf, id=1017, 2
60.975pt x 165.61874pt>
File: classbannerflow__app_1_1admin_1_1CampaignAdmin__inherit__graph.pdf Graphi
c file (type pdf)
<use classbannerflow__app_1_1admin_1_1CampaignAdmin__inherit__graph.pdf>
Package pdftex.def Info: classbannerflow__app_1_1admin_1_1CampaignAdmin__inheri
t__graph.pdf  used on input line 10.
(pdftex.def)             Requested size: 260.0pt x 165.00171pt.


[39] <./classbannerflow__app_1_1admin_1_1CampaignAdmin__coll__graph.pdf>
<classbannerflow__app_1_1admin_1_1CampaignAdmin__coll__graph.pdf, id=1042, 260.
975pt x 165.61874pt>
File: classbannerflow__app_1_1admin_1_1CampaignAdmin__coll__graph.pdf Graphic f
ile (type pdf)
<use classbannerflow__app_1_1admin_1_1CampaignAdmin__coll__graph.pdf>
Package pdftex.def Info: classbannerflow__app_1_1admin_1_1CampaignAdmin__coll__
graph.pdf  used on input line 20.
(pdftex.def)             Requested size: 260.0pt x 165.00171pt.

Underfull \hbox (badness 1424) in paragraph at lines 35--37
[]\T1/phv/m/n/10 tuple [] = (\TS1/phv/m/n/10 '\T1/phv/m/n/10 name\TS1/phv/m/n/1
0 '\T1/phv/m/n/10 , \TS1/phv/m/n/10 '\T1/phv/m/n/10 bud-get\TS1/phv/m/n/10 '\T1
/phv/m/n/10 , \TS1/phv/m/n/10 '\T1/phv/m/n/10 start[]_[]date\TS1/phv/m/n/10 '\T
1/phv/m/n/10 , \TS1/phv/m/n/10 '\T1/phv/m/n/10 end[]_[]date\TS1/phv/m/n/10 '\T1
/phv/m/n/10 , \TS1/phv/m/n/10 '\T1/phv/m/n/10 sta-tus\TS1/phv/m/n/10 '\T1/phv/m
/n/10 , \TS1/phv/m/n/10 '\T1/phv/m/n/10 target[]_[]platform\TS1/phv/m/n/10 '\T1
/phv/m/n/10 , \TS1/phv/m/n/10 '\T1/phv/m/n/10 created[]_[]by\TS1/phv/m/n/10 '\T
1/phv/m/n/10 ,
 []



[40]
Underfull \hbox (badness 10000) in paragraph at lines 77--78
\T1/pcr/m/n/8 list bannerflow[]_[]app.[]admin.[]Campaign[]Admin.[]actions = []\
TS1/pcr/m/n/8 '[]'\T1/pcr/m/n/8 , \TS1/pcr/m/n/8 '[]'\T1/pcr/m/n/8 ,
 []


Underfull \hbox (badness 10000) in paragraph at lines 113--114
\T1/pcr/m/n/8 tuple bannerflow[]_[]app.[]admin.[]Campaign[]Admin.[]list[]_[]fil
ter = (\TS1/pcr/m/n/8 '\T1/pcr/m/n/8 status\TS1/pcr/m/n/8 '\T1/pcr/m/n/8 , \TS1
/pcr/m/n/8 '\T1/pcr/m/n/8 target[]_[]platform\TS1/pcr/m/n/8 '\T1/pcr/m/n/8 , \T
S1/pcr/m/n/8 '\T1/pcr/m/n/8 is[]_[]ab[]_[]
 []



[41]) (./classbannerflow__app_1_1models_1_1CampaignStatistics.tex <./classbanne
rflow__app_1_1models_1_1CampaignStatistics__inherit__graph.pdf>
<classbannerflow__app_1_1models_1_1CampaignStatistics__inherit__graph.pdf, id=1
108, 265.99374pt x 165.61874pt>
File: classbannerflow__app_1_1models_1_1CampaignStatistics__inherit__graph.pdf 
Graphic file (type pdf)
<use classbannerflow__app_1_1models_1_1CampaignStatistics__inherit__graph.pdf>
Package pdftex.def Info: classbannerflow__app_1_1models_1_1CampaignStatistics__
inherit__graph.pdf  used on input line 10.
(pdftex.def)             Requested size: 265.0pt x 165.01434pt.
 <./classbannerflow__app_1_1models_1_1CampaignStatistics__coll__graph.pdf>
<classbannerflow__app_1_1models_1_1CampaignStatistics__coll__graph.pdf, id=1123
, 265.99374pt x 165.61874pt>
File: classbannerflow__app_1_1models_1_1CampaignStatistics__coll__graph.pdf Gra
phic file (type pdf)
<use classbannerflow__app_1_1models_1_1CampaignStatistics__coll__graph.pdf>
Package pdftex.def Info: classbannerflow__app_1_1models_1_1CampaignStatistics__
coll__graph.pdf  used on input line 20.
(pdftex.def)             Requested size: 265.0pt x 165.01434pt.


[42]
Overfull \hbox (19.33769pt too wide) in paragraph at lines 71--72
\T1/pcr/m/n/8 bannerflow[]_[]app.[]models.[]Campaign[]Statistics.[]campaign = m
odels.[]Foreign[]Key([], on[]_[]delete=models.[]
 []


Underfull \hbox (badness 10000) in paragraph at lines 77--78
\T1/pcr/m/n/8 bannerflow[]_[]app.[]models.[]Campaign[]Statistics.[]clicks = mod
els.[]Integer[]Field(default=0, verbose[]_[]
 []



[43]) (./classbannerflow__app_1_1admin_1_1CampaignStatisticsAdmin.tex <./classb
annerflow__app_1_1admin_1_1CampaignStatisticsAdmin__inherit__graph.pdf>
<classbannerflow__app_1_1admin_1_1CampaignStatisticsAdmin__inherit__graph.pdf, 
id=1179, 260.975pt x 165.61874pt>
File: classbannerflow__app_1_1admin_1_1CampaignStatisticsAdmin__inherit__graph.
pdf Graphic file (type pdf)
<use classbannerflow__app_1_1admin_1_1CampaignStatisticsAdmin__inherit__graph.p
df>
Package pdftex.def Info: classbannerflow__app_1_1admin_1_1CampaignStatisticsAdm
in__inherit__graph.pdf  used on input line 10.
(pdftex.def)             Requested size: 260.0pt x 165.00171pt.
 <./classbannerflow__app_1_1admin_1_1CampaignStatisticsAdmin__coll__graph.pdf>
<classbannerflow__app_1_1admin_1_1CampaignStatisticsAdmin__coll__graph.pdf, id=
1194, 260.975pt x 165.61874pt>
File: classbannerflow__app_1_1admin_1_1CampaignStatisticsAdmin__coll__graph.pdf
 Graphic file (type pdf)
<use classbannerflow__app_1_1admin_1_1CampaignStatisticsAdmin__coll__graph.pdf>

Package pdftex.def Info: classbannerflow__app_1_1admin_1_1CampaignStatisticsAdm
in__coll__graph.pdf  used on input line 20.
(pdftex.def)             Requested size: 260.0pt x 165.00171pt.


[44]
Overfull \hbox (29.5562pt too wide) in paragraph at lines 41--42
\T1/pcr/m/n/8 tuple bannerflow[]_[]app.[]admin.[]Campaign[]Statistics[]Admin.[]
list[]_[]display = (\TS1/pcr/m/n/8 '\T1/pcr/m/n/8 campaign\TS1/pcr/m/n/8 '\T1/p
cr/m/n/8 , \TS1/pcr/m/n/8 '\T1/pcr/m/n/8 date\TS1/pcr/m/n/8 '\T1/pcr/m/n/8 , \T
S1/pcr/m/n/8 '\T1/pcr/m/n/8 impressions\TS1/pcr/m/n/8 '\T1/pcr/m/n/8 ,
 []

) (./classbannerflow__app_1_1admin_1_1CustomUserAdmin.tex <./classbannerflow__a
pp_1_1admin_1_1CustomUserAdmin__inherit__graph.pdf>
<classbannerflow__app_1_1admin_1_1CustomUserAdmin__inherit__graph.pdf, id=1228,
 248.93pt x 165.61874pt>
File: classbannerflow__app_1_1admin_1_1CustomUserAdmin__inherit__graph.pdf Grap
hic file (type pdf)
<use classbannerflow__app_1_1admin_1_1CustomUserAdmin__inherit__graph.pdf>
Package pdftex.def Info: classbannerflow__app_1_1admin_1_1CustomUserAdmin__inhe
rit__graph.pdf  used on input line 10.
(pdftex.def)             Requested size: 248.0pt x 165.00423pt.


[45] <./classbannerflow__app_1_1admin_1_1CustomUserAdmin__coll__graph.pdf>
<classbannerflow__app_1_1admin_1_1CustomUserAdmin__coll__graph.pdf, id=1259, 24
8.93pt x 165.61874pt>
File: classbannerflow__app_1_1admin_1_1CustomUserAdmin__coll__graph.pdf Graphic
 file (type pdf)
<use classbannerflow__app_1_1admin_1_1CustomUserAdmin__coll__graph.pdf>
Package pdftex.def Info: classbannerflow__app_1_1admin_1_1CustomUserAdmin__coll
__graph.pdf  used on input line 20.
(pdftex.def)             Requested size: 248.0pt x 165.00423pt.
)
(./classbannerflow__app_1_1models_1_1GameData.tex <./classbannerflow__app_1_1mo
dels_1_1GameData__inherit__graph.pdf>
<classbannerflow__app_1_1models_1_1GameData__inherit__graph.pdf, id=1278, 269.0
05pt x 154.5775pt>
File: classbannerflow__app_1_1models_1_1GameData__inherit__graph.pdf Graphic fi
le (type pdf)
<use classbannerflow__app_1_1models_1_1GameData__inherit__graph.pdf>
Package pdftex.def Info: classbannerflow__app_1_1models_1_1GameData__inherit__g
raph.pdf  used on input line 10.
(pdftex.def)             Requested size: 268.0pt x 154.00159pt.


[46] <./classbannerflow__app_1_1models_1_1GameData__coll__graph.pdf>
<classbannerflow__app_1_1models_1_1GameData__coll__graph.pdf, id=1305, 269.005p
t x 154.5775pt>
File: classbannerflow__app_1_1models_1_1GameData__coll__graph.pdf Graphic file 
(type pdf)
<use classbannerflow__app_1_1models_1_1GameData__coll__graph.pdf>
Package pdftex.def Info: classbannerflow__app_1_1models_1_1GameData__coll__grap
h.pdf  used on input line 20.
(pdftex.def)             Requested size: 268.0pt x 154.00159pt.

Underfull \hbox (badness 963) in paragraph at lines 40--42
[][] \T1/phv/m/n/10 = models.[]Char[]Field(max[]_[]length=20, choices=[], de-fa
ult=\TS1/phv/m/n/10 '\T1/phv/m/n/10 custom\TS1/phv/m/n/10 '\T1/phv/m/n/10 , ver
bose[]_[]
 []



[47]
Overfull \hbox (48.75621pt too wide) in paragraph at lines 76--77
\T1/pcr/m/n/8 bannerflow[]_[]app.[]models.[]Game[]Data.[]achievements = models.
[]JSONField(default=list, verbose[]_[]name="Dostizheniya")
 []


Underfull \hbox (badness 10000) in paragraph at lines 82--83
\T1/pcr/m/n/8 bannerflow[]_[]app.[]models.[]Game[]Data.[]data[]_[]file = models
.[]File[]Field(upload[]_[]to=\TS1/pcr/m/n/8 '\T1/pcr/m/n/8 game[]_[]data/\TS1/p
cr/m/n/8 '\T1/pcr/m/n/8 , verbose[]_[]
 []


Overfull \hbox (15.15619pt too wide) in paragraph at lines 88--89
\T1/pcr/m/n/8 bannerflow[]_[]app.[]models.[]Game[]Data.[]game[]_[]name = models
.[]Char[]Field(max[]_[]length=100, verbose[]_[]name="Nazvanie
 []


Underfull \hbox (badness 10000) in paragraph at lines 94--95
\T1/pcr/m/n/8 bannerflow[]_[]app.[]models.[]Game[]Data.[]game[]_[]type = models
.[]Char[]Field(max[]_[]length=20, choices=[],
 []


Underfull \hbox (badness 10000) in paragraph at lines 123--124
\T1/pcr/m/n/8 bannerflow[]_[]app.[]models.[]Game[]Data.[]level = models.[]Integ
er[]Field(default=1, verbose[]_[]name="Uroven")
 []


Underfull \hbox (badness 10000) in paragraph at lines 129--130
\T1/pcr/m/n/8 bannerflow[]_[]app.[]models.[]Game[]Data.[]play[]_[]time = models
.[]Integer[]Field(default=0, verbose[]_[]name="Vremya
 []



[48]
Underfull \hbox (badness 10000) in paragraph at lines 141--142
\T1/pcr/m/n/8 bannerflow[]_[]app.[]models.[]Game[]Data.[]score = models.[]Integ
er[]Field(default=0, verbose[]_[]name="Schet")
 []

) (./classbannerflow__app_1_1admin_1_1GameDataAdmin.tex <./classbannerflow__app
_1_1admin_1_1GameDataAdmin__inherit__graph.pdf>
<classbannerflow__app_1_1admin_1_1GameDataAdmin__inherit__graph.pdf, id=1372, 2
40.9pt x 165.61874pt>
File: classbannerflow__app_1_1admin_1_1GameDataAdmin__inherit__graph.pdf Graphi
c file (type pdf)
<use classbannerflow__app_1_1admin_1_1GameDataAdmin__inherit__graph.pdf>
Package pdftex.def Info: classbannerflow__app_1_1admin_1_1GameDataAdmin__inheri
t__graph.pdf  used on input line 10.
(pdftex.def)             Requested size: 240.0pt x 165.00423pt.
 <./classbannerflow__app_1_1admin_1_1GameDataAdmin__coll__graph.pdf>
<classbannerflow__app_1_1admin_1_1GameDataAdmin__coll__graph.pdf, id=1387, 240.
9pt x 165.61874pt>
File: classbannerflow__app_1_1admin_1_1GameDataAdmin__coll__graph.pdf Graphic f
ile (type pdf)
<use classbannerflow__app_1_1admin_1_1GameDataAdmin__coll__graph.pdf>
Package pdftex.def Info: classbannerflow__app_1_1admin_1_1GameDataAdmin__coll__
graph.pdf  used on input line 20.
(pdftex.def)             Requested size: 240.0pt x 165.00423pt.


[49]
Underfull \hbox (badness 10000) in paragraph at lines 39--40
\T1/pcr/m/n/8 tuple bannerflow[]_[]app.[]admin.[]Game[]Data[]Admin.[]list[]_[]d
isplay = (\TS1/pcr/m/n/8 '\T1/pcr/m/n/8 game[]_[]name\TS1/pcr/m/n/8 '\T1/pcr/m/
n/8 , \TS1/pcr/m/n/8 '\T1/pcr/m/n/8 player[]_[]name\TS1/pcr/m/n/8 '\T1/pcr/m/n/
8 , \TS1/pcr/m/n/8 '\T1/pcr/m/n/8 score\TS1/pcr/m/n/8 '\T1/pcr/m/n/8 ,
 []

) (./classbannerflow__app_1_1models_1_1GeneratedBanner.tex <./classbannerflow__
app_1_1models_1_1GeneratedBanner__inherit__graph.pdf>
<classbannerflow__app_1_1models_1_1GeneratedBanner__inherit__graph.pdf, id=1418
, 268.00125pt x 165.61874pt>
File: classbannerflow__app_1_1models_1_1GeneratedBanner__inherit__graph.pdf Gra
phic file (type pdf)
<use classbannerflow__app_1_1models_1_1GeneratedBanner__inherit__graph.pdf>
Package pdftex.def Info: classbannerflow__app_1_1models_1_1GeneratedBanner__inh
erit__graph.pdf  used on input line 10.
(pdftex.def)             Requested size: 267.0pt x 164.99918pt.


[50] <./classbannerflow__app_1_1models_1_1GeneratedBanner__coll__graph.pdf>
<classbannerflow__app_1_1models_1_1GeneratedBanner__coll__graph.pdf, id=1447, 2
68.00125pt x 165.61874pt>
File: classbannerflow__app_1_1models_1_1GeneratedBanner__coll__graph.pdf Graphi
c file (type pdf)
<use classbannerflow__app_1_1models_1_1GeneratedBanner__coll__graph.pdf>
Package pdftex.def Info: classbannerflow__app_1_1models_1_1GeneratedBanner__col
l__graph.pdf  used on input line 20.
(pdftex.def)             Requested size: 267.0pt x 164.99918pt.

Underfull \hbox (badness 1960) in paragraph at lines 44--46
[][] \T1/phv/m/n/10 = models.[]File[]Field(upload[]_[]to=\TS1/phv/m/n/10 '\T1/p
hv/m/n/10 exports/godot/\TS1/phv/m/n/10 '\T1/phv/m/n/10 , blank=True, verbose[]
_[]name="Eksport dlya
 []



[51]
Underfull \hbox (badness 10000) in paragraph at lines 70--71
\T1/pcr/m/n/8 bannerflow[]_[]app.[]models.[]Generated[]Banner.[]created[]_[]at 
= models.[]Date[]Time[]Field(auto[]_[]now[]_[]add=True)
 []


Overfull \hbox (34.3562pt too wide) in paragraph at lines 88--89
\T1/pcr/m/n/8 bannerflow[]_[]app.[]models.[]Generated[]Banner.[]html[]_[]conten
t = models.[]Text[]Field(verbose[]_[]name="HTML soderzhimoe")
 []


Overfull \hbox (24.7562pt too wide) in paragraph at lines 94--95
\T1/pcr/m/n/8 bannerflow[]_[]app.[]models.[]Generated[]Banner.[]name = models.[
]Char[]Field(max[]_[]length=100, verbose[]_[]name="Nazvanie
 []


Underfull \hbox (badness 10000) in paragraph at lines 100--101
\T1/pcr/m/n/8 bannerflow[]_[]app.[]models.[]Generated[]Banner.[]preview[]_[]url
 = models.[]URLField(blank=True, verbose[]_[]
 []


Overfull \hbox (33.7377pt too wide) in paragraph at lines 106--107
\T1/pcr/m/n/8 bannerflow[]_[]app.[]models.[]Generated[]Banner.[]template = mode
ls.[]Foreign[]Key([], on[]_[]delete=models.[]
 []

) (./classbannerflow__app_1_1admin_1_1GeneratedBannerAdmin.tex <./classbannerfl
ow__app_1_1admin_1_1GeneratedBannerAdmin__inherit__graph.pdf>
<classbannerflow__app_1_1admin_1_1GeneratedBannerAdmin__inherit__graph.pdf, id=
1496, 262.9825pt x 165.61874pt>
File: classbannerflow__app_1_1admin_1_1GeneratedBannerAdmin__inherit__graph.pdf
 Graphic file (type pdf)
<use classbannerflow__app_1_1admin_1_1GeneratedBannerAdmin__inherit__graph.pdf>

Package pdftex.def Info: classbannerflow__app_1_1admin_1_1GeneratedBannerAdmin_
_inherit__graph.pdf  used on input line 10.
(pdftex.def)             Requested size: 262.0pt x 165.00676pt.


[52] <./classbannerflow__app_1_1admin_1_1GeneratedBannerAdmin__coll__graph.pdf>
<classbannerflow__app_1_1admin_1_1GeneratedBannerAdmin__coll__graph.pdf, id=152
5, 262.9825pt x 165.61874pt>
File: classbannerflow__app_1_1admin_1_1GeneratedBannerAdmin__coll__graph.pdf Gr
aphic file (type pdf)
<use classbannerflow__app_1_1admin_1_1GeneratedBannerAdmin__coll__graph.pdf>
Package pdftex.def Info: classbannerflow__app_1_1admin_1_1GeneratedBannerAdmin_
_coll__graph.pdf  used on input line 20.
(pdftex.def)             Requested size: 262.0pt x 165.00676pt.

Underfull \hbox (badness 10000) in paragraph at lines 41--42
\T1/pcr/m/n/8 tuple bannerflow[]_[]app.[]admin.[]Generated[]Banner[]Admin.[]lis
t[]_[]display = (\TS1/pcr/m/n/8 '\T1/pcr/m/n/8 name\TS1/pcr/m/n/8 '\T1/pcr/m/n/
8 , \TS1/pcr/m/n/8 '\T1/pcr/m/n/8 template\TS1/pcr/m/n/8 '\T1/pcr/m/n/8 , \TS1/
pcr/m/n/8 '\T1/pcr/m/n/8 game[]_[]
 []



[53]
Underfull \hbox (badness 10000) in paragraph at lines 53--54
\T1/pcr/m/n/8 tuple bannerflow[]_[]app.[]admin.[]Generated[]Banner[]Admin.[]rea
donly[]_[]fields = (\TS1/pcr/m/n/8 '\T1/pcr/m/n/8 created[]_[]at\TS1/pcr/m/n/8 
'\T1/pcr/m/n/8 , \TS1/pcr/m/n/8 '\T1/pcr/m/n/8 preview[]_[]
 []

) (./classbannerflow__app_1_1models_1_1BannerTemplate_1_1Meta.tex)
(./classbannerflow__app_1_1models_1_1CampaignStatistics_1_1Meta.tex

[54]
Underfull \hbox (badness 10000) in paragraph at lines 23--24
\T1/pcr/m/n/8 str bannerflow[]_[]app.[]models.[]Campaign[]Statistics.[]Meta.[]v
erbose[]_[]name[]_[]plural = "Statistika kampaniy"
 []

) (./classbannerflow__app_1_1models_1_1GameData_1_1Meta.tex)
(./classbannerflow__app_1_1models_1_1GeneratedBanner_1_1Meta.tex
Underfull \hbox (badness 10000) in paragraph at lines 23--24
\T1/pcr/m/n/8 str bannerflow[]_[]app.[]models.[]Generated[]Banner.[]Meta.[]verb
ose[]_[]name[]_[]plural = "Sgenerirovannye bannery"
 []



[55]) (./classbannerflow__app_1_1services_1_1NotificationService.tex)
(./classbannerflow__app_1_1services_1_1StatisticsService.tex

[56]) (./classbannerflow__app_1_1tests_1_1TestAPIAndServices.tex <./classbanner
flow__app_1_1tests_1_1TestAPIAndServices__inherit__graph.pdf>
<classbannerflow__app_1_1tests_1_1TestAPIAndServices__inherit__graph.pdf, id=16
29, 223.83624pt x 165.61874pt>
File: classbannerflow__app_1_1tests_1_1TestAPIAndServices__inherit__graph.pdf G
raphic file (type pdf)
<use classbannerflow__app_1_1tests_1_1TestAPIAndServices__inherit__graph.pdf>
Package pdftex.def Info: classbannerflow__app_1_1tests_1_1TestAPIAndServices__i
nherit__graph.pdf  used on input line 10.
(pdftex.def)             Requested size: 223.0pt x 165.00423pt.
 <./classbannerflow__app_1_1tests_1_1TestAPIAndServices__coll__graph.pdf>
<classbannerflow__app_1_1tests_1_1TestAPIAndServices__coll__graph.pdf, id=1644,
 223.83624pt x 165.61874pt>
File: classbannerflow__app_1_1tests_1_1TestAPIAndServices__coll__graph.pdf Grap
hic file (type pdf)
<use classbannerflow__app_1_1tests_1_1TestAPIAndServices__coll__graph.pdf>
Package pdftex.def Info: classbannerflow__app_1_1tests_1_1TestAPIAndServices__c
oll__graph.pdf  used on input line 20.
(pdftex.def)             Requested size: 223.0pt x 165.00423pt.


[57]

[58]) (./classbannerflow__app_1_1tests_1_1TestBannerGenerator.tex <./classbanne
rflow__app_1_1tests_1_1TestBannerGenerator__inherit__graph.pdf>
<classbannerflow__app_1_1tests_1_1TestBannerGenerator__inherit__graph.pdf, id=1
699, 223.83624pt x 165.61874pt>
File: classbannerflow__app_1_1tests_1_1TestBannerGenerator__inherit__graph.pdf 
Graphic file (type pdf)
<use classbannerflow__app_1_1tests_1_1TestBannerGenerator__inherit__graph.pdf>
Package pdftex.def Info: classbannerflow__app_1_1tests_1_1TestBannerGenerator__
inherit__graph.pdf  used on input line 10.
(pdftex.def)             Requested size: 223.0pt x 165.00423pt.


[59] <./classbannerflow__app_1_1tests_1_1TestBannerGenerator__coll__graph.pdf>
<classbannerflow__app_1_1tests_1_1TestBannerGenerator__coll__graph.pdf, id=1728
, 223.83624pt x 165.61874pt>
File: classbannerflow__app_1_1tests_1_1TestBannerGenerator__coll__graph.pdf Gra
phic file (type pdf)
<use classbannerflow__app_1_1tests_1_1TestBannerGenerator__coll__graph.pdf>
Package pdftex.def Info: classbannerflow__app_1_1tests_1_1TestBannerGenerator__
coll__graph.pdf  used on input line 20.
(pdftex.def)             Requested size: 223.0pt x 165.00423pt.


[60]) (./classbannerflow__app_1_1tests_1_1TestBannerModel.tex <./classbannerflo
w__app_1_1tests_1_1TestBannerModel__inherit__graph.pdf>
<classbannerflow__app_1_1tests_1_1TestBannerModel__inherit__graph.pdf, id=1759,
 223.83624pt x 165.61874pt>
File: classbannerflow__app_1_1tests_1_1TestBannerModel__inherit__graph.pdf Grap
hic file (type pdf)
<use classbannerflow__app_1_1tests_1_1TestBannerModel__inherit__graph.pdf>
Package pdftex.def Info: classbannerflow__app_1_1tests_1_1TestBannerModel__inhe
rit__graph.pdf  used on input line 10.
(pdftex.def)             Requested size: 223.0pt x 165.00423pt.


[61] <./classbannerflow__app_1_1tests_1_1TestBannerModel__coll__graph.pdf>
<classbannerflow__app_1_1tests_1_1TestBannerModel__coll__graph.pdf, id=1792, 22
3.83624pt x 165.61874pt>
File: classbannerflow__app_1_1tests_1_1TestBannerModel__coll__graph.pdf Graphic
 file (type pdf)
<use classbannerflow__app_1_1tests_1_1TestBannerModel__coll__graph.pdf>
Package pdftex.def Info: classbannerflow__app_1_1tests_1_1TestBannerModel__coll
__graph.pdf  used on input line 20.
(pdftex.def)             Requested size: 223.0pt x 165.00423pt.


[62]) (./classbannerflow__app_1_1tests_1_1TestBannerTemplateModel.tex <./classb
annerflow__app_1_1tests_1_1TestBannerTemplateModel__inherit__graph.pdf>
<classbannerflow__app_1_1tests_1_1TestBannerTemplateModel__inherit__graph.pdf, 
id=1825, 223.83624pt x 165.61874pt>
File: classbannerflow__app_1_1tests_1_1TestBannerTemplateModel__inherit__graph.
pdf Graphic file (type pdf)
<use classbannerflow__app_1_1tests_1_1TestBannerTemplateModel__inherit__graph.p
df>
Package pdftex.def Info: classbannerflow__app_1_1tests_1_1TestBannerTemplateMod
el__inherit__graph.pdf  used on input line 10.
(pdftex.def)             Requested size: 223.0pt x 165.00423pt.
 <./classbannerflow__app_1_1tests_1_1TestBannerTemplateModel__coll__graph.pdf>
<classbannerflow__app_1_1tests_1_1TestBannerTemplateModel__coll__graph.pdf, id=
1840, 223.83624pt x 165.61874pt>
File: classbannerflow__app_1_1tests_1_1TestBannerTemplateModel__coll__graph.pdf
 Graphic file (type pdf)
<use classbannerflow__app_1_1tests_1_1TestBannerTemplateModel__coll__graph.pdf>

Package pdftex.def Info: classbannerflow__app_1_1tests_1_1TestBannerTemplateMod
el__coll__graph.pdf  used on input line 20.
(pdftex.def)             Requested size: 223.0pt x 165.00423pt.


[63]) (./classbannerflow__app_1_1tests_1_1TestCampaignModel.tex <./classbannerf
low__app_1_1tests_1_1TestCampaignModel__inherit__graph.pdf>
<classbannerflow__app_1_1tests_1_1TestCampaignModel__inherit__graph.pdf, id=187
1, 223.83624pt x 165.61874pt>
File: classbannerflow__app_1_1tests_1_1TestCampaignModel__inherit__graph.pdf Gr
aphic file (type pdf)
<use classbannerflow__app_1_1tests_1_1TestCampaignModel__inherit__graph.pdf>
Package pdftex.def Info: classbannerflow__app_1_1tests_1_1TestCampaignModel__in
herit__graph.pdf  used on input line 10.
(pdftex.def)             Requested size: 223.0pt x 165.00423pt.


[64] <./classbannerflow__app_1_1tests_1_1TestCampaignModel__coll__graph.pdf>
<classbannerflow__app_1_1tests_1_1TestCampaignModel__coll__graph.pdf, id=1899, 
223.83624pt x 165.61874pt>
File: classbannerflow__app_1_1tests_1_1TestCampaignModel__coll__graph.pdf Graph
ic file (type pdf)
<use classbannerflow__app_1_1tests_1_1TestCampaignModel__coll__graph.pdf>
Package pdftex.def Info: classbannerflow__app_1_1tests_1_1TestCampaignModel__co
ll__graph.pdf  used on input line 20.
(pdftex.def)             Requested size: 223.0pt x 165.00423pt.


[65]) (./classbannerflow__app_1_1tests_1_1TestGameDataModel.tex <./classbannerf
low__app_1_1tests_1_1TestGameDataModel__inherit__graph.pdf>
<classbannerflow__app_1_1tests_1_1TestGameDataModel__inherit__graph.pdf, id=193
3, 223.83624pt x 165.61874pt>
File: classbannerflow__app_1_1tests_1_1TestGameDataModel__inherit__graph.pdf Gr
aphic file (type pdf)
<use classbannerflow__app_1_1tests_1_1TestGameDataModel__inherit__graph.pdf>
Package pdftex.def Info: classbannerflow__app_1_1tests_1_1TestGameDataModel__in
herit__graph.pdf  used on input line 10.
(pdftex.def)             Requested size: 223.0pt x 165.00423pt.
 <./classbannerflow__app_1_1tests_1_1TestGameDataModel__coll__graph.pdf>
<classbannerflow__app_1_1tests_1_1TestGameDataModel__coll__graph.pdf, id=1949, 
223.83624pt x 165.61874pt>
File: classbannerflow__app_1_1tests_1_1TestGameDataModel__coll__graph.pdf Graph
ic file (type pdf)
<use classbannerflow__app_1_1tests_1_1TestGameDataModel__coll__graph.pdf>
Package pdftex.def Info: classbannerflow__app_1_1tests_1_1TestGameDataModel__co
ll__graph.pdf  used on input line 20.
(pdftex.def)             Requested size: 223.0pt x 165.00423pt.


[66]) (./classbannerflow__app_1_1tests_1_1TestNegativeScenarios.tex <./classban
nerflow__app_1_1tests_1_1TestNegativeScenarios__inherit__graph.pdf>
<classbannerflow__app_1_1tests_1_1TestNegativeScenarios__inherit__graph.pdf, id
=1978, 223.83624pt x 165.61874pt>
File: classbannerflow__app_1_1tests_1_1TestNegativeScenarios__inherit__graph.pd
f Graphic file (type pdf)
<use classbannerflow__app_1_1tests_1_1TestNegativeScenarios__inherit__graph.pdf
>
Package pdftex.def Info: classbannerflow__app_1_1tests_1_1TestNegativeScenarios
__inherit__graph.pdf  used on input line 10.
(pdftex.def)             Requested size: 223.0pt x 165.00423pt.


[67] <./classbannerflow__app_1_1tests_1_1TestNegativeScenarios__coll__graph.pdf
>
<classbannerflow__app_1_1tests_1_1TestNegativeScenarios__coll__graph.pdf, id=20
04, 223.83624pt x 165.61874pt>
File: classbannerflow__app_1_1tests_1_1TestNegativeScenarios__coll__graph.pdf G
raphic file (type pdf)
<use classbannerflow__app_1_1tests_1_1TestNegativeScenarios__coll__graph.pdf>
Package pdftex.def Info: classbannerflow__app_1_1tests_1_1TestNegativeScenarios
__coll__graph.pdf  used on input line 20.
(pdftex.def)             Requested size: 223.0pt x 165.00423pt.


[68]) (./classbannerflow__app_1_1models_1_1UserProfile.tex <./classbannerflow__
app_1_1models_1_1UserProfile__inherit__graph.pdf>
<classbannerflow__app_1_1models_1_1UserProfile__inherit__graph.pdf, id=2037, 23
8.8925pt x 165.61874pt>
File: classbannerflow__app_1_1models_1_1UserProfile__inherit__graph.pdf Graphic
 file (type pdf)
<use classbannerflow__app_1_1models_1_1UserProfile__inherit__graph.pdf>
Package pdftex.def Info: classbannerflow__app_1_1models_1_1UserProfile__inherit
__graph.pdf  used on input line 10.
(pdftex.def)             Requested size: 238.0pt x 164.99918pt.
 <./classbannerflow__app_1_1models_1_1UserProfile__coll__graph.pdf>
<classbannerflow__app_1_1models_1_1UserProfile__coll__graph.pdf, id=2052, 238.8
925pt x 165.61874pt>
File: classbannerflow__app_1_1models_1_1UserProfile__coll__graph.pdf Graphic fi
le (type pdf)
<use classbannerflow__app_1_1models_1_1UserProfile__coll__graph.pdf>
Package pdftex.def Info: classbannerflow__app_1_1models_1_1UserProfile__coll__g
raph.pdf  used on input line 20.
(pdftex.def)             Requested size: 238.0pt x 164.99918pt.


[69]
Underfull \hbox (badness 10000) in paragraph at lines 69--70
\T1/pcr/m/n/8 bannerflow[]_[]app.[]models.[]User[]Profile.[]role = models.[]Cha
r[]Field(max[]_[]length=20, choices=[],
 []



[70]
Underfull \hbox (badness 10000) in paragraph at lines 90--91
\T1/pcr/m/n/8 bannerflow[]_[]app.[]models.[]User[]Profile.[]user = models.[]One
[]To[]One[]Field(User, on[]_[]delete=models.[]CASCADE)
 []

) (./classbannerflow__app_1_1admin_1_1UserProfileAdmin.tex <./classbannerflow__
app_1_1admin_1_1UserProfileAdmin__inherit__graph.pdf>
<classbannerflow__app_1_1admin_1_1UserProfileAdmin__inherit__graph.pdf, id=2108
, 233.87375pt x 165.61874pt>
File: classbannerflow__app_1_1admin_1_1UserProfileAdmin__inherit__graph.pdf Gra
phic file (type pdf)
<use classbannerflow__app_1_1admin_1_1UserProfileAdmin__inherit__graph.pdf>
Package pdftex.def Info: classbannerflow__app_1_1admin_1_1UserProfileAdmin__inh
erit__graph.pdf  used on input line 10.
(pdftex.def)             Requested size: 233.0pt x 165.00928pt.
 <./classbannerflow__app_1_1admin_1_1UserProfileAdmin__coll__graph.pdf>
<classbannerflow__app_1_1admin_1_1UserProfileAdmin__coll__graph.pdf, id=2123, 2
33.87375pt x 165.61874pt>
File: classbannerflow__app_1_1admin_1_1UserProfileAdmin__coll__graph.pdf Graphi
c file (type pdf)
<use classbannerflow__app_1_1admin_1_1UserProfileAdmin__coll__graph.pdf>
Package pdftex.def Info: classbannerflow__app_1_1admin_1_1UserProfileAdmin__col
l__graph.pdf  used on input line 20.
(pdftex.def)             Requested size: 233.0pt x 165.00928pt.


[71]
Underfull \hbox (badness 10000) in paragraph at lines 51--52
\T1/pcr/m/n/8 tuple bannerflow[]_[]app.[]admin.[]User[]Profile[]Admin.[]search[
]_[]fields = (\TS1/pcr/m/n/8 '\T1/pcr/m/n/8 user[]_[][]_[]username\TS1/pcr/m/n/
8 '\T1/pcr/m/n/8 , \TS1/pcr/m/n/8 '\T1/pcr/m/n/8 user[]_[][]_[]email\TS1/pcr/m/
n/8 '\T1/pcr/m/n/8 ,
 []

) (./classbannerflow__app_1_1admin_1_1UserProfileInline.tex <./classbannerflow_
_app_1_1admin_1_1UserProfileInline__inherit__graph.pdf>
<classbannerflow__app_1_1admin_1_1UserProfileInline__inherit__graph.pdf, id=215
3, 233.87375pt x 165.61874pt>
File: classbannerflow__app_1_1admin_1_1UserProfileInline__inherit__graph.pdf Gr
aphic file (type pdf)
<use classbannerflow__app_1_1admin_1_1UserProfileInline__inherit__graph.pdf>
Package pdftex.def Info: classbannerflow__app_1_1admin_1_1UserProfileInline__in
herit__graph.pdf  used on input line 10.
(pdftex.def)             Requested size: 233.0pt x 165.00928pt.


[72] <./classbannerflow__app_1_1admin_1_1UserProfileInline__coll__graph.pdf>
<classbannerflow__app_1_1admin_1_1UserProfileInline__coll__graph.pdf, id=2182, 
233.87375pt x 165.61874pt>
File: classbannerflow__app_1_1admin_1_1UserProfileInline__coll__graph.pdf Graph
ic file (type pdf)
<use classbannerflow__app_1_1admin_1_1UserProfileInline__coll__graph.pdf>
Package pdftex.def Info: classbannerflow__app_1_1admin_1_1UserProfileInline__co
ll__graph.pdf  used on input line 20.
(pdftex.def)             Requested size: 233.0pt x 165.00928pt.
)

[73]

[74

]
Chapter 8.
(./admin_8py.tex) (./banner__generator_8py.tex) (./models_8py.tex

[75]) (./services_8py.tex) (./tests_8py.tex) (./views_8py.tex

[76]) (./bannerflow__app_2____init_____8py.tex)
(./bannerflow__project_2____init_____8py.tex) (./settings_8py.tex

[77]) (./bannerflow__app_2urls_8py.tex) (./bannerflow__project_2urls_8py.tex)
(./wsgi_8py.tex

[78]) (./manage_8py.tex) (./README_8md.tex)

[79]

[80

]
No file refman.ind.
(./refman.aux)
 ***********
LaTeX2e <2024-11-01> patch level 2
L3 programming layer <2025-01-18>
 ***********


LaTeX Warning: There were undefined references.


LaTeX Warning: Label(s) may have changed. Rerun to get cross-references right.


Package rerunfilecheck Warning: File `refman.out' has changed.
(rerunfilecheck)                Rerun to get outlines right
(rerunfilecheck)                or use package `bookmark'.

Package rerunfilecheck Info: Checksums for `refman.out':
(rerunfilecheck)             Before: <no file>
(rerunfilecheck)             After:  EB71D8CB3161896E52FB52FE5F1AB45E;74969.
 ) 
Here is how much of TeX's memory you used:
 20028 strings out of 475178
 387643 string characters out of 5766538
 730536 words of memory out of 5000000
 41748 multiletter control sequences out of 15000+600000
 599440 words of font info for 95 fonts, out of 8000000 for 9000
 14 hyphenation exceptions out of 8191
 101i,16n,117p,796b,648s stack positions out of 10000i,1000n,20000p,200000b,200000s
</usr/share/texlive/texmf-dist/fonts/type1/public/amsfonts/cm/cmmi7.pfb></usr
/share/texlive/texmf-dist/fonts/type1/public/amsfonts/cm/cmsy10.pfb></usr/share
/texlive/texmf-dist/fonts/type1/public/amsfonts/cm/cmsy7.pfb></usr/share/texliv
e/texmf-dist/fonts/type1/public/amsfonts/cm/cmsy8.pfb></usr/share/texlive/texmf
-dist/fonts/type1/urw/courier/ucrr8a.pfb></usr/share/texlive/texmf-dist/fonts/t
ype1/urw/courier/ucrro8a.pfb></usr/share/texlive/texmf-dist/fonts/type1/urw/hel
vetic/uhvb8a.pfb></usr/share/texlive/texmf-dist/fonts/type1/urw/helvetic/uhvr8a
.pfb>
Output written on refman.pdf (82 pages, 643836 bytes).
PDF statistics:
 2600 PDF objects out of 2984 (max. 8388607)
 2216 compressed objects within 23 object streams
 832 named destinations out of 1000 (max. 500000)
 251 words of extra memory for PDF output out of 10000 (max. 10000000)

